Archive member included because of file (symbol)

C:\Users\pinker\Desktop\Floatsat\Eclipse Luna SR1 121\Workspace\rodos\Debug_STM32F4\librodos.a(application.o)
                              ./Template.o (RODOS::Application::Application(char const*, long))
C:\Users\pinker\Desktop\Floatsat\Eclipse Luna SR1 121\Workspace\rodos\Debug_STM32F4\librodos.a(debug.o)
                              ./Thread/ThImuRead.o (RODOS::PRINTF(char const*, ...))
C:\Users\pinker\Desktop\Floatsat\Eclipse Luna SR1 121\Workspace\rodos\Debug_STM32F4\librodos.a(genericIO.o)
                              ./TCTM/BTUART.o (RODOS::GenericIOInterface::suspendUntilWriteFinished(long long))
C:\Users\pinker\Desktop\Floatsat\Eclipse Luna SR1 121\Workspace\rodos\Debug_STM32F4\librodos.a(listelement.o)
                              C:\Users\pinker\Desktop\Floatsat\Eclipse Luna SR1 121\Workspace\rodos\Debug_STM32F4\librodos.a(application.o) (RODOS::ListElement::ListElement(RODOS::ListElement*&, char const*, void*))
C:\Users\pinker\Desktop\Floatsat\Eclipse Luna SR1 121\Workspace\rodos\Debug_STM32F4\librodos.a(printfverbosity.o)
                              C:\Users\pinker\Desktop\Floatsat\Eclipse Luna SR1 121\Workspace\rodos\Debug_STM32F4\librodos.a(debug.o) (printfVerbosity)
C:\Users\pinker\Desktop\Floatsat\Eclipse Luna SR1 121\Workspace\rodos\Debug_STM32F4\librodos.a(string_pico.o)
                              ./Thread/ThTelecommand.o (strcmp)
C:\Users\pinker\Desktop\Floatsat\Eclipse Luna SR1 121\Workspace\rodos\Debug_STM32F4\librodos.a(subscriber.o)
                              ./Template.o (vtable for RODOS::Subscriber)
C:\Users\pinker\Desktop\Floatsat\Eclipse Luna SR1 121\Workspace\rodos\Debug_STM32F4\librodos.a(thread.o)
                              ./Thread/ThTelemetry.o (RODOS::Thread::setPeriodicBeat(long long, long long))
C:\Users\pinker\Desktop\Floatsat\Eclipse Luna SR1 121\Workspace\rodos\Debug_STM32F4\librodos.a(timemodel.o)
                              ./Thread/ThImuRead.o (RODOS::TimeModel::getNanoseconds())
C:\Users\pinker\Desktop\Floatsat\Eclipse Luna SR1 121\Workspace\rodos\Debug_STM32F4\librodos.a(topic.o)
                              ./Template.o (RODOS::TopicInterface::TopicInterface(long, long, char const*))
C:\Users\pinker\Desktop\Floatsat\Eclipse Luna SR1 121\Workspace\rodos\Debug_STM32F4\librodos.a(yprintf.o)
                              C:\Users\pinker\Desktop\Floatsat\Eclipse Luna SR1 121\Workspace\rodos\Debug_STM32F4\librodos.a(debug.o) (RODOS::Yprintf::vaprintf(char const*))
C:\Users\pinker\Desktop\Floatsat\Eclipse Luna SR1 121\Workspace\rodos\Debug_STM32F4\librodos.a(call_constructors.o)
                              ./Thread/ThTelecommand.o (__dso_handle)
C:\Users\pinker\Desktop\Floatsat\Eclipse Luna SR1 121\Workspace\rodos\Debug_STM32F4\librodos.a(startup_stm32f4xx.o)
                              (Reset_Handler)
C:\Users\pinker\Desktop\Floatsat\Eclipse Luna SR1 121\Workspace\rodos\Debug_STM32F4\librodos.a(hal_adc.o)
                              ./Sensor/ADC/IR.o (RODOS::HAL_ADC::HAL_ADC(RODOS::ADC_IDX))
C:\Users\pinker\Desktop\Floatsat\Eclipse Luna SR1 121\Workspace\rodos\Debug_STM32F4\librodos.a(hal_gpio.o)
                              ./Thread/ThTelemetry.o (RODOS::HAL_GPIO::HAL_GPIO(RODOS::GPIO_PIN))
C:\Users\pinker\Desktop\Floatsat\Eclipse Luna SR1 121\Workspace\rodos\Debug_STM32F4\librodos.a(hal_i2c.o)
                              ./Sensor/I2C/IMU/IMU.o (RODOS::HAL_I2C::HAL_I2C(RODOS::I2C_IDX))
C:\Users\pinker\Desktop\Floatsat\Eclipse Luna SR1 121\Workspace\rodos\Debug_STM32F4\librodos.a(hal_pwm.o)
                              ./Extern/Extern.o (RODOS::HAL_PWM::HAL_PWM(RODOS::PWM_IDX))
C:\Users\pinker\Desktop\Floatsat\Eclipse Luna SR1 121\Workspace\rodos\Debug_STM32F4\librodos.a(hal_uart.o)
                              ./Extern/Extern.o (RODOS::HAL_UART::HAL_UART(RODOS::UART_IDX))
C:\Users\pinker\Desktop\Floatsat\Eclipse Luna SR1 121\Workspace\rodos\Debug_STM32F4\librodos.a(stm32f4xx_adc.o)
                              C:\Users\pinker\Desktop\Floatsat\Eclipse Luna SR1 121\Workspace\rodos\Debug_STM32F4\librodos.a(hal_adc.o) (ADC_Init)
C:\Users\pinker\Desktop\Floatsat\Eclipse Luna SR1 121\Workspace\rodos\Debug_STM32F4\librodos.a(stm32f4xx_dma.o)
                              C:\Users\pinker\Desktop\Floatsat\Eclipse Luna SR1 121\Workspace\rodos\Debug_STM32F4\librodos.a(hal_uart.o) (DMA_Init)
C:\Users\pinker\Desktop\Floatsat\Eclipse Luna SR1 121\Workspace\rodos\Debug_STM32F4\librodos.a(stm32f4xx_gpio.o)
                              C:\Users\pinker\Desktop\Floatsat\Eclipse Luna SR1 121\Workspace\rodos\Debug_STM32F4\librodos.a(hal_adc.o) (GPIO_Init)
C:\Users\pinker\Desktop\Floatsat\Eclipse Luna SR1 121\Workspace\rodos\Debug_STM32F4\librodos.a(stm32f4xx_i2c.o)
                              C:\Users\pinker\Desktop\Floatsat\Eclipse Luna SR1 121\Workspace\rodos\Debug_STM32F4\librodos.a(hal_i2c.o) (I2C_DeInit)
[...]
Memory Configuration

Name             Origin             Length             Attributes
FLASH            0x08000000         0x00100000         xr
RAM              0x20000000         0x00020000         xrw
CCMRAM           0x10000000         0x00010000         xrw
MEMORY_B1        0x60000000         0x00000000         xr
*default*        0x00000000         0xffffffff

Linker script and memory map

LOAD ./Thread/ThImuRead.o
LOAD ./Thread/ThMission.o
LOAD ./Thread/ThSolar.o
LOAD ./Thread/ThTelecommand.o
LOAD ./Thread/ThTelemetry.o
LOAD ./TCTM/BTUART.o
LOAD ./TCTM/SerializationUtil.o
LOAD ./TCTM/Telecommand.o
LOAD ./TCTM/TelemetryPacket.o
LOAD ./Sensor/I2C/IMU/IMU.o
LOAD ./Sensor/I2C/Light.o
LOAD ./Sensor/Filter/AHRS.o
LOAD ./Sensor/Filter/MadgwickFilter.o
LOAD ./Sensor/ADC/IR.o
LOAD ./Extern/Extern.o
LOAD ./Controller/PiController.o
LOAD ./Actuators/Hbridge.o
LOAD ./Template.o
LOAD C:\Users\pinker\Desktop\Floatsat\Eclipse Luna SR1 121\Workspace\rodos\Debug_STM32F4\librodos.a
LOAD C:\Users\pinker\Desktop\Floatsat\Eclipse Luna SR1 121\Workspace\support_libs\Debug_STM32F4\libsupport.a
LOAD c:/users/pinker/desktop/floatsat/eclipse luna sr1 121/gnu tools arm embedded/4.8 2014q3/bin/../lib/gcc/arm-none-eabi/4.8.4/../../../../arm-none-eabi/lib/armv7e-m/softfp\libm.a
                0x20020000                _estack = 0x20020000
                0x00001000                _Min_Heap_Size = 0x1000
                0x00000400                _Min_Stack_Size = 0x400

.isr_vector     0x08000000      0x18c
                0x08000000                . = ALIGN (0x4)
                0x08000000                _image_address = .
 *(.isr_vector)
 .isr_vector    0x08000000      0x18c C:\Users\pinker\Desktop\Floatsat\Eclipse Luna SR1 121\Workspace\rodos\Debug_STM32F4\librodos.a(startup_stm32f4xx.o)
                0x08000000                g_pfnVectors
                0x0800018c                . = ALIGN (0x4)

.text           0x08000190    0x1276c
                0x08000190                . = ALIGN (0x4)
 *(.text)
 .text          0x08000190      0x370 c:/users/pinker/desktop/floatsat/eclipse luna sr1 121/gnu tools arm embedded/4.8 2014q3/bin/../lib/gcc/arm-none-eabi/4.8.4/armv7e-m/softfp\libgcc.a(_arm_addsubdf3.o)
                0x08000190                __aeabi_drsub
                0x08000198                __aeabi_dsub
                0x08000198                __subdf3
                0x0800019c                __aeabi_dadd
                0x0800019c                __adddf3
                0x08000414                __floatunsidf
                0x08000414                __aeabi_ui2d
                0x08000434                __floatsidf
                0x08000434                __aeabi_i2d
                0x08000458                __aeabi_f2d
                0x08000458                __extendsfdf2
                0x08000494                __floatundidf
                0x08000494                __aeabi_ul2d
                0x080004a4                __floatdidf
                0x080004a4                __aeabi_l2d
 .text          0x08000500      0x424 c:/users/pinker/desktop/floatsat/eclipse luna sr1 121/gnu tools arm embedded/4.8 2014q3/bin/../lib/gcc/arm-none-eabi/4.8.4/armv7e-m/softfp\libgcc.a(_arm_muldivdf3.o)
                0x08000500                __aeabi_dmul
                0x08000500                __muldf3
                0x08000754                __divdf3
                0x08000754                __aeabi_ddiv
 .text          0x08000924      0x110 c:/users/pinker/desktop/floatsat/eclipse luna sr1 121/gnu tools arm embedded/4.8 2014q3/bin/../lib/gcc/arm-none-eabi/4.8.4/armv7e-m/softfp\libgcc.a(_arm_cmpdf2.o)
                0x08000924                __gtdf2
                0x08000924                __gedf2
                0x0800092c                __ltdf2
                0x0800092c                __ledf2
                0x08000934                __nedf2
                0x08000934                __eqdf2
                0x08000934                __cmpdf2
                0x080009b0                __aeabi_cdrcmple
                0x080009c0                __aeabi_cdcmpeq
                0x080009c0                __aeabi_cdcmple
                0x080009d0                __aeabi_dcmpeq
                0x080009e4                __aeabi_dcmplt
                0x080009f8                __aeabi_dcmple
                0x08000a0c                __aeabi_dcmpge
                0x08000a20                __aeabi_dcmpgt
 .text          0x08000a34       0x50 c:/users/pinker/desktop/floatsat/eclipse luna sr1 121/gnu tools arm embedded/4.8 2014q3/bin/../lib/gcc/arm-none-eabi/4.8.4/armv7e-m/softfp\libgcc.a(_arm_fixdfsi.o)
                0x08000a34                __aeabi_d2iz
                0x08000a34                __fixdfsi
 .text          0x08000a84       0x40 c:/users/pinker/desktop/floatsat/eclipse luna sr1 121/gnu tools arm embedded/4.8 2014q3/bin/../lib/gcc/arm-none-eabi/4.8.4/armv7e-m/softfp\libgcc.a(_arm_fixunsdfsi.o)
                0x08000a84                __aeabi_d2uiz
                0x08000a84                __fixunsdfsi
 .text          0x08000ac4       0xa0 c:/users/pinker/desktop/floatsat/eclipse luna sr1 121/gnu tools arm embedded/4.8 2014q3/bin/../lib/gcc/arm-none-eabi/4.8.4/armv7e-m/softfp\libgcc.a(_arm_truncdfsf2.o)
                0x08000ac4                __truncdfsf2
                0x08000ac4                __aeabi_d2f
 .text          0x08000b64       0x38 c:/users/pinker/desktop/floatsat/eclipse luna sr1 121/gnu tools arm embedded/4.8 2014q3/bin/../lib/gcc/arm-none-eabi/4.8.4/armv7e-m/softfp\libgcc.a(_aeabi_ldivmod.o)
                0x08000b64                __aeabi_ldivmod
 .text          0x08000b9c       0x2c c:/users/pinker/desktop/floatsat/eclipse luna sr1 121/gnu tools arm embedded/4.8 2014q3/bin/../lib/gcc/arm-none-eabi/4.8.4/armv7e-m/softfp\libgcc.a(_aeabi_uldivmod.o)
                0x08000b9c                __aeabi_uldivmod
 .text          0x08000bc8       0x30 c:/users/pinker/desktop/floatsat/eclipse luna sr1 121/gnu tools arm embedded/4.8 2014q3/bin/../lib/gcc/arm-none-eabi/4.8.4/armv7e-m/softfp\libgcc.a(_fixdfdi.o)
                0x08000bc8                __fixdfdi
                0x08000bc8                __aeabi_d2lz
 .text          0x08000bf8       0x44 c:/users/pinker/desktop/floatsat/eclipse luna sr1 121/gnu tools arm embedded/4.8 2014q3/bin/../lib/gcc/arm-none-eabi/4.8.4/armv7e-m/softfp\libgcc.a(_fixunsdfdi.o)
                0x08000bf8                __fixunsdfdi
                0x08000bf8                __aeabi_d2ulz
 .text          0x08000c3c       0x60 c:/users/pinker/desktop/floatsat/eclipse luna sr1 121/gnu tools arm embedded/4.8 2014q3/bin/../lib/gcc/arm-none-eabi/4.8.4/armv7e-m/softfp\libgcc.a(bpabi.o)
                0x08000c3c                __gnu_ldivmod_helper
                0x08000c6c                __gnu_uldivmod_helper
 .text          0x08000c9c        0x4 c:/users/pinker/desktop/floatsat/eclipse luna sr1 121/gnu tools arm embedded/4.8 2014q3/bin/../lib/gcc/arm-none-eabi/4.8.4/armv7e-m/softfp\libgcc.a(_dvmd_tls.o)
                0x08000c9c                __aeabi_idiv0
                0x08000c9c                __aeabi_ldiv0
 .text          0x08000ca0      0x298 c:/users/pinker/desktop/floatsat/eclipse luna sr1 121/gnu tools arm embedded/4.8 2014q3/bin/../lib/gcc/arm-none-eabi/4.8.4/armv7e-m/softfp\libgcc.a(_divdi3.o)
                0x08000ca0                __divdi3
 .text          0x08000f38      0x284 c:/users/pinker/desktop/floatsat/eclipse luna sr1 121/gnu tools arm embedded/4.8 2014q3/bin/../lib/gcc/arm-none-eabi/4.8.4/armv7e-m/softfp\libgcc.a(_udivdi3.o)
                0x08000f38                __udivdi3
 *(.text*)
 .text._ZN12PiController15setProportionalEf
                0x080011bc       0x1c ./Thread/ThImuRead.o
                0x080011bc                PiController::setProportional(float)
 .text._ZN12PiController11setIntegralEf
                0x080011d8       0x1c ./Thread/ThImuRead.o
                0x080011d8                PiController::setIntegral(float)
 .text._ZN12PiController13setDerivativeEf
                0x080011f4       0x1c ./Thread/ThImuRead.o
                0x080011f4                PiController::setDerivative(float)
 .text._ZN12PiController9setEpsionEf
                0x08001210       0x1c ./Thread/ThImuRead.o
                0x08001210                PiController::setEpsion(float)
 .text._ZN9ThImuReadC2EPKcP7Hbridge
                0x0800122c       0xa8 ./Thread/ThImuRead.o
                0x0800122c                ThImuRead::ThImuRead(char const*, Hbridge*)
                0x0800122c                ThImuRead::ThImuRead(char const*, Hbridge*)
 .text._ZN9ThImuReadD2Ev
                0x080012d4       0x30 ./Thread/ThImuRead.o
                0x080012d4                ThImuRead::~ThImuRead()
                0x080012d4                ThImuRead::~ThImuRead()
 .text._ZN9ThImuReadD0Ev
                0x08001304       0x20 ./Thread/ThImuRead.o
                0x08001304                ThImuRead::~ThImuRead()
 .text._ZN9ThImuRead4initEv
                0x08001324       0x14 ./Thread/ThImuRead.o
                0x08001324                ThImuRead::init()
 .text._ZN9ThImuRead3runEv
                0x08001338      0x4cc ./Thread/ThImuRead.o
                0x08001338                ThImuRead::run()
 .text._ZN7ThSolarC2EPKcP7Hbridge
                0x08001804       0x3c ./Thread/ThSolar.o
                0x08001804                ThSolar::ThSolar(char const*, Hbridge*)
                0x08001804                ThSolar::ThSolar(char const*, Hbridge*)
 .text._ZN7ThSolarD2Ev
                0x08001840       0x30 ./Thread/ThSolar.o
                0x08001840                ThSolar::~ThSolar()
                0x08001840                ThSolar::~ThSolar()
 .text._ZN7ThSolarD0Ev
                0x08001870       0x20 ./Thread/ThSolar.o
                0x08001870                ThSolar::~ThSolar()
 .text._ZN7ThSolar4initEv
                0x08001890       0x14 ./Thread/ThSolar.o
                0x08001890                ThSolar::init()
 *fill*         0x080018a4        0x4 
 .text._ZN7ThSolar3runEv
                0x080018a8       0xc8 ./Thread/ThSolar.o
                0x080018a8                ThSolar::run()
 .text._ZN7Hbridge6moveUpEv
                0x08001970       0x1c ./Thread/ThTelecommand.o
                0x08001970                Hbridge::moveUp()
 .text._ZN7Hbridge8moveDownEv
                0x0800198c       0x1c ./Thread/ThTelecommand.o
                0x0800198c                Hbridge::moveDown()
 .text._ZN7Hbridge4stopEv
                0x080019a8       0x18 ./Thread/ThTelecommand.o
                0x080019a8                Hbridge::stop()
 .text._ZN9ThImuRead7setFlagEv
                0x080019c0       0x1c ./Thread/ThTelecommand.o
                0x080019c0                ThImuRead::setFlag()
 .text._ZN9ThImuRead13setMagCalFlagEv
                0x080019dc       0x1c ./Thread/ThTelecommand.o
                0x080019dc                ThImuRead::setMagCalFlag()
 .text._ZN9ThImuRead13setGyrCalFlagEv
                0x080019f8       0x1c ./Thread/ThTelecommand.o
                0x080019f8                ThImuRead::setGyrCalFlag()
 .text._ZN9ThImuRead13setAccCalFlagEv
                0x08001a14       0x1c ./Thread/ThTelecommand.o
                0x08001a14                ThImuRead::setAccCalFlag()
 .text._ZN9ThImuRead15setSetPointFlagEv
                0x08001a30       0x1c ./Thread/ThTelecommand.o
                0x08001a30                ThImuRead::setSetPointFlag()
 .text._ZN9ThImuRead9setKdFlagEv
                0x08001a4c       0x1c ./Thread/ThTelecommand.o
                0x08001a4c                ThImuRead::setKdFlag()
 .text._ZN9ThImuRead9setKpFlagEv
                0x08001a68       0x1c ./Thread/ThTelecommand.o
                0x08001a68                ThImuRead::setKpFlag()
 .text._ZN9ThImuRead9setKiFlagEv
                0x08001a84       0x1c ./Thread/ThTelecommand.o
                0x08001a84                ThImuRead::setKiFlag()
 .text._ZN9ThImuRead14setEpsilonFlagEv
                0x08001aa0       0x1c ./Thread/ThTelecommand.o
                0x08001aa0                ThImuRead::setEpsilonFlag()
 .text._ZN9ThImuRead8setValueEi
                0x08001abc       0x1c ./Thread/ThTelecommand.o
                0x08001abc                ThImuRead::setValue(int)
 .text._ZN9ThImuRead15toggleSpeedCtrlEv
                0x08001ad8       0x24 ./Thread/ThTelecommand.o
                0x08001ad8                ThImuRead::toggleSpeedCtrl()
 .text._ZN9ThImuRead10toggleSendEv
                0x08001afc       0x2c ./Thread/ThTelecommand.o
                0x08001afc                ThImuRead::toggleSend()
 .text._ZN13ThTelecommandC2EPKc
                0x08001b28       0x40 ./Thread/ThTelecommand.o
                0x08001b28                ThTelecommand::ThTelecommand(char const*)
                0x08001b28                ThTelecommand::ThTelecommand(char const*)
 .text._ZN13ThTelecommandD2Ev
                0x08001b68       0x30 ./Thread/ThTelecommand.o
                0x08001b68                ThTelecommand::~ThTelecommand()
                0x08001b68                ThTelecommand::~ThTelecommand()
 .text._ZN13ThTelecommandD0Ev
                0x08001b98       0x20 ./Thread/ThTelecommand.o
                0x08001b98                ThTelecommand::~ThTelecommand()
 .text._ZN13ThTelecommand4initEv
                0x08001bb8       0x2c ./Thread/ThTelecommand.o
                0x08001bb8                ThTelecommand::init()
 .text._ZN13ThTelecommand3runEv
                0x08001be4      0x108 ./Thread/ThTelecommand.o
                0x08001be4                ThTelecommand::run()
 .text._ZN13ThTelecommand7exectueEv
                0x08001cec      0x248 ./Thread/ThTelecommand.o
                0x08001cec                ThTelecommand::exectue()
 .text._ZN13ThTelecommand11utilizationEPc
                0x08001f34       0x60 ./Thread/ThTelecommand.o
                0x08001f34                ThTelecommand::utilization(char*)
 .text._ZN13ThTelecommand9getNumberEPc
                0x08001f94       0x80 ./Thread/ThTelecommand.o
                0x08001f94                ThTelecommand::getNumber(char*)
 .text._ZN13ThTelecommand11toUpperCaseEi
                0x08002014       0x34 ./Thread/ThTelecommand.o
                0x08002014                ThTelecommand::toUpperCase(int)
 .text.__tcf_0  0x08002048       0x2c ./Thread/ThTelecommand.o
 .text._Z41__static_initialization_and_destruction_0ii
                0x08002074      0x3a0 ./Thread/ThTelecommand.o
 .text._GLOBAL__sub_I_telecmds
                0x08002414       0x10 ./Thread/ThTelecommand.o
 .text._ZN11ThTelemetryC2EPKc
                0x08002424       0x34 ./Thread/ThTelemetry.o
                0x08002424                ThTelemetry::ThTelemetry(char const*)
                0x08002424                ThTelemetry::ThTelemetry(char const*)
 .text._ZN11ThTelemetryD2Ev
                0x08002458       0x30 ./Thread/ThTelemetry.o
                0x08002458                ThTelemetry::~ThTelemetry()
                0x08002458                ThTelemetry::~ThTelemetry()
 .text._ZN11ThTelemetryD0Ev
                0x08002488       0x20 ./Thread/ThTelemetry.o
                0x08002488                ThTelemetry::~ThTelemetry()
 .text._ZN11ThTelemetry4initEv
                0x080024a8       0x2c ./Thread/ThTelemetry.o
                0x080024a8                ThTelemetry::init()
 *fill*         0x080024d4        0x4 
 .text._ZN11ThTelemetry3runEv
                0x080024d8       0x60 ./Thread/ThTelemetry.o
                0x080024d8                ThTelemetry::run()
 .text._Z41__static_initialization_and_destruction_0ii
                0x08002538       0x2c ./Thread/ThTelemetry.o
 .text._GLOBAL__sub_I_BlueLED
                0x08002564       0x10 ./Thread/ThTelemetry.o
 .text._ZN11TelecommandC2EPcS0_S0_
                0x08002574       0x4c ./TCTM/Telecommand.o
                0x08002574                Telecommand::Telecommand(char*, char*, char*)
                0x08002574                Telecommand::Telecommand(char*, char*, char*)
 .text._ZN11TelecommandC2EPcS0_iiS0_
                0x080025c0       0x4c ./TCTM/Telecommand.o
                0x080025c0                Telecommand::Telecommand(char*, char*, int, int, char*)
                0x080025c0                Telecommand::Telecommand(char*, char*, int, int, char*)
 .text._ZN11TelecommandD2Ev
                0x0800260c       0x28 ./TCTM/Telecommand.o
                0x0800260c                Telecommand::~Telecommand()
                0x0800260c                Telecommand::~Telecommand()
 .text._ZN11TelecommandD0Ev
                0x08002634       0x20 ./TCTM/Telecommand.o
                0x08002634                Telecommand::~Telecommand()
 .text._ZN11Telecommand9getCmdStrEv
                0x08002654       0x18 ./TCTM/Telecommand.o
                0x08002654                Telecommand::getCmdStr()
 .text._ZN11Telecommand8toStringEv
                0x0800266c       0x2c ./TCTM/Telecommand.o
                0x0800266c                Telecommand::toString()
 .text._ZN3IMUC2EPN5RODOS6ThreadE
                0x08002698      0x170 ./Sensor/I2C/IMU/IMU.o
                0x08002698                IMU::IMU(RODOS::Thread*)
                0x08002698                IMU::IMU(RODOS::Thread*)
 .text._ZN3IMUD2Ev
                0x08002808       0x28 ./Sensor/I2C/IMU/IMU.o
                0x08002808                IMU::~IMU()
                0x08002808                IMU::~IMU()
 .text._ZN3IMUD0Ev
                0x08002830       0x20 ./Sensor/I2C/IMU/IMU.o
                0x08002830                IMU::~IMU()
 .text._ZN3IMU14configurateIMUEv
                0x08002850      0x180 ./Sensor/I2C/IMU/IMU.o
                0x08002850                IMU::configurateIMU()
 .text._ZN3IMU14errorDetectionEsa
                0x080029d0       0x44 ./Sensor/I2C/IMU/IMU.o
                0x080029d0                IMU::errorDetection(short, signed char)
 *fill*         0x08002a14        0x4 
 .text._ZN3IMU8resetI2CEv
                0x08002a18       0x90 ./Sensor/I2C/IMU/IMU.o
                0x08002a18                IMU::resetI2C()
 .text._ZN3IMU7accReadEv
                0x08002aa8      0x150 ./Sensor/I2C/IMU/IMU.o
                0x08002aa8                IMU::accRead()
 .text._ZN3IMU19accSetDefaultValuesEv
                0x08002bf8       0x30 ./Sensor/I2C/IMU/IMU.o
                0x08002bf8                IMU::accSetDefaultValues()
 .text._ZN3IMU12accCalibrateEv
                0x08002c28       0x9c ./Sensor/I2C/IMU/IMU.o
                0x08002c28                IMU::accCalibrate()
 *fill*         0x08002cc4        0x4 
 .text._ZN3IMU13accAxisOffsetERfS0_c
                0x08002cc8      0x1a0 ./Sensor/I2C/IMU/IMU.o
                0x08002cc8                IMU::accAxisOffset(float&, float&, char)
 .text._ZN3IMU7gyrReadEv
                0x08002e68      0x150 ./Sensor/I2C/IMU/IMU.o
                0x08002e68                IMU::gyrRead()
 .text._ZN3IMU12gyrCalibrateEi
                0x08002fb8      0x190 ./Sensor/I2C/IMU/IMU.o
                0x08002fb8                IMU::gyrCalibrate(int)
 .text._ZN3IMU12magCalibrateEv
                0x08003148      0x480 ./Sensor/I2C/IMU/IMU.o
                0x08003148                IMU::magCalibrate()
 .text._Z41__static_initialization_and_destruction_0ii
                0x080035c8       0x44 ./Sensor/I2C/IMU/IMU.o
 .text._GLOBAL__sub_I_CS_XM
                0x0800360c       0x10 ./Sensor/I2C/IMU/IMU.o
 .text._Z41__static_initialization_and_destruction_0ii
                0x0800361c       0x2c ./Sensor/I2C/Light.o
 .text._GLOBAL__sub_I_LIGHT_HAL
                0x08003648       0x10 ./Sensor/I2C/Light.o
 .text._ZN4AHRSC2Ef
                0x08003658       0x40 ./Sensor/Filter/AHRS.o
                0x08003658                AHRS::AHRS(float)
                0x08003658                AHRS::AHRS(float)
 .text._ZN4AHRSD2Ev
                0x08003698       0x28 ./Sensor/Filter/AHRS.o
                0x08003698                AHRS::~AHRS()
                0x08003698                AHRS::~AHRS()
 .text._ZN4AHRSD0Ev
                0x080036c0       0x20 ./Sensor/Filter/AHRS.o
                0x080036c0                AHRS::~AHRS()
 .text._ZN4AHRS18setAllValuesToZeroEv
                0x080036e0       0x64 ./Sensor/Filter/AHRS.o
                0x080036e0                AHRS::setAllValuesToZero()
 .text._ZN4AHRS8setAlphaEf
                0x08003744       0x30 ./Sensor/Filter/AHRS.o
                0x08003744                AHRS::setAlpha(float)
 .text._Z41__static_initialization_and_destruction_0ii
                0x08003774       0x2c ./Sensor/ADC/IR.o
 .text._GLOBAL__sub_I_sensor
                0x080037a0       0x10 ./Sensor/ADC/IR.o
 .text._Z41__static_initialization_and_destruction_0ii
                0x080037b0       0xb0 ./Extern/Extern.o
 .text._GLOBAL__sub_I_I2C_EN
                0x08003860       0x10 ./Extern/Extern.o
 .text._ZN12PiControllerC2Ev
                0x08003870       0x74 ./Controller/PiController.o
                0x08003870                PiController::PiController()
                0x08003870                PiController::PiController()
 .text._ZN12PiControllerD2Ev
                0x080038e4       0x28 ./Controller/PiController.o
                0x080038e4                PiController::~PiController()
                0x080038e4                PiController::~PiController()
 .text._ZN12PiControllerD0Ev
                0x0800390c       0x20 ./Controller/PiController.o
                0x0800390c                PiController::~PiController()
 .text._ZN12PiController10velocityPIEff
                0x0800392c       0xf4 ./Controller/PiController.o
                0x0800392c                PiController::velocityPI(float, float)
 .text._ZN7HbridgeC2EiiPN5RODOS7HAL_PWMEPNS0_8HAL_GPIOES4_
                0x08003a20       0x4c ./Actuators/Hbridge.o
                0x08003a20                Hbridge::Hbridge(int, int, RODOS::HAL_PWM*, RODOS::HAL_GPIO*, RODOS::HAL_GPIO*)
                0x08003a20                Hbridge::Hbridge(int, int, RODOS::HAL_PWM*, RODOS::HAL_GPIO*, RODOS::HAL_GPIO*)
 .text._ZN7HbridgeD2Ev
                0x08003a6c       0x28 ./Actuators/Hbridge.o
                0x08003a6c                Hbridge::~Hbridge()
                0x08003a6c                Hbridge::~Hbridge()
 .text._ZN7HbridgeD0Ev
                0x08003a94       0x20 ./Actuators/Hbridge.o
                0x08003a94                Hbridge::~Hbridge()
 .text._ZN7Hbridge4initEv
                0x08003ab4       0x68 ./Actuators/Hbridge.o
                0x08003ab4                Hbridge::init()
 .text._ZN7Hbridge7setDutyEi
                0x08003b1c       0xa0 ./Actuators/Hbridge.o
                0x08003b1c                Hbridge::setDuty(int)
 .text._ZN5RODOS14TopicInterfaceD2Ev
                0x08003bbc       0x3c ./Template.o
                0x08003bbc                RODOS::TopicInterface::~TopicInterface()
                0x08003bbc                RODOS::TopicInterface::~TopicInterface()
 .text._ZN5RODOS14TopicInterfaceD0Ev
                0x08003bf8       0x20 ./Template.o
                0x08003bf8                RODOS::TopicInterface::~TopicInterface()
 .text._ZN5RODOS10SubscriberD2Ev
                0x08003c18       0x3c ./Template.o
                0x08003c18                RODOS::Subscriber::~Subscriber()
                0x08003c18                RODOS::Subscriber::~Subscriber()
 .text._ZN5RODOS10SubscriberD0Ev
                0x08003c54       0x20 ./Template.o
                0x08003c54                RODOS::Subscriber::~Subscriber()
 .text._ZN5RODOS6PutterD2Ev
                0x08003c74       0x28 ./Template.o
                0x08003c74                RODOS::Putter::~Putter()
                0x08003c74                RODOS::Putter::~Putter()
 .text._ZN5RODOS6PutterD0Ev
                0x08003c9c       0x20 ./Template.o
                0x08003c9c                RODOS::Putter::~Putter()
 .text._ZN5RODOS6Putter10putGenericEljPKvRKNS_10NetMsgInfoE
                0x08003cbc       0x24 ./Template.o
                0x08003cbc                RODOS::Putter::putGeneric(long, unsigned int, void const*, RODOS::NetMsgInfo const&)
 .text._ZN5RODOS5TopicI10SensorDataEC2ElPKc
                0x08003ce0       0x30 ./Template.o
                0x08003ce0                RODOS::Topic<SensorData>::Topic(long, char const*)
                0x08003ce0                RODOS::Topic<SensorData>::Topic(long, char const*)
 .text._ZN5RODOS6PutterC2Ev
                0x08003d10       0x20 ./Template.o
                0x08003d10                RODOS::Putter::Putter()
                0x08003d10                RODOS::Putter::Putter()
 .text._ZN5RODOS10CommBufferI10SensorDataEC2Ev
                0x08003d30       0x5c ./Template.o
                0x08003d30                RODOS::CommBuffer<SensorData>::CommBuffer()
                0x08003d30                RODOS::CommBuffer<SensorData>::CommBuffer()
 .text._ZN5RODOS10CommBufferI10SensorDataED2Ev
                0x08003d8c       0x30 ./Template.o
                0x08003d8c                RODOS::CommBuffer<SensorData>::~CommBuffer()
                0x08003d8c                RODOS::CommBuffer<SensorData>::~CommBuffer()
 .text._ZN5RODOS10CommBufferI10SensorDataED0Ev
                0x08003dbc       0x20 ./Template.o
                0x08003dbc                RODOS::CommBuffer<SensorData>::~CommBuffer()
 .text._Z41__static_initialization_and_destruction_0ii
                0x08003ddc       0xb4 ./Template.o
 .text._ZN5RODOS10CommBufferI10SensorDataE10putGenericEljPKvRKNS_10NetMsgInfoE
                0x08003e90       0x34 ./Template.o
                0x08003e90                RODOS::CommBuffer<SensorData>::putGeneric(long, unsigned int, void const*, RODOS::NetMsgInfo const&)
 .text._ZN5RODOS5TopicI10SensorDataED2Ev
                0x08003ec4       0x3c ./Template.o
                0x08003ec4                RODOS::Topic<SensorData>::~Topic()
                0x08003ec4                RODOS::Topic<SensorData>::~Topic()
 .text._ZN5RODOS5TopicI10SensorDataED0Ev
                0x08003f00       0x20 ./Template.o
                0x08003f00                RODOS::Topic<SensorData>::~Topic()
 .text._ZN5RODOS10CommBufferI10SensorDataE3putERS1_
                0x08003f20       0x58 ./Template.o
                0x08003f20                RODOS::CommBuffer<SensorData>::put(SensorData&)
 .text._GLOBAL__sub_I_GreenLED
                0x08003f78       0x10 ./Template.o
 .text._ZNK5RODOS11ListElement7getNextEv
                0x08003f88       0x18 C:\Users\pinker\Desktop\Floatsat\Eclipse Luna SR1 121\Workspace\rodos\Debug_STM32F4\librodos.a(application.o)
                0x08003f88                RODOS::ListElement::getNext() const
 .text._ZNK5RODOS11ListElement7getNameEv
                0x08003fa0       0x18 C:\Users\pinker\Desktop\Floatsat\Eclipse Luna SR1 121\Workspace\rodos\Debug_STM32F4\librodos.a(application.o)
                0x08003fa0                RODOS::ListElement::getName() const
 .text._ZN5RODOS11Application4initEv
                0x08003fb8       0x14 C:\Users\pinker\Desktop\Floatsat\Eclipse Luna SR1 121\Workspace\rodos\Debug_STM32F4\librodos.a(application.o)
                0x08003fb8                RODOS::Application::init()
 .text._ZN5RODOS11ApplicationC2EPKcl
                0x08003fcc       0x40 C:\Users\pinker\Desktop\Floatsat\Eclipse Luna SR1 121\Workspace\rodos\Debug_STM32F4\librodos.a(application.o)
                0x08003fcc                RODOS::Application::Application(char const*, long)
                0x08003fcc                RODOS::Application::Application(char const*, long)
 .text._ZN5RODOS11ApplicationD2Ev
                0x0800400c       0x3c C:\Users\pinker\Desktop\Floatsat\Eclipse Luna SR1 121\Workspace\rodos\Debug_STM32F4\librodos.a(application.o)
                0x0800400c                RODOS::Application::~Application()
                0x0800400c                RODOS::Application::~Application()
 .text._ZN5RODOS11ApplicationD0Ev
                0x08004048       0x20 C:\Users\pinker\Desktop\Floatsat\Eclipse Luna SR1 121\Workspace\rodos\Debug_STM32F4\librodos.a(application.o)
                0x08004048                RODOS::Application::~Application()
 .text._ZN5RODOS11Application8activateEv
                0x08004068       0x18 C:\Users\pinker\Desktop\Floatsat\Eclipse Luna SR1 121\Workspace\rodos\Debug_STM32F4\librodos.a(application.o)
                0x08004068                RODOS::Application::activate()
 .text._ZN5RODOS11Application10deactivateEv
                0x08004080       0x18 C:\Users\pinker\Desktop\Floatsat\Eclipse Luna SR1 121\Workspace\rodos\Debug_STM32F4\librodos.a(application.o)
                0x08004080                RODOS::Application::deactivate()
 .text._ZN5RODOS11Application7requestEPviS1_i
                0x08004098       0x20 C:\Users\pinker\Desktop\Floatsat\Eclipse Luna SR1 121\Workspace\rodos\Debug_STM32F4\librodos.a(application.o)
                0x08004098                RODOS::Application::request(void*, int, void*, int)
 .text._ZN5RODOS11Application17printApplicationsEv
                0x080040b8       0x64 C:\Users\pinker\Desktop\Floatsat\Eclipse Luna SR1 121\Workspace\rodos\Debug_STM32F4\librodos.a(application.o)
                0x080040b8                RODOS::Application::printApplications()
 .text._ZN5RODOS7YprintfD2Ev
                0x0800411c       0x28 C:\Users\pinker\Desktop\Floatsat\Eclipse Luna SR1 121\Workspace\rodos\Debug_STM32F4\librodos.a(debug.o)
                0x0800411c                RODOS::Yprintf::~Yprintf()
                0x0800411c                RODOS::Yprintf::~Yprintf()
 .text._ZN5RODOS7YprintfD0Ev
                0x08004144       0x20 C:\Users\pinker\Desktop\Floatsat\Eclipse Luna SR1 121\Workspace\rodos\Debug_STM32F4\librodos.a(debug.o)
                0x08004144                RODOS::Yprintf::~Yprintf()
 .text._ZN5RODOS7Yprintf5yputcEc
                0x08004164       0x1c C:\Users\pinker\Desktop\Floatsat\Eclipse Luna SR1 121\Workspace\rodos\Debug_STM32F4\librodos.a(debug.o)
                0x08004164                RODOS::Yprintf::yputc(char)
 .text._ZN5RODOS7YprintfC2Ev
                0x08004180       0x20 C:\Users\pinker\Desktop\Floatsat\Eclipse Luna SR1 121\Workspace\rodos\Debug_STM32F4\librodos.a(debug.o)
                0x08004180                RODOS::Yprintf::Yprintf()
                0x08004180                RODOS::Yprintf::Yprintf()
 .text._ZN5RODOS6PRINTFEPKcz
                0x080041a0       0x8c C:\Users\pinker\Desktop\Floatsat\Eclipse Luna SR1 121\Workspace\rodos\Debug_STM32F4\librodos.a(debug.o)
                0x080041a0                RODOS::PRINTF(char const*, ...)
 .text._ZN5RODOS5ERROREPKc
                0x0800422c       0x34 C:\Users\pinker\Desktop\Floatsat\Eclipse Luna SR1 121\Workspace\rodos\Debug_STM32F4\librodos.a(debug.o)
                0x0800422c                RODOS::ERROR(char const*)
 .text._Z41__static_initialization_and_destruction_0ii
                0x08004260       0x2c C:\Users\pinker\Desktop\Floatsat\Eclipse Luna SR1 121\Workspace\rodos\Debug_STM32F4\librodos.a(debug.o)
 .text._GLOBAL__sub_I__ZN5RODOS12errorCounterE
                0x0800428c       0x10 C:\Users\pinker\Desktop\Floatsat\Eclipse Luna SR1 121\Workspace\rodos\Debug_STM32F4\librodos.a(debug.o)
 .text._ZN5RODOS18GenericIOInterface4initEz
                0x0800429c       0x14 C:\Users\pinker\Desktop\Floatsat\Eclipse Luna SR1 121\Workspace\rodos\Debug_STM32F4\librodos.a(genericIO.o)
                0x0800429c                RODOS::GenericIOInterface::init(...)
 .text._ZN5RODOS18GenericIOInterface5resetEv
                0x080042b0       0x14 C:\Users\pinker\Desktop\Floatsat\Eclipse Luna SR1 121\Workspace\rodos\Debug_STM32F4\librodos.a(genericIO.o)
                0x080042b0                RODOS::GenericIOInterface::reset()
 .text._ZN5RODOS18GenericIOInterface6configEz
                0x080042c4       0x14 C:\Users\pinker\Desktop\Floatsat\Eclipse Luna SR1 121\Workspace\rodos\Debug_STM32F4\librodos.a(genericIO.o)
                0x080042c4                RODOS::GenericIOInterface::config(...)
 .text._ZN5RODOS18GenericIOInterface6statusEz
                0x080042d8       0x14 C:\Users\pinker\Desktop\Floatsat\Eclipse Luna SR1 121\Workspace\rodos\Debug_STM32F4\librodos.a(genericIO.o)
                0x080042d8                RODOS::GenericIOInterface::status(...)
 .text._ZN5RODOS18GenericIOInterface14isReadFinishedEv
                0x080042ec       0x18 C:\Users\pinker\Desktop\Floatsat\Eclipse Luna SR1 121\Workspace\rodos\Debug_STM32F4\librodos.a(genericIO.o)
                0x080042ec                RODOS::GenericIOInterface::isReadFinished()
 .text._ZN5RODOS18GenericIOInterface11isDataReadyEv
                0x08004304       0x18 C:\Users\pinker\Desktop\Floatsat\Eclipse Luna SR1 121\Workspace\rodos\Debug_STM32F4\librodos.a(genericIO.o)
                0x08004304                RODOS::GenericIOInterface::isDataReady()
 .text._ZN5RODOS18GenericIOInterface5writeEz
                0x0800431c       0x14 C:\Users\pinker\Desktop\Floatsat\Eclipse Luna SR1 121\Workspace\rodos\Debug_STM32F4\librodos.a(genericIO.o)
                0x0800431c                RODOS::GenericIOInterface::write(...)
 .text._ZN5RODOS18GenericIOInterface4readEz
                0x08004330       0x14 C:\Users\pinker\Desktop\Floatsat\Eclipse Luna SR1 121\Workspace\rodos\Debug_STM32F4\librodos.a(genericIO.o)
                0x08004330                RODOS::GenericIOInterface::read(...)
 .text._ZN5RODOS18GenericIOInterface9writeReadEz
                0x08004344       0x14 C:\Users\pinker\Desktop\Floatsat\Eclipse Luna SR1 121\Workspace\rodos\Debug_STM32F4\librodos.a(genericIO.o)
                0x08004344                RODOS::GenericIOInterface::writeRead(...)
 .text._ZN5RODOS18GenericIOInterfaceC2Ev
                0x08004358       0x38 C:\Users\pinker\Desktop\Floatsat\Eclipse Luna SR1 121\Workspace\rodos\Debug_STM32F4\librodos.a(genericIO.o)
                0x08004358                RODOS::GenericIOInterface::GenericIOInterface()
                0x08004358                RODOS::GenericIOInterface::GenericIOInterface()
 .text._ZN5RODOS18GenericIOInterface25suspendUntilWriteFinishedEx
                0x08004390       0x4c C:\Users\pinker\Desktop\Floatsat\Eclipse Luna SR1 121\Workspace\rodos\Debug_STM32F4\librodos.a(genericIO.o)
                0x08004390                RODOS::GenericIOInterface::suspendUntilWriteFinished(long long)
 .text._ZN5RODOS18GenericIOInterface21suspendUntilDataReadyEx
                0x080043dc       0x4c C:\Users\pinker\Desktop\Floatsat\Eclipse Luna SR1 121\Workspace\rodos\Debug_STM32F4\librodos.a(genericIO.o)
                0x080043dc                RODOS::GenericIOInterface::suspendUntilDataReady(long long)
 .text._ZN5RODOS18GenericIOInterface19upCallWriteFinishedEv
                0x08004428       0x40 C:\Users\pinker\Desktop\Floatsat\Eclipse Luna SR1 121\Workspace\rodos\Debug_STM32F4\librodos.a(genericIO.o)
                0x08004428                RODOS::GenericIOInterface::upCallWriteFinished()
 .text._ZN5RODOS18GenericIOInterface18upCallReadFinishedEv
                0x08004468       0x40 C:\Users\pinker\Desktop\Floatsat\Eclipse Luna SR1 121\Workspace\rodos\Debug_STM32F4\librodos.a(genericIO.o)
                0x08004468                RODOS::GenericIOInterface::upCallReadFinished()
 .text._ZN5RODOS18GenericIOInterface15upCallDataReadyEv
                0x080044a8       0x40 C:\Users\pinker\Desktop\Floatsat\Eclipse Luna SR1 121\Workspace\rodos\Debug_STM32F4\librodos.a(genericIO.o)
                0x080044a8                RODOS::GenericIOInterface::upCallDataReady()
 .text._ZN5RODOS11ListElementC2ERPS0_PKcPv
                0x080044e8       0x40 C:\Users\pinker\Desktop\Floatsat\Eclipse Luna SR1 121\Workspace\rodos\Debug_STM32F4\librodos.a(listelement.o)
                0x080044e8                RODOS::ListElement::ListElement(RODOS::ListElement*&, char const*, void*)
                0x080044e8                RODOS::ListElement::ListElement(RODOS::ListElement*&, char const*, void*)
 .text._ZN5RODOS11ListElement6appendERPS0_
                0x08004528       0x50 C:\Users\pinker\Desktop\Floatsat\Eclipse Luna SR1 121\Workspace\rodos\Debug_STM32F4\librodos.a(listelement.o)
                0x08004528                RODOS::ListElement::append(RODOS::ListElement*&)
 .text._ZN5RODOS11ListElementD2Ev
                0x08004578       0x1c C:\Users\pinker\Desktop\Floatsat\Eclipse Luna SR1 121\Workspace\rodos\Debug_STM32F4\librodos.a(listelement.o)
                0x08004578                RODOS::ListElement::~ListElement()
                0x08004578                RODOS::ListElement::~ListElement()
 .text.strlen   0x08004594       0x3c C:\Users\pinker\Desktop\Floatsat\Eclipse Luna SR1 121\Workspace\rodos\Debug_STM32F4\librodos.a(string_pico.o)
                0x08004594                strlen
 .text.memset   0x080045d0       0x44 C:\Users\pinker\Desktop\Floatsat\Eclipse Luna SR1 121\Workspace\rodos\Debug_STM32F4\librodos.a(string_pico.o)
                0x080045d0                memset
 .text.memcpy   0x08004614       0x54 C:\Users\pinker\Desktop\Floatsat\Eclipse Luna SR1 121\Workspace\rodos\Debug_STM32F4\librodos.a(string_pico.o)
                0x08004614                memcpy
 .text.strcmp   0x08004668       0x6c C:\Users\pinker\Desktop\Floatsat\Eclipse Luna SR1 121\Workspace\rodos\Debug_STM32F4\librodos.a(string_pico.o)
                0x08004668                strcmp
 .text._ZdlPv   0x080046d4       0x14 C:\Users\pinker\Desktop\Floatsat\Eclipse Luna SR1 121\Workspace\rodos\Debug_STM32F4\librodos.a(string_pico.o)
                0x080046d4                operator delete(void*)
 .text._ZN5RODOS10SubscriberC2ERNS_14TopicInterfaceERNS_6PutterEPKcb
                0x080046e8       0x64 C:\Users\pinker\Desktop\Floatsat\Eclipse Luna SR1 121\Workspace\rodos\Debug_STM32F4\librodos.a(subscriber.o)
                0x080046e8                RODOS::Subscriber::Subscriber(RODOS::TopicInterface&, RODOS::Putter&, char const*, bool)
                0x080046e8                RODOS::Subscriber::Subscriber(RODOS::TopicInterface&, RODOS::Putter&, char const*, bool)
 .text._ZN5RODOS10Subscriber3putEllPKvl
                0x0800474c       0x20 C:\Users\pinker\Desktop\Floatsat\Eclipse Luna SR1 121\Workspace\rodos\Debug_STM32F4\librodos.a(subscriber.o)
                0x0800474c                RODOS::Subscriber::put(long, long, void const*, long)
 .text._ZN5RODOS10Subscriber3putEllPKvRKNS_10NetMsgInfoE
                0x0800476c       0xac C:\Users\pinker\Desktop\Floatsat\Eclipse Luna SR1 121\Workspace\rodos\Debug_STM32F4\librodos.a(subscriber.o)
                0x0800476c                RODOS::Subscriber::put(long, long, void const*, RODOS::NetMsgInfo const&)
 .text._ZN5RODOS10Subscriber16putFromInterruptElPKvi
                0x08004818       0x3c C:\Users\pinker\Desktop\Floatsat\Eclipse Luna SR1 121\Workspace\rodos\Debug_STM32F4\librodos.a(subscriber.o)
                0x08004818                RODOS::Subscriber::putFromInterrupt(long, void const*, int)
 .text._ZN5RODOS6Thread15setPeriodicBeatExx
                0x08004854       0x2c C:\Users\pinker\Desktop\Floatsat\Eclipse Luna SR1 121\Workspace\rodos\Debug_STM32F4\librodos.a(thread.o)
                0x08004854                RODOS::Thread::setPeriodicBeat(long long, long long)
 .text._ZN5RODOS6Thread20suspendUntilNextBeatEv
                0x08004880       0x64 C:\Users\pinker\Desktop\Floatsat\Eclipse Luna SR1 121\Workspace\rodos\Debug_STM32F4\librodos.a(thread.o)
                0x08004880                RODOS::Thread::suspendUntilNextBeat()
 .text._ZN5RODOS6Thread20setPrioCurrentRunnerEl
                0x080048e4       0x28 C:\Users\pinker\Desktop\Floatsat\Eclipse Luna SR1 121\Workspace\rodos\Debug_STM32F4\librodos.a(thread.o)
                0x080048e4                RODOS::Thread::setPrioCurrentRunner(long)
 .text._ZN5RODOS9TimeModelC2Ev
                0x0800490c       0x48 C:\Users\pinker\Desktop\Floatsat\Eclipse Luna SR1 121\Workspace\rodos\Debug_STM32F4\librodos.a(timemodel.o)
                0x0800490c                RODOS::TimeModel::TimeModel()
                0x0800490c                RODOS::TimeModel::TimeModel()
 .text._ZN5RODOS9TimeModel14getNanosecondsEv
                0x08004954       0x14 C:\Users\pinker\Desktop\Floatsat\Eclipse Luna SR1 121\Workspace\rodos\Debug_STM32F4\librodos.a(timemodel.o)
                0x08004954                RODOS::TimeModel::getNanoseconds()
 .text._ZN5RODOS9TimeModel15computeNextBeatExxx
                0x08004968       0x88 C:\Users\pinker\Desktop\Floatsat\Eclipse Luna SR1 121\Workspace\rodos\Debug_STM32F4\librodos.a(timemodel.o)
                0x08004968                RODOS::TimeModel::computeNextBeat(long long, long long, long long)
 .text._Z41__static_initialization_and_destruction_0ii
                0x080049f0       0x2c C:\Users\pinker\Desktop\Floatsat\Eclipse Luna SR1 121\Workspace\rodos\Debug_STM32F4\librodos.a(timemodel.o)
 .text._GLOBAL__sub_I__ZN5RODOS7sysTimeE
                0x08004a1c       0x10 C:\Users\pinker\Desktop\Floatsat\Eclipse Luna SR1 121\Workspace\rodos\Debug_STM32F4\librodos.a(timemodel.o)
 .text._ZN5RODOS14TopicInterfaceC2EllPKc
                0x08004a2c       0xe0 C:\Users\pinker\Desktop\Floatsat\Eclipse Luna SR1 121\Workspace\rodos\Debug_STM32F4\librodos.a(topic.o)
                0x08004a2c                RODOS::TopicInterface::TopicInterface(long, long, char const*)
                0x08004a2c                RODOS::TopicInterface::TopicInterface(long, long, char const*)
 .text._ZN5RODOS5TopicINS_13GenericMsgRefEED2Ev
                0x08004b0c       0x3c C:\Users\pinker\Desktop\Floatsat\Eclipse Luna SR1 121\Workspace\rodos\Debug_STM32F4\librodos.a(topic.o)
                0x08004b0c                RODOS::Topic<RODOS::GenericMsgRef>::~Topic()
                0x08004b0c                RODOS::Topic<RODOS::GenericMsgRef>::~Topic()
 .text._ZN5RODOS5TopicINS_13GenericMsgRefEED0Ev
                0x08004b48       0x20 C:\Users\pinker\Desktop\Floatsat\Eclipse Luna SR1 121\Workspace\rodos\Debug_STM32F4\librodos.a(topic.o)
                0x08004b48                RODOS::Topic<RODOS::GenericMsgRef>::~Topic()
 .text._ZN5RODOS5TopicINS_13GenericMsgRefEEC2ElPKc
                0x08004b68       0x30 C:\Users\pinker\Desktop\Floatsat\Eclipse Luna SR1 121\Workspace\rodos\Debug_STM32F4\librodos.a(topic.o)
                0x08004b68                RODOS::Topic<RODOS::GenericMsgRef>::Topic(long, char const*)
                0x08004b68                RODOS::Topic<RODOS::GenericMsgRef>::Topic(long, char const*)
 .text._ZN5RODOS5TopicINS_14NetworkMessageEEC2ElPKc
                0x08004b98       0x30 C:\Users\pinker\Desktop\Floatsat\Eclipse Luna SR1 121\Workspace\rodos\Debug_STM32F4\librodos.a(topic.o)
                0x08004b98                RODOS::Topic<RODOS::NetworkMessage>::Topic(long, char const*)
                0x08004b98                RODOS::Topic<RODOS::NetworkMessage>::Topic(long, char const*)
 .text._ZN5RODOS5TopicIPvEC2ElPKc
                0x08004bc8       0x30 C:\Users\pinker\Desktop\Floatsat\Eclipse Luna SR1 121\Workspace\rodos\Debug_STM32F4\librodos.a(topic.o)
                0x08004bc8                RODOS::Topic<void*>::Topic(long, char const*)
                0x08004bc8                RODOS::Topic<void*>::Topic(long, char const*)
 .text._Z41__static_initialization_and_destruction_0ii
                0x08004bf8      0x104 C:\Users\pinker\Desktop\Floatsat\Eclipse Luna SR1 121\Workspace\rodos\Debug_STM32F4\librodos.a(topic.o)
 .text._ZN5RODOS5TopicIPvED2Ev
                0x08004cfc       0x3c C:\Users\pinker\Desktop\Floatsat\Eclipse Luna SR1 121\Workspace\rodos\Debug_STM32F4\librodos.a(topic.o)
                0x08004cfc                RODOS::Topic<void*>::~Topic()
                0x08004cfc                RODOS::Topic<void*>::~Topic()
 .text._ZN5RODOS5TopicIPvED0Ev
                0x08004d38       0x20 C:\Users\pinker\Desktop\Floatsat\Eclipse Luna SR1 121\Workspace\rodos\Debug_STM32F4\librodos.a(topic.o)
                0x08004d38                RODOS::Topic<void*>::~Topic()
 .text._ZN5RODOS5TopicINS_14NetworkMessageEED2Ev
                0x08004d58       0x3c C:\Users\pinker\Desktop\Floatsat\Eclipse Luna SR1 121\Workspace\rodos\Debug_STM32F4\librodos.a(topic.o)
                0x08004d58                RODOS::Topic<RODOS::NetworkMessage>::~Topic()
                0x08004d58                RODOS::Topic<RODOS::NetworkMessage>::~Topic()
 .text._ZN5RODOS5TopicINS_14NetworkMessageEED0Ev
                0x08004d94       0x20 C:\Users\pinker\Desktop\Floatsat\Eclipse Luna SR1 121\Workspace\rodos\Debug_STM32F4\librodos.a(topic.o)
                0x08004d94                RODOS::Topic<RODOS::NetworkMessage>::~Topic()
 .text._GLOBAL__sub_I__ZN5RODOS14TopicInterfaceC2EllPKc
                0x08004db4       0x10 C:\Users\pinker\Desktop\Floatsat\Eclipse Luna SR1 121\Workspace\rodos\Debug_STM32F4\librodos.a(topic.o)
 .text._ZN5RODOS7Yprintf8vaprintfEPKc
                0x08004dc4      0x4e4 C:\Users\pinker\Desktop\Floatsat\Eclipse Luna SR1 121\Workspace\rodos\Debug_STM32F4\librodos.a(yprintf.o)
                0x08004dc4                RODOS::Yprintf::vaprintf(char const*)
 .text._ZN5RODOS7xprintfEPKcz
                0x080052a8       0x40 C:\Users\pinker\Desktop\Floatsat\Eclipse Luna SR1 121\Workspace\rodos\Debug_STM32F4\librodos.a(yprintf.o)
                0x080052a8                RODOS::xprintf(char const*, ...)
 .text.call_constructors
                0x080052e8       0x40 C:\Users\pinker\Desktop\Floatsat\Eclipse Luna SR1 121\Workspace\rodos\Debug_STM32F4\librodos.a(call_constructors.o)
                0x080052e8                call_constructors
 .text.__cxa_atexit
                0x08005328       0x1c C:\Users\pinker\Desktop\Floatsat\Eclipse Luna SR1 121\Workspace\rodos\Debug_STM32F4\librodos.a(call_constructors.o)
                0x08005328                __cxa_atexit
 .text.__cxa_pure_virtual
                0x08005344        0x8 C:\Users\pinker\Desktop\Floatsat\Eclipse Luna SR1 121\Workspace\rodos\Debug_STM32F4\librodos.a(call_constructors.o)
                0x08005344                __cxa_pure_virtual
 .text.Reset_Handler
                0x0800534c       0x6c C:\Users\pinker\Desktop\Floatsat\Eclipse Luna SR1 121\Workspace\rodos\Debug_STM32F4\librodos.a(startup_stm32f4xx.o)
                0x0800534c                Reset_Handler
 .text.Default_Handler
                0x080053b8        0x8 C:\Users\pinker\Desktop\Floatsat\Eclipse Luna SR1 121\Workspace\rodos\Debug_STM32F4\librodos.a(startup_stm32f4xx.o)
                0x080053b8                RTC_Alarm_IRQHandler
                0x080053b8                HASH_RNG_IRQHandler
                0x080053b8                TIM8_CC_IRQHandler
                0x080053b8                DebugMon_Handler
                0x080053b8                TIM1_CC_IRQHandler
                0x080053b8                PVD_IRQHandler
                0x080053b8                SDIO_IRQHandler
                0x080053b8                TAMP_STAMP_IRQHandler
                0x080053b8                CAN2_RX1_IRQHandler
                0x080053b8                TIM8_TRG_COM_TIM14_IRQHandler
                0x080053b8                TIM1_UP_TIM10_IRQHandler
                0x080053b8                TIM8_UP_TIM13_IRQHandler
                0x080053b8                I2C3_ER_IRQHandler
                0x080053b8                I2C2_EV_IRQHandler
                0x080053b8                DMA1_Stream2_IRQHandler
                0x080053b8                CAN1_RX0_IRQHandler
                0x080053b8                FPU_IRQHandler
                0x080053b8                OTG_HS_WKUP_IRQHandler
                0x080053b8                CAN2_SCE_IRQHandler
                0x080053b8                DMA2_Stream2_IRQHandler
                0x080053b8                SPI1_IRQHandler
                0x080053b8                TIM6_DAC_IRQHandler
                0x080053b8                TIM1_BRK_TIM9_IRQHandler
                0x080053b8                DCMI_IRQHandler
                0x080053b8                CAN2_RX0_IRQHandler
                0x080053b8                DMA2_Stream3_IRQHandler
                0x080053b8                CRYP_IRQHandler
                0x080053b8                CAN1_RX1_IRQHandler
                0x080053b8                DMA2_Stream0_IRQHandler
                0x080053b8                TIM4_IRQHandler
                0x080053b8                I2C1_EV_IRQHandler
                0x080053b8                TIM3_IRQHandler
                0x080053b8                RCC_IRQHandler
                0x080053b8                TIM8_BRK_TIM12_IRQHandler
                0x080053b8                Default_Handler
                0x080053b8                ADC_IRQHandler
                0x080053b8                DMA1_Stream7_IRQHandler
                0x080053b8                TIM7_IRQHandler
                0x080053b8                CAN2_TX_IRQHandler
                0x080053b8                I2C3_EV_IRQHandler
                0x080053b8                RTC_WKUP_IRQHandler
                0x080053b8                ETH_WKUP_IRQHandler
                0x080053b8                SPI2_IRQHandler
                0x080053b8                OTG_HS_EP1_IN_IRQHandler
                0x080053b8                DMA1_Stream0_IRQHandler
                0x080053b8                CAN1_TX_IRQHandler
                0x080053b8                FSMC_IRQHandler
                0x080053b8                ETH_IRQHandler
                0x080053b8                OTG_HS_EP1_OUT_IRQHandler
                0x080053b8                WWDG_IRQHandler
                0x080053b8                TIM2_IRQHandler
                0x080053b8                OTG_FS_WKUP_IRQHandler
                0x080053b8                OTG_HS_IRQHandler
                0x080053b8                I2C2_ER_IRQHandler
                0x080053b8                DMA2_Stream1_IRQHandler
                0x080053b8                CAN1_SCE_IRQHandler
                0x080053b8                FLASH_IRQHandler
                0x080053b8                DMA2_Stream4_IRQHandler
                0x080053b8                OTG_FS_IRQHandler
                0x080053b8                SPI3_IRQHandler
                0x080053b8                DMA1_Stream4_IRQHandler
                0x080053b8                I2C1_ER_IRQHandler
                0x080053b8                DMA2_Stream6_IRQHandler
 .text._ZnwjPv  0x080053c0       0x18 C:\Users\pinker\Desktop\Floatsat\Eclipse Luna SR1 121\Workspace\rodos\Debug_STM32F4\librodos.a(hal_adc.o)
                0x080053c0                operator new(unsigned int, void*)
 .text._ZN5RODOS7HAL_ADC15isWriteFinishedEv
                0x080053d8       0x18 C:\Users\pinker\Desktop\Floatsat\Eclipse Luna SR1 121\Workspace\rodos\Debug_STM32F4\librodos.a(hal_adc.o)
                0x080053d8                RODOS::HAL_ADC::isWriteFinished()
 .text._ZN5RODOS7HAL_ADC14isReadFinishedEv
                0x080053f0       0x18 C:\Users\pinker\Desktop\Floatsat\Eclipse Luna SR1 121\Workspace\rodos\Debug_STM32F4\librodos.a(hal_adc.o)
                0x080053f0                RODOS::HAL_ADC::isReadFinished()
 .text._ZN5RODOS10HW_HAL_ADCC2Ev
                0x08005408       0x18 C:\Users\pinker\Desktop\Floatsat\Eclipse Luna SR1 121\Workspace\rodos\Debug_STM32F4\librodos.a(hal_adc.o)
                0x08005408                RODOS::HW_HAL_ADC::HW_HAL_ADC()
                0x08005408                RODOS::HW_HAL_ADC::HW_HAL_ADC()
 .text._ZN5RODOS10HW_HAL_ADCC2ENS_7ADC_IDXE
                0x08005420       0x8c C:\Users\pinker\Desktop\Floatsat\Eclipse Luna SR1 121\Workspace\rodos\Debug_STM32F4\librodos.a(hal_adc.o)
                0x08005420                RODOS::HW_HAL_ADC::HW_HAL_ADC(RODOS::ADC_IDX)
                0x08005420                RODOS::HW_HAL_ADC::HW_HAL_ADC(RODOS::ADC_IDX)
 .text._ZN5RODOS7HAL_ADCC2ENS_7ADC_IDXE
                0x080054ac       0x70 C:\Users\pinker\Desktop\Floatsat\Eclipse Luna SR1 121\Workspace\rodos\Debug_STM32F4\librodos.a(hal_adc.o)
                0x080054ac                RODOS::HAL_ADC::HAL_ADC(RODOS::ADC_IDX)
                0x080054ac                RODOS::HAL_ADC::HAL_ADC(RODOS::ADC_IDX)
 .text._ZN5RODOS7HAL_ADC5resetEv
                0x0800551c       0xb0 C:\Users\pinker\Desktop\Floatsat\Eclipse Luna SR1 121\Workspace\rodos\Debug_STM32F4\librodos.a(hal_adc.o)
                0x0800551c                RODOS::HAL_ADC::reset()
 .text._ZN5RODOS10HW_HAL_ADC20getChannelPropertiesENS_11ADC_CHANNELE
                0x080055cc      0x37c C:\Users\pinker\Desktop\Floatsat\Eclipse Luna SR1 121\Workspace\rodos\Debug_STM32F4\librodos.a(hal_adc.o)
                0x080055cc                RODOS::HW_HAL_ADC::getChannelProperties(RODOS::ADC_CHANNEL)
 .text._Z41__static_initialization_and_destruction_0ii
                0x08005948       0x3c C:\Users\pinker\Desktop\Floatsat\Eclipse Luna SR1 121\Workspace\rodos\Debug_STM32F4\librodos.a(hal_adc.o)
 .text._GLOBAL__sub_I__ZN5RODOS15adcContextArrayE
                0x08005984       0x10 C:\Users\pinker\Desktop\Floatsat\Eclipse Luna SR1 121\Workspace\rodos\Debug_STM32F4\librodos.a(hal_adc.o)
 .text._ZN5RODOS8HAL_GPIO15isWriteFinishedEv
                0x08005994       0x18 C:\Users\pinker\Desktop\Floatsat\Eclipse Luna SR1 121\Workspace\rodos\Debug_STM32F4\librodos.a(hal_gpio.o)
                0x08005994                RODOS::HAL_GPIO::isWriteFinished()
 .text._ZN5RODOS8HAL_GPIO14isReadFinishedEv
                0x080059ac       0x18 C:\Users\pinker\Desktop\Floatsat\Eclipse Luna SR1 121\Workspace\rodos\Debug_STM32F4\librodos.a(hal_gpio.o)
                0x080059ac                RODOS::HAL_GPIO::isReadFinished()
 .text.NVIC_EnableIRQ
                0x080059c4       0x30 C:\Users\pinker\Desktop\Floatsat\Eclipse Luna SR1 121\Workspace\rodos\Debug_STM32F4\librodos.a(hal_gpio.o)
 .text.NVIC_ClearPendingIRQ
                0x080059f4       0x34 C:\Users\pinker\Desktop\Floatsat\Eclipse Luna SR1 121\Workspace\rodos\Debug_STM32F4\librodos.a(hal_gpio.o)
 .text._ZN5RODOS17initEXTInterruptsEv
                0x08005a28       0x54 C:\Users\pinker\Desktop\Floatsat\Eclipse Luna SR1 121\Workspace\rodos\Debug_STM32F4\librodos.a(hal_gpio.o)
                0x08005a28                RODOS::initEXTInterrupts()
 .text._ZN5RODOS11HW_HAL_GPIOC2ENS_8GPIO_PINEhb
                0x08005a7c       0x6c C:\Users\pinker\Desktop\Floatsat\Eclipse Luna SR1 121\Workspace\rodos\Debug_STM32F4\librodos.a(hal_gpio.o)
                0x08005a7c                RODOS::HW_HAL_GPIO::HW_HAL_GPIO(RODOS::GPIO_PIN, unsigned char, bool)
                0x08005a7c                RODOS::HW_HAL_GPIO::HW_HAL_GPIO(RODOS::GPIO_PIN, unsigned char, bool)
 .text._ZN5RODOS11HW_HAL_GPIO10setPinMaskEv
                0x08005ae8       0x74 C:\Users\pinker\Desktop\Floatsat\Eclipse Luna SR1 121\Workspace\rodos\Debug_STM32F4\librodos.a(hal_gpio.o)
                0x08005ae8                RODOS::HW_HAL_GPIO::setPinMask()
 .text._ZN5RODOS11HW_HAL_GPIO13EXTIRQHandlerEv
                0x08005b5c       0x54 C:\Users\pinker\Desktop\Floatsat\Eclipse Luna SR1 121\Workspace\rodos\Debug_STM32F4\librodos.a(hal_gpio.o)
                0x08005b5c                RODOS::HW_HAL_GPIO::EXTIRQHandler()
 .text._ZN5RODOS11HW_HAL_GPIO17getGPIO_PinSourceEm
                0x08005bb0       0x38 C:\Users\pinker\Desktop\Floatsat\Eclipse Luna SR1 121\Workspace\rodos\Debug_STM32F4\librodos.a(hal_gpio.o)
                0x08005bb0                RODOS::HW_HAL_GPIO::getGPIO_PinSource(unsigned long)
 .text._ZN5RODOS11HW_HAL_GPIO23getRCC_APB1Periph_GPIOxEP12GPIO_TypeDef
                0x08005be8       0xd4 C:\Users\pinker\Desktop\Floatsat\Eclipse Luna SR1 121\Workspace\rodos\Debug_STM32F4\librodos.a(hal_gpio.o)
                0x08005be8                RODOS::HW_HAL_GPIO::getRCC_APB1Periph_GPIOx(GPIO_TypeDef*)
 .text._ZN5RODOS11HW_HAL_GPIO12getSTM32PortENS_8GPIO_PINE
                0x08005cbc       0xa8 C:\Users\pinker\Desktop\Floatsat\Eclipse Luna SR1 121\Workspace\rodos\Debug_STM32F4\librodos.a(hal_gpio.o)
                0x08005cbc                RODOS::HW_HAL_GPIO::getSTM32Port(RODOS::GPIO_PIN)
 .text._ZN5RODOS11HW_HAL_GPIO11getSTM32PinENS_8GPIO_PINE
                0x08005d64       0x24 C:\Users\pinker\Desktop\Floatsat\Eclipse Luna SR1 121\Workspace\rodos\Debug_STM32F4\librodos.a(hal_gpio.o)
                0x08005d64                RODOS::HW_HAL_GPIO::getSTM32Pin(RODOS::GPIO_PIN)
 .text._ZN5RODOS11HW_HAL_GPIO14configureAFPinENS_8GPIO_PINEh
                0x08005d88       0xa0 C:\Users\pinker\Desktop\Floatsat\Eclipse Luna SR1 121\Workspace\rodos\Debug_STM32F4\librodos.a(hal_gpio.o)
                0x08005d88                RODOS::HW_HAL_GPIO::configureAFPin(RODOS::GPIO_PIN, unsigned char)
 .text._ZN5RODOS11HW_HAL_GPIO8resetPinENS_8GPIO_PINE
                0x08005e28       0x60 C:\Users\pinker\Desktop\Floatsat\Eclipse Luna SR1 121\Workspace\rodos\Debug_STM32F4\librodos.a(hal_gpio.o)
                0x08005e28                RODOS::HW_HAL_GPIO::resetPin(RODOS::GPIO_PIN)
 .text._ZN5RODOS8HAL_GPIOC2ENS_8GPIO_PINE
                0x08005e88       0x68 C:\Users\pinker\Desktop\Floatsat\Eclipse Luna SR1 121\Workspace\rodos\Debug_STM32F4\librodos.a(hal_gpio.o)
                0x08005e88                RODOS::HAL_GPIO::HAL_GPIO(RODOS::GPIO_PIN)
                0x08005e88                RODOS::HAL_GPIO::HAL_GPIO(RODOS::GPIO_PIN)
 .text._ZN5RODOS8HAL_GPIO4initEbmm
                0x08005ef0       0x90 C:\Users\pinker\Desktop\Floatsat\Eclipse Luna SR1 121\Workspace\rodos\Debug_STM32F4\librodos.a(hal_gpio.o)
                0x08005ef0                RODOS::HAL_GPIO::init(bool, unsigned long, unsigned long)
 .text._ZN5RODOS8HAL_GPIO6configENS_13GPIO_CFG_TYPEEm
                0x08005f80      0x158 C:\Users\pinker\Desktop\Floatsat\Eclipse Luna SR1 121\Workspace\rodos\Debug_STM32F4\librodos.a(hal_gpio.o)
                0x08005f80                RODOS::HAL_GPIO::config(RODOS::GPIO_CFG_TYPE, unsigned long)
 .text._ZN5RODOS8HAL_GPIO5resetEv
                0x080060d8       0x24 C:\Users\pinker\Desktop\Floatsat\Eclipse Luna SR1 121\Workspace\rodos\Debug_STM32F4\librodos.a(hal_gpio.o)
                0x080060d8                RODOS::HAL_GPIO::reset()
 .text._ZN5RODOS8HAL_GPIO7setPinsEm
                0x080060fc       0x98 C:\Users\pinker\Desktop\Floatsat\Eclipse Luna SR1 121\Workspace\rodos\Debug_STM32F4\librodos.a(hal_gpio.o)
                0x080060fc                RODOS::HAL_GPIO::setPins(unsigned long)
 .text._ZN5RODOS8HAL_GPIO8readPinsEv
                0x08006194       0x74 C:\Users\pinker\Desktop\Floatsat\Eclipse Luna SR1 121\Workspace\rodos\Debug_STM32F4\librodos.a(hal_gpio.o)
                0x08006194                RODOS::HAL_GPIO::readPins()
 .text._ZN5RODOS8HAL_GPIO11isDataReadyEv
                0x08006208       0x1c C:\Users\pinker\Desktop\Floatsat\Eclipse Luna SR1 121\Workspace\rodos\Debug_STM32F4\librodos.a(hal_gpio.o)
                0x08006208                RODOS::HAL_GPIO::isDataReady()
 .text._ZN5RODOS8HAL_GPIO15interruptEnableEb
                0x08006224      0x178 C:\Users\pinker\Desktop\Floatsat\Eclipse Luna SR1 121\Workspace\rodos\Debug_STM32F4\librodos.a(hal_gpio.o)
                0x08006224                RODOS::HAL_GPIO::interruptEnable(bool)
 .text.EXTI0_IRQHandler
                0x0800639c       0x24 C:\Users\pinker\Desktop\Floatsat\Eclipse Luna SR1 121\Workspace\rodos\Debug_STM32F4\librodos.a(hal_gpio.o)
                0x0800639c                EXTI0_IRQHandler
 .text.EXTI1_IRQHandler
                0x080063c0       0x24 C:\Users\pinker\Desktop\Floatsat\Eclipse Luna SR1 121\Workspace\rodos\Debug_STM32F4\librodos.a(hal_gpio.o)
                0x080063c0                EXTI1_IRQHandler
 .text.EXTI2_IRQHandler
                0x080063e4       0x24 C:\Users\pinker\Desktop\Floatsat\Eclipse Luna SR1 121\Workspace\rodos\Debug_STM32F4\librodos.a(hal_gpio.o)
                0x080063e4                EXTI2_IRQHandler
 .text.EXTI3_IRQHandler
                0x08006408       0x24 C:\Users\pinker\Desktop\Floatsat\Eclipse Luna SR1 121\Workspace\rodos\Debug_STM32F4\librodos.a(hal_gpio.o)
                0x08006408                EXTI3_IRQHandler
 .text.EXTI4_IRQHandler
                0x0800642c       0x24 C:\Users\pinker\Desktop\Floatsat\Eclipse Luna SR1 121\Workspace\rodos\Debug_STM32F4\librodos.a(hal_gpio.o)
                0x0800642c                EXTI4_IRQHandler
 .text.EXTI9_5_IRQHandler
                0x08006450       0x5c C:\Users\pinker\Desktop\Floatsat\Eclipse Luna SR1 121\Workspace\rodos\Debug_STM32F4\librodos.a(hal_gpio.o)
                0x08006450                EXTI9_5_IRQHandler
 .text.EXTI15_10_IRQHandler
                0x080064ac       0x5c C:\Users\pinker\Desktop\Floatsat\Eclipse Luna SR1 121\Workspace\rodos\Debug_STM32F4\librodos.a(hal_gpio.o)
                0x080064ac                EXTI15_10_IRQHandler
 .text._ZN5RODOS10HW_HAL_I2CC2ENS_7I2C_IDXE
                0x08006508       0x20 C:\Users\pinker\Desktop\Floatsat\Eclipse Luna SR1 121\Workspace\rodos\Debug_STM32F4\librodos.a(hal_i2c.o)
                0x08006508                RODOS::HW_HAL_I2C::HW_HAL_I2C(RODOS::I2C_IDX)
                0x08006508                RODOS::HW_HAL_I2C::HW_HAL_I2C(RODOS::I2C_IDX)
 .text._ZN5RODOS10HW_HAL_I2CC2Ev
                0x08006528       0x18 C:\Users\pinker\Desktop\Floatsat\Eclipse Luna SR1 121\Workspace\rodos\Debug_STM32F4\librodos.a(hal_i2c.o)
                0x08006528                RODOS::HW_HAL_I2C::HW_HAL_I2C()
                0x08006528                RODOS::HW_HAL_I2C::HW_HAL_I2C()
 .text._ZN5RODOS7HAL_I2CC2ENS_7I2C_IDXE
                0x08006540       0xcc C:\Users\pinker\Desktop\Floatsat\Eclipse Luna SR1 121\Workspace\rodos\Debug_STM32F4\librodos.a(hal_i2c.o)
                0x08006540                RODOS::HAL_I2C::HAL_I2C(RODOS::I2C_IDX)
                0x08006540                RODOS::HAL_I2C::HAL_I2C(RODOS::I2C_IDX)
 .text._ZN5RODOS7HAL_I2C4initEm
                0x0800660c      0x118 C:\Users\pinker\Desktop\Floatsat\Eclipse Luna SR1 121\Workspace\rodos\Debug_STM32F4\librodos.a(hal_i2c.o)
                0x0800660c                RODOS::HAL_I2C::init(unsigned long)
 .text._ZN5RODOS7HAL_I2C5resetEv
                0x08006724      0x158 C:\Users\pinker\Desktop\Floatsat\Eclipse Luna SR1 121\Workspace\rodos\Debug_STM32F4\librodos.a(hal_i2c.o)
                0x08006724                RODOS::HAL_I2C::reset()
 .text._ZN5RODOS7HAL_I2C15isWriteFinishedEv
                0x0800687c       0x18 C:\Users\pinker\Desktop\Floatsat\Eclipse Luna SR1 121\Workspace\rodos\Debug_STM32F4\librodos.a(hal_i2c.o)
                0x0800687c                RODOS::HAL_I2C::isWriteFinished()
 .text._ZN5RODOS7HAL_I2C14isReadFinishedEv
                0x08006894       0x18 C:\Users\pinker\Desktop\Floatsat\Eclipse Luna SR1 121\Workspace\rodos\Debug_STM32F4\librodos.a(hal_i2c.o)
                0x08006894                RODOS::HAL_I2C::isReadFinished()
 .text._ZN5RODOS7HAL_I2C5writeEhPKhm
                0x080068ac       0x68 C:\Users\pinker\Desktop\Floatsat\Eclipse Luna SR1 121\Workspace\rodos\Debug_STM32F4\librodos.a(hal_i2c.o)
                0x080068ac                RODOS::HAL_I2C::write(unsigned char, unsigned char const*, unsigned long)
 .text._ZN5RODOS7HAL_I2C9writeReadEhPKhmPhm
                0x08006914      0x120 C:\Users\pinker\Desktop\Floatsat\Eclipse Luna SR1 121\Workspace\rodos\Debug_STM32F4\librodos.a(hal_i2c.o)
                0x08006914                RODOS::HAL_I2C::writeRead(unsigned char, unsigned char const*, unsigned long, unsigned char*, unsigned long)
 .text._ZN5RODOS10HW_HAL_I2C15mstrWriteNoStopEhPKhm
                0x08006a34      0x134 C:\Users\pinker\Desktop\Floatsat\Eclipse Luna SR1 121\Workspace\rodos\Debug_STM32F4\librodos.a(hal_i2c.o)
                0x08006a34                RODOS::HW_HAL_I2C::mstrWriteNoStop(unsigned char, unsigned char const*, unsigned long)
 .text._ZN5RODOS10HW_HAL_I2C9mstrWriteEhPKhm
                0x08006b68       0x50 C:\Users\pinker\Desktop\Floatsat\Eclipse Luna SR1 121\Workspace\rodos\Debug_STM32F4\librodos.a(hal_i2c.o)
                0x08006b68                RODOS::HW_HAL_I2C::mstrWrite(unsigned char, unsigned char const*, unsigned long)
 .text._ZN5RODOS10HW_HAL_I2C5startEv
                0x08006bb8       0xd0 C:\Users\pinker\Desktop\Floatsat\Eclipse Luna SR1 121\Workspace\rodos\Debug_STM32F4\librodos.a(hal_i2c.o)
                0x08006bb8                RODOS::HW_HAL_I2C::start()
 .text._ZN5RODOS10HW_HAL_I2C4stopEv
                0x08006c88       0x74 C:\Users\pinker\Desktop\Floatsat\Eclipse Luna SR1 121\Workspace\rodos\Debug_STM32F4\librodos.a(hal_i2c.o)
                0x08006c88                RODOS::HW_HAL_I2C::stop()
 .text._ZN5RODOS10HW_HAL_I2C8sendAddrEhh
                0x08006cfc       0xa0 C:\Users\pinker\Desktop\Floatsat\Eclipse Luna SR1 121\Workspace\rodos\Debug_STM32F4\librodos.a(hal_i2c.o)
                0x08006cfc                RODOS::HW_HAL_I2C::sendAddr(unsigned char, unsigned char)
 .text._ZN5RODOS10HW_HAL_I2C15mstrReadNoStartEhPhm
                0x08006d9c      0x54c C:\Users\pinker\Desktop\Floatsat\Eclipse Luna SR1 121\Workspace\rodos\Debug_STM32F4\librodos.a(hal_i2c.o)
                0x08006d9c                RODOS::HW_HAL_I2C::mstrReadNoStart(unsigned char, unsigned char*, unsigned long)
 .text._ZN5RODOS10HW_HAL_I2C11initMembersEPNS_7HAL_I2CENS_7I2C_IDXENS_8GPIO_PINES4_
                0x080072e8      0x10c C:\Users\pinker\Desktop\Floatsat\Eclipse Luna SR1 121\Workspace\rodos\Debug_STM32F4\librodos.a(hal_i2c.o)
                0x080072e8                RODOS::HW_HAL_I2C::initMembers(RODOS::HAL_I2C*, RODOS::I2C_IDX, RODOS::GPIO_PIN, RODOS::GPIO_PIN)
 .text._Z41__static_initialization_and_destruction_0ii
                0x080073f4       0x3c C:\Users\pinker\Desktop\Floatsat\Eclipse Luna SR1 121\Workspace\rodos\Debug_STM32F4\librodos.a(hal_i2c.o)
 .text._GLOBAL__sub_I__ZN5RODOS16I2C_contextArrayE
                0x08007430       0x10 C:\Users\pinker\Desktop\Floatsat\Eclipse Luna SR1 121\Workspace\rodos\Debug_STM32F4\librodos.a(hal_i2c.o)
 .text._ZN5RODOS7HAL_PWM15isWriteFinishedEv
                0x08007440       0x18 C:\Users\pinker\Desktop\Floatsat\Eclipse Luna SR1 121\Workspace\rodos\Debug_STM32F4\librodos.a(hal_pwm.o)
                0x08007440                RODOS::HAL_PWM::isWriteFinished()
 .text._ZN5RODOS7HAL_PWMC2ENS_7PWM_IDXE
                0x08007458       0x54 C:\Users\pinker\Desktop\Floatsat\Eclipse Luna SR1 121\Workspace\rodos\Debug_STM32F4\librodos.a(hal_pwm.o)
                0x08007458                RODOS::HAL_PWM::HAL_PWM(RODOS::PWM_IDX)
                0x08007458                RODOS::HAL_PWM::HAL_PWM(RODOS::PWM_IDX)
 .text._ZN5RODOS7HAL_PWM4initEii
                0x080074ac      0x67c C:\Users\pinker\Desktop\Floatsat\Eclipse Luna SR1 121\Workspace\rodos\Debug_STM32F4\librodos.a(hal_pwm.o)
                0x080074ac                RODOS::HAL_PWM::init(int, int)
 .text._ZN5RODOS7HAL_PWM5resetEv
                0x08007b28      0x250 C:\Users\pinker\Desktop\Floatsat\Eclipse Luna SR1 121\Workspace\rodos\Debug_STM32F4\librodos.a(hal_pwm.o)
                0x08007b28                RODOS::HAL_PWM::reset()
 .text._ZN5RODOS7HAL_PWM5writeEj
                0x08007d78      0x190 C:\Users\pinker\Desktop\Floatsat\Eclipse Luna SR1 121\Workspace\rodos\Debug_STM32F4\librodos.a(hal_pwm.o)
                0x08007d78                RODOS::HAL_PWM::write(unsigned int)
 .text._ZN5RODOS10HW_HAL_PWMC2ENS_7PWM_IDXE
                0x08007f08       0xe0 C:\Users\pinker\Desktop\Floatsat\Eclipse Luna SR1 121\Workspace\rodos\Debug_STM32F4\librodos.a(hal_pwm.o)
                0x08007f08                RODOS::HW_HAL_PWM::HW_HAL_PWM(RODOS::PWM_IDX)
                0x08007f08                RODOS::HW_HAL_PWM::HW_HAL_PWM(RODOS::PWM_IDX)
 .text._ZN5RODOS10HW_HAL_PWM14updateSettingsEv
                0x08007fe8      0x10c C:\Users\pinker\Desktop\Floatsat\Eclipse Luna SR1 121\Workspace\rodos\Debug_STM32F4\librodos.a(hal_pwm.o)
                0x08007fe8                RODOS::HW_HAL_PWM::updateSettings()
 .text._ZN5RODOS6Thread4initEv
                0x080080f4       0x14 C:\Users\pinker\Desktop\Floatsat\Eclipse Luna SR1 121\Workspace\rodos\Debug_STM32F4\librodos.a(hal_uart.o)
                0x080080f4                RODOS::Thread::init()
 .text.NVIC_EnableIRQ
                0x08008108       0x30 C:\Users\pinker\Desktop\Floatsat\Eclipse Luna SR1 121\Workspace\rodos\Debug_STM32F4\librodos.a(hal_uart.o)
 .text.NVIC_DisableIRQ
                0x08008138       0x34 C:\Users\pinker\Desktop\Floatsat\Eclipse Luna SR1 121\Workspace\rodos\Debug_STM32F4\librodos.a(hal_uart.o)
 .text.NVIC_ClearPendingIRQ
                0x0800816c       0x34 C:\Users\pinker\Desktop\Floatsat\Eclipse Luna SR1 121\Workspace\rodos\Debug_STM32F4\librodos.a(hal_uart.o)
 .text._ZN5RODOS14ReceiveTriggerC2Ev
                0x080081a0       0x30 C:\Users\pinker\Desktop\Floatsat\Eclipse Luna SR1 121\Workspace\rodos\Debug_STM32F4\librodos.a(hal_uart.o)
                0x080081a0                RODOS::ReceiveTrigger::ReceiveTrigger()
                0x080081a0                RODOS::ReceiveTrigger::ReceiveTrigger()
 .text._ZN5RODOS11HW_HAL_UARTC2Ev
                0x080081d0       0x28 C:\Users\pinker\Desktop\Floatsat\Eclipse Luna SR1 121\Workspace\rodos\Debug_STM32F4\librodos.a(hal_uart.o)
                0x080081d0                RODOS::HW_HAL_UART::HW_HAL_UART()
                0x080081d0                RODOS::HW_HAL_UART::HW_HAL_UART()
 .text._ZN5RODOS14ReceiveTrigger3runEv
                0x080081f8       0xc0 C:\Users\pinker\Desktop\Floatsat\Eclipse Luna SR1 121\Workspace\rodos\Debug_STM32F4\librodos.a(hal_uart.o)
                0x080081f8                RODOS::ReceiveTrigger::run()
 .text._ZN5RODOS8HAL_UARTC2ENS_8UART_IDXENS_8GPIO_PINES2_S2_S2_
                0x080082b8       0x80 C:\Users\pinker\Desktop\Floatsat\Eclipse Luna SR1 121\Workspace\rodos\Debug_STM32F4\librodos.a(hal_uart.o)
                0x080082b8                RODOS::HAL_UART::HAL_UART(RODOS::UART_IDX, RODOS::GPIO_PIN, RODOS::GPIO_PIN, RODOS::GPIO_PIN, RODOS::GPIO_PIN)
                0x080082b8                RODOS::HAL_UART::HAL_UART(RODOS::UART_IDX, RODOS::GPIO_PIN, RODOS::GPIO_PIN, RODOS::GPIO_PIN, RODOS::GPIO_PIN)
 .text._ZN5RODOS8HAL_UARTC2ENS_8UART_IDXE
                0x08008338      0x19c C:\Users\pinker\Desktop\Floatsat\Eclipse Luna SR1 121\Workspace\rodos\Debug_STM32F4\librodos.a(hal_uart.o)
                0x08008338                RODOS::HAL_UART::HAL_UART(RODOS::UART_IDX)
                0x08008338                RODOS::HAL_UART::HAL_UART(RODOS::UART_IDX)
 .text.USART1_IRQHandler
                0x080084d4       0x18 C:\Users\pinker\Desktop\Floatsat\Eclipse Luna SR1 121\Workspace\rodos\Debug_STM32F4\librodos.a(hal_uart.o)
                0x080084d4                USART1_IRQHandler
 .text.USART2_IRQHandler
                0x080084ec       0x18 C:\Users\pinker\Desktop\Floatsat\Eclipse Luna SR1 121\Workspace\rodos\Debug_STM32F4\librodos.a(hal_uart.o)
                0x080084ec                USART2_IRQHandler
 .text.USART3_IRQHandler
                0x08008504       0x18 C:\Users\pinker\Desktop\Floatsat\Eclipse Luna SR1 121\Workspace\rodos\Debug_STM32F4\librodos.a(hal_uart.o)
                0x08008504                USART3_IRQHandler
 .text.UART4_IRQHandler
                0x0800851c       0x18 C:\Users\pinker\Desktop\Floatsat\Eclipse Luna SR1 121\Workspace\rodos\Debug_STM32F4\librodos.a(hal_uart.o)
                0x0800851c                UART4_IRQHandler
 .text.UART5_IRQHandler
                0x08008534       0x18 C:\Users\pinker\Desktop\Floatsat\Eclipse Luna SR1 121\Workspace\rodos\Debug_STM32F4\librodos.a(hal_uart.o)
                0x08008534                UART5_IRQHandler
 .text.USART6_IRQHandler
                0x0800854c       0x18 C:\Users\pinker\Desktop\Floatsat\Eclipse Luna SR1 121\Workspace\rodos\Debug_STM32F4\librodos.a(hal_uart.o)
                0x0800854c                USART6_IRQHandler
 .text.DMA2_Stream7_IRQHandler
                0x08008564       0x48 C:\Users\pinker\Desktop\Floatsat\Eclipse Luna SR1 121\Workspace\rodos\Debug_STM32F4\librodos.a(hal_uart.o)
                0x08008564                DMA2_Stream7_IRQHandler
 .text.DMA1_Stream6_IRQHandler
                0x080085ac       0x48 C:\Users\pinker\Desktop\Floatsat\Eclipse Luna SR1 121\Workspace\rodos\Debug_STM32F4\librodos.a(hal_uart.o)
                0x080085ac                DMA1_Stream6_IRQHandler
 .text.DMA1_Stream3_IRQHandler
                0x080085f4       0x48 C:\Users\pinker\Desktop\Floatsat\Eclipse Luna SR1 121\Workspace\rodos\Debug_STM32F4\librodos.a(hal_uart.o)
                0x080085f4                DMA1_Stream3_IRQHandler
 .text.DMA2_Stream5_IRQHandler
                0x0800863c       0x48 C:\Users\pinker\Desktop\Floatsat\Eclipse Luna SR1 121\Workspace\rodos\Debug_STM32F4\librodos.a(hal_uart.o)
                0x0800863c                DMA2_Stream5_IRQHandler
 .text.DMA1_Stream5_IRQHandler
                0x08008684       0x48 C:\Users\pinker\Desktop\Floatsat\Eclipse Luna SR1 121\Workspace\rodos\Debug_STM32F4\librodos.a(hal_uart.o)
                0x08008684                DMA1_Stream5_IRQHandler
 .text.DMA1_Stream1_IRQHandler
                0x080086cc       0x48 C:\Users\pinker\Desktop\Floatsat\Eclipse Luna SR1 121\Workspace\rodos\Debug_STM32F4\librodos.a(hal_uart.o)
                0x080086cc                DMA1_Stream1_IRQHandler
 .text._ZN5RODOS8HAL_UART4initEj
                0x08008714       0x3c C:\Users\pinker\Desktop\Floatsat\Eclipse Luna SR1 121\Workspace\rodos\Debug_STM32F4\librodos.a(hal_uart.o)
                0x08008714                RODOS::HAL_UART::init(unsigned int)
 .text._ZN5RODOS8HAL_UART6configENS_19UART_PARAMETER_TYPEEi
                0x08008750      0x1d0 C:\Users\pinker\Desktop\Floatsat\Eclipse Luna SR1 121\Workspace\rodos\Debug_STM32F4\librodos.a(hal_uart.o)
                0x08008750                RODOS::HAL_UART::config(RODOS::UART_PARAMETER_TYPE, int)
 .text._ZN5RODOS8HAL_UART5resetEv
                0x08008920       0xc8 C:\Users\pinker\Desktop\Floatsat\Eclipse Luna SR1 121\Workspace\rodos\Debug_STM32F4\librodos.a(hal_uart.o)
                0x08008920                RODOS::HAL_UART::reset()
 .text._ZN5RODOS8HAL_UART4readEPci
                0x080089e8       0xdc C:\Users\pinker\Desktop\Floatsat\Eclipse Luna SR1 121\Workspace\rodos\Debug_STM32F4\librodos.a(hal_uart.o)
                0x080089e8                RODOS::HAL_UART::read(char*, int)
 .text._ZN5RODOS8HAL_UART5writeEPKci
                0x08008ac4       0xf0 C:\Users\pinker\Desktop\Floatsat\Eclipse Luna SR1 121\Workspace\rodos\Debug_STM32F4\librodos.a(hal_uart.o)
                0x08008ac4                RODOS::HAL_UART::write(char const*, int)
 .text._ZN5RODOS8HAL_UART13getcharNoWaitEv
                0x08008bb4       0x88 C:\Users\pinker\Desktop\Floatsat\Eclipse Luna SR1 121\Workspace\rodos\Debug_STM32F4\librodos.a(hal_uart.o)
                0x08008bb4                RODOS::HAL_UART::getcharNoWait()
 .text._ZN5RODOS8HAL_UART13putcharNoWaitEc
                0x08008c3c       0xa8 C:\Users\pinker\Desktop\Floatsat\Eclipse Luna SR1 121\Workspace\rodos\Debug_STM32F4\librodos.a(hal_uart.o)
                0x08008c3c                RODOS::HAL_UART::putcharNoWait(char)
 .text._ZN5RODOS8HAL_UART6statusENS_16UART_STATUS_TYPEE
                0x08008ce4       0x64 C:\Users\pinker\Desktop\Floatsat\Eclipse Luna SR1 121\Workspace\rodos\Debug_STM32F4\librodos.a(hal_uart.o)
                0x08008ce4                RODOS::HAL_UART::status(RODOS::UART_STATUS_TYPE)
 .text._ZN5RODOS8HAL_UART15isWriteFinishedEv
                0x08008d48       0x58 C:\Users\pinker\Desktop\Floatsat\Eclipse Luna SR1 121\Workspace\rodos\Debug_STM32F4\librodos.a(hal_uart.o)
                0x08008d48                RODOS::HAL_UART::isWriteFinished()
 .text._ZN5RODOS8HAL_UART11isDataReadyEv
                0x08008da0       0x3c C:\Users\pinker\Desktop\Floatsat\Eclipse Luna SR1 121\Workspace\rodos\Debug_STM32F4\librodos.a(hal_uart.o)
                0x08008da0                RODOS::HAL_UART::isDataReady()
 .text._ZN5RODOS11HW_HAL_UART11initMembersEPNS_8HAL_UARTENS_8UART_IDXENS_8GPIO_PINES4_S4_S4_
                0x08008ddc       0x6c C:\Users\pinker\Desktop\Floatsat\Eclipse Luna SR1 121\Workspace\rodos\Debug_STM32F4\librodos.a(hal_uart.o)
                0x08008ddc                RODOS::HW_HAL_UART::initMembers(RODOS::HAL_UART*, RODOS::UART_IDX, RODOS::GPIO_PIN, RODOS::GPIO_PIN, RODOS::GPIO_PIN, RODOS::GPIO_PIN)
 .text._ZN5RODOS11HW_HAL_UART12DMAConfigureEv
                0x08008e48      0x18c C:\Users\pinker\Desktop\Floatsat\Eclipse Luna SR1 121\Workspace\rodos\Debug_STM32F4\librodos.a(hal_uart.o)
                0x08008e48                RODOS::HW_HAL_UART::DMAConfigure()
 .text._ZN5RODOS11HW_HAL_UART16DMAStartTransferEPvi
                0x08008fd4       0x54 C:\Users\pinker\Desktop\Floatsat\Eclipse Luna SR1 121\Workspace\rodos\Debug_STM32F4\librodos.a(hal_uart.o)
                0x08008fd4                RODOS::HW_HAL_UART::DMAStartTransfer(void*, int)
 .text._ZN5RODOS11HW_HAL_UART15DMAStartReceiveEPvi
                0x08009028       0x6c C:\Users\pinker\Desktop\Floatsat\Eclipse Luna SR1 121\Workspace\rodos\Debug_STM32F4\librodos.a(hal_uart.o)
                0x08009028                RODOS::HW_HAL_UART::DMAStartReceive(void*, int)
 .text._ZN5RODOS11HW_HAL_UART26DMATransmitFinishedHandlerEv
                0x08009094       0x88 C:\Users\pinker\Desktop\Floatsat\Eclipse Luna SR1 121\Workspace\rodos\Debug_STM32F4\librodos.a(hal_uart.o)
                0x08009094                RODOS::HW_HAL_UART::DMATransmitFinishedHandler()
 .text._ZN5RODOS11HW_HAL_UART25DMAReceiveFinishedHandlerEv
                0x0800911c       0x6c C:\Users\pinker\Desktop\Floatsat\Eclipse Luna SR1 121\Workspace\rodos\Debug_STM32F4\librodos.a(hal_uart.o)
                0x0800911c                RODOS::HW_HAL_UART::DMAReceiveFinishedHandler()
 .text._ZN5RODOS11HW_HAL_UART16SendTxBufWithDMAEv
                0x08009188       0x44 C:\Users\pinker\Desktop\Floatsat\Eclipse Luna SR1 121\Workspace\rodos\Debug_STM32F4\librodos.a(hal_uart.o)
                0x08009188                RODOS::HW_HAL_UART::SendTxBufWithDMA()
 .text._ZN5RODOS11HW_HAL_UART22RceiveIntoRxBufWithDMAEv
                0x080091cc       0x68 C:\Users\pinker\Desktop\Floatsat\Eclipse Luna SR1 121\Workspace\rodos\Debug_STM32F4\librodos.a(hal_uart.o)
                0x080091cc                RODOS::HW_HAL_UART::RceiveIntoRxBufWithDMA()
 .text._ZN5RODOS14EnableDMAClockEv
                0x08009234       0x34 C:\Users\pinker\Desktop\Floatsat\Eclipse Luna SR1 121\Workspace\rodos\Debug_STM32F4\librodos.a(hal_uart.o)
                0x08009234                RODOS::EnableDMAClock()
 .text._ZN5RODOS11HW_HAL_UART14UARTIRQHandlerEv
                0x08009268      0x194 C:\Users\pinker\Desktop\Floatsat\Eclipse Luna SR1 121\Workspace\rodos\Debug_STM32F4\librodos.a(hal_uart.o)
                0x08009268                RODOS::HW_HAL_UART::UARTIRQHandler()
 .text._ZN5RODOS11HW_HAL_UART23getRCC_APBxPeriph_UARTxEv
                0x080093fc       0x74 C:\Users\pinker\Desktop\Floatsat\Eclipse Luna SR1 121\Workspace\rodos\Debug_STM32F4\librodos.a(hal_uart.o)
                0x080093fc                RODOS::HW_HAL_UART::getRCC_APBxPeriph_UARTx()
 .text._ZN5RODOS11HW_HAL_UART16getGPIO_AF_UARTxEv
                0x08009470       0x68 C:\Users\pinker\Desktop\Floatsat\Eclipse Luna SR1 121\Workspace\rodos\Debug_STM32F4\librodos.a(hal_uart.o)
                0x08009470                RODOS::HW_HAL_UART::getGPIO_AF_UARTx()
 .text._ZN5RODOS11HW_HAL_UART13getUARTx_IRQnEv
                0x080094d8       0x58 C:\Users\pinker\Desktop\Floatsat\Eclipse Luna SR1 121\Workspace\rodos\Debug_STM32F4\librodos.a(hal_uart.o)
                0x080094d8                RODOS::HW_HAL_UART::getUARTx_IRQn()
 .text._ZN5RODOS11HW_HAL_UART8getUARTxEv
                0x08009530       0x88 C:\Users\pinker\Desktop\Floatsat\Eclipse Luna SR1 121\Workspace\rodos\Debug_STM32F4\librodos.a(hal_uart.o)
                0x08009530                RODOS::HW_HAL_UART::getUARTx()
 .text._ZN5RODOS11HW_HAL_UART4initEj
                0x080095b8       0xf0 C:\Users\pinker\Desktop\Floatsat\Eclipse Luna SR1 121\Workspace\rodos\Debug_STM32F4\librodos.a(hal_uart.o)
                0x080095b8                RODOS::HW_HAL_UART::init(unsigned int)
 .text._ZN5RODOS4FifoIhLi256EED2Ev
                0x080096a8       0x30 C:\Users\pinker\Desktop\Floatsat\Eclipse Luna SR1 121\Workspace\rodos\Debug_STM32F4\librodos.a(hal_uart.o)
                0x080096a8                RODOS::Fifo<unsigned char, 256>::~Fifo()
                0x080096a8                RODOS::Fifo<unsigned char, 256>::~Fifo()
 .text._ZN5RODOS4FifoIhLi256EED0Ev
                0x080096d8       0x20 C:\Users\pinker\Desktop\Floatsat\Eclipse Luna SR1 121\Workspace\rodos\Debug_STM32F4\librodos.a(hal_uart.o)
                0x080096d8                RODOS::Fifo<unsigned char, 256>::~Fifo()
 .text._ZN5RODOS9BlockFifoIhLi256EEC2Ev
                0x080096f8       0x24 C:\Users\pinker\Desktop\Floatsat\Eclipse Luna SR1 121\Workspace\rodos\Debug_STM32F4\librodos.a(hal_uart.o)
                0x080096f8                RODOS::BlockFifo<unsigned char, 256>::BlockFifo()
                0x080096f8                RODOS::BlockFifo<unsigned char, 256>::BlockFifo()
 .text._ZN5RODOS9BlockFifoIhLi256EE15getBufferToReadERi
                0x0800971c       0x60 C:\Users\pinker\Desktop\Floatsat\Eclipse Luna SR1 121\Workspace\rodos\Debug_STM32F4\librodos.a(hal_uart.o)
                0x0800971c                RODOS::BlockFifo<unsigned char, 256>::getBufferToRead(int&)
 .text._ZN5RODOS9BlockFifoIhLi256EE13readConcludedEi
                0x0800977c       0x28 C:\Users\pinker\Desktop\Floatsat\Eclipse Luna SR1 121\Workspace\rodos\Debug_STM32F4\librodos.a(hal_uart.o)
                0x0800977c                RODOS::BlockFifo<unsigned char, 256>::readConcluded(int)
 .text._ZN5RODOS9BlockFifoIhLi256EE16getBufferToWriteERi
                0x080097a4       0x80 C:\Users\pinker\Desktop\Floatsat\Eclipse Luna SR1 121\Workspace\rodos\Debug_STM32F4\librodos.a(hal_uart.o)
                0x080097a4                RODOS::BlockFifo<unsigned char, 256>::getBufferToWrite(int&)
 .text._ZN5RODOS9BlockFifoIhLi256EE14writeConcludedEi
                0x08009824       0x28 C:\Users\pinker\Desktop\Floatsat\Eclipse Luna SR1 121\Workspace\rodos\Debug_STM32F4\librodos.a(hal_uart.o)
                0x08009824                RODOS::BlockFifo<unsigned char, 256>::writeConcluded(int)
 .text._ZN5RODOS4FifoIhLi256EE3getERh
                0x0800984c       0x58 C:\Users\pinker\Desktop\Floatsat\Eclipse Luna SR1 121\Workspace\rodos\Debug_STM32F4\librodos.a(hal_uart.o)
                0x0800984c                RODOS::Fifo<unsigned char, 256>::get(unsigned char&)
 .text._ZN5RODOS4FifoIhLi256EE3putERKh
                0x080098a4       0x58 C:\Users\pinker\Desktop\Floatsat\Eclipse Luna SR1 121\Workspace\rodos\Debug_STM32F4\librodos.a(hal_uart.o)
                0x080098a4                RODOS::Fifo<unsigned char, 256>::put(unsigned char const&)
 .text._ZN5RODOS4FifoIhLi256EE15getElementCountEv
                0x080098fc       0x40 C:\Users\pinker\Desktop\Floatsat\Eclipse Luna SR1 121\Workspace\rodos\Debug_STM32F4\librodos.a(hal_uart.o)
                0x080098fc                RODOS::Fifo<unsigned char, 256>::getElementCount()
 .text._ZN5RODOS4FifoIhLi256EE7isEmptyEv
                0x0800993c       0x2c C:\Users\pinker\Desktop\Floatsat\Eclipse Luna SR1 121\Workspace\rodos\Debug_STM32F4\librodos.a(hal_uart.o)
                0x0800993c                RODOS::Fifo<unsigned char, 256>::isEmpty()
 .text._ZN5RODOS4FifoIhLi256EEC2Ev
                0x08009968       0x34 C:\Users\pinker\Desktop\Floatsat\Eclipse Luna SR1 121\Workspace\rodos\Debug_STM32F4\librodos.a(hal_uart.o)
                0x08009968                RODOS::Fifo<unsigned char, 256>::Fifo()
                0x08009968                RODOS::Fifo<unsigned char, 256>::Fifo()
 .text._ZN5RODOS9BlockFifoIhLi256EE14advanceIndexExEii
                0x0800999c       0x34 C:\Users\pinker\Desktop\Floatsat\Eclipse Luna SR1 121\Workspace\rodos\Debug_STM32F4\librodos.a(hal_uart.o)
                0x0800999c                RODOS::BlockFifo<unsigned char, 256>::advanceIndexEx(int, int)
 .text._ZN5RODOS4FifoIhLi256EE12advanceIndexEi
                0x080099d0       0x24 C:\Users\pinker\Desktop\Floatsat\Eclipse Luna SR1 121\Workspace\rodos\Debug_STM32F4\librodos.a(hal_uart.o)
                0x080099d0                RODOS::Fifo<unsigned char, 256>::advanceIndex(int)
 .text._ZN5RODOS9BlockFifoIhLi256EED2Ev
                0x080099f4       0x30 C:\Users\pinker\Desktop\Floatsat\Eclipse Luna SR1 121\Workspace\rodos\Debug_STM32F4\librodos.a(hal_uart.o)
                0x080099f4                RODOS::BlockFifo<unsigned char, 256>::~BlockFifo()
                0x080099f4                RODOS::BlockFifo<unsigned char, 256>::~BlockFifo()
 .text._ZN5RODOS9BlockFifoIhLi256EED0Ev
                0x08009a24       0x20 C:\Users\pinker\Desktop\Floatsat\Eclipse Luna SR1 121\Workspace\rodos\Debug_STM32F4\librodos.a(hal_uart.o)
                0x08009a24                RODOS::BlockFifo<unsigned char, 256>::~BlockFifo()
 .text._ZN5RODOS14ReceiveTriggerD2Ev
                0x08009a44       0x30 C:\Users\pinker\Desktop\Floatsat\Eclipse Luna SR1 121\Workspace\rodos\Debug_STM32F4\librodos.a(hal_uart.o)
                0x08009a44                RODOS::ReceiveTrigger::~ReceiveTrigger()
                0x08009a44                RODOS::ReceiveTrigger::~ReceiveTrigger()
 .text._ZN5RODOS14ReceiveTriggerD0Ev
                0x08009a74       0x20 C:\Users\pinker\Desktop\Floatsat\Eclipse Luna SR1 121\Workspace\rodos\Debug_STM32F4\librodos.a(hal_uart.o)
                0x08009a74                RODOS::ReceiveTrigger::~ReceiveTrigger()
 .text._ZN5RODOS11HW_HAL_UARTD2Ev
                0x08009a94       0x28 C:\Users\pinker\Desktop\Floatsat\Eclipse Luna SR1 121\Workspace\rodos\Debug_STM32F4\librodos.a(hal_uart.o)
                0x08009a94                RODOS::HW_HAL_UART::~HW_HAL_UART()
                0x08009a94                RODOS::HW_HAL_UART::~HW_HAL_UART()
 .text.__tcf_0  0x08009abc       0x2c C:\Users\pinker\Desktop\Floatsat\Eclipse Luna SR1 121\Workspace\rodos\Debug_STM32F4\librodos.a(hal_uart.o)
 .text._Z41__static_initialization_and_destruction_0ii
                0x08009ae8       0x68 C:\Users\pinker\Desktop\Floatsat\Eclipse Luna SR1 121\Workspace\rodos\Debug_STM32F4\librodos.a(hal_uart.o)
 .text._ZN5RODOS4FifoIhLi256EE10putGenericEljPKvRKNS_10NetMsgInfoE
                0x08009b50       0x34 C:\Users\pinker\Desktop\Floatsat\Eclipse Luna SR1 121\Workspace\rodos\Debug_STM32F4\librodos.a(hal_uart.o)
                0x08009b50                RODOS::Fifo<unsigned char, 256>::putGeneric(long, unsigned int, void const*, RODOS::NetMsgInfo const&)
 .text._GLOBAL__sub_I__ZN5RODOS17UART_contextArrayE
                0x08009b84       0x10 C:\Users\pinker\Desktop\Floatsat\Eclipse Luna SR1 121\Workspace\rodos\Debug_STM32F4\librodos.a(hal_uart.o)
 .text.DMA_Init
                0x08009b94       0xac C:\Users\pinker\Desktop\Floatsat\Eclipse Luna SR1 121\Workspace\rodos\Debug_STM32F4\librodos.a(stm32f4xx_dma.o)
                0x08009b94                DMA_Init
 .text.DMA_StructInit
                0x08009c40       0x6c C:\Users\pinker\Desktop\Floatsat\Eclipse Luna SR1 121\Workspace\rodos\Debug_STM32F4\librodos.a(stm32f4xx_dma.o)
                0x08009c40                DMA_StructInit
 .text.DMA_Cmd  0x08009cac       0x38 C:\Users\pinker\Desktop\Floatsat\Eclipse Luna SR1 121\Workspace\rodos\Debug_STM32F4\librodos.a(stm32f4xx_dma.o)
                0x08009cac                DMA_Cmd
 .text.DMA_GetCurrDataCounter
                0x08009ce4       0x1c C:\Users\pinker\Desktop\Floatsat\Eclipse Luna SR1 121\Workspace\rodos\Debug_STM32F4\librodos.a(stm32f4xx_dma.o)
                0x08009ce4                DMA_GetCurrDataCounter
 .text.DMA_GetCmdStatus
                0x08009d00       0x30 C:\Users\pinker\Desktop\Floatsat\Eclipse Luna SR1 121\Workspace\rodos\Debug_STM32F4\librodos.a(stm32f4xx_dma.o)
                0x08009d00                DMA_GetCmdStatus
 .text.DMA_ITConfig
                0x08009d30       0x74 C:\Users\pinker\Desktop\Floatsat\Eclipse Luna SR1 121\Workspace\rodos\Debug_STM32F4\librodos.a(stm32f4xx_dma.o)
                0x08009d30                DMA_ITConfig
 .text.DMA_GetITStatus
                0x08009da4       0xb0 C:\Users\pinker\Desktop\Floatsat\Eclipse Luna SR1 121\Workspace\rodos\Debug_STM32F4\librodos.a(stm32f4xx_dma.o)
                0x08009da4                DMA_GetITStatus
 .text.DMA_ClearITPendingBit
                0x08009e54       0x5c C:\Users\pinker\Desktop\Floatsat\Eclipse Luna SR1 121\Workspace\rodos\Debug_STM32F4\librodos.a(stm32f4xx_dma.o)
                0x08009e54                DMA_ClearITPendingBit
 .text.GPIO_Init
                0x08009eb0      0x11c C:\Users\pinker\Desktop\Floatsat\Eclipse Luna SR1 121\Workspace\rodos\Debug_STM32F4\librodos.a(stm32f4xx_gpio.o)
                0x08009eb0                GPIO_Init
 .text.GPIO_StructInit
                0x08009fcc       0x34 C:\Users\pinker\Desktop\Floatsat\Eclipse Luna SR1 121\Workspace\rodos\Debug_STM32F4\librodos.a(stm32f4xx_gpio.o)
                0x08009fcc                GPIO_StructInit
 .text.GPIO_ReadInputData
                0x0800a000       0x1c C:\Users\pinker\Desktop\Floatsat\Eclipse Luna SR1 121\Workspace\rodos\Debug_STM32F4\librodos.a(stm32f4xx_gpio.o)
                0x0800a000                GPIO_ReadInputData
 .text.GPIO_ReadOutputData
                0x0800a01c       0x1c C:\Users\pinker\Desktop\Floatsat\Eclipse Luna SR1 121\Workspace\rodos\Debug_STM32F4\librodos.a(stm32f4xx_gpio.o)
                0x0800a01c                GPIO_ReadOutputData
 .text.GPIO_SetBits
                0x0800a038       0x1c C:\Users\pinker\Desktop\Floatsat\Eclipse Luna SR1 121\Workspace\rodos\Debug_STM32F4\librodos.a(stm32f4xx_gpio.o)
                0x0800a038                GPIO_SetBits
 .text.GPIO_ResetBits
                0x0800a054       0x1c C:\Users\pinker\Desktop\Floatsat\Eclipse Luna SR1 121\Workspace\rodos\Debug_STM32F4\librodos.a(stm32f4xx_gpio.o)
                0x0800a054                GPIO_ResetBits
 .text.GPIO_Write
                0x0800a070       0x1c C:\Users\pinker\Desktop\Floatsat\Eclipse Luna SR1 121\Workspace\rodos\Debug_STM32F4\librodos.a(stm32f4xx_gpio.o)
                0x0800a070                GPIO_Write
 .text.GPIO_PinAFConfig
                0x0800a08c       0x8c C:\Users\pinker\Desktop\Floatsat\Eclipse Luna SR1 121\Workspace\rodos\Debug_STM32F4\librodos.a(stm32f4xx_gpio.o)
                0x0800a08c                GPIO_PinAFConfig
 .text.I2C_DeInit
                0x0800a118       0x74 C:\Users\pinker\Desktop\Floatsat\Eclipse Luna SR1 121\Workspace\rodos\Debug_STM32F4\librodos.a(stm32f4xx_i2c.o)
                0x0800a118                I2C_DeInit
 .text.I2C_Init
                0x0800a18c      0x184 C:\Users\pinker\Desktop\Floatsat\Eclipse Luna SR1 121\Workspace\rodos\Debug_STM32F4\librodos.a(stm32f4xx_i2c.o)
                0x0800a18c                I2C_Init
 .text.I2C_Cmd  0x0800a310       0x40 C:\Users\pinker\Desktop\Floatsat\Eclipse Luna SR1 121\Workspace\rodos\Debug_STM32F4\librodos.a(stm32f4xx_i2c.o)
                0x0800a310                I2C_Cmd
 .text.I2C_GenerateSTART
                0x0800a350       0x40 C:\Users\pinker\Desktop\Floatsat\Eclipse Luna SR1 121\Workspace\rodos\Debug_STM32F4\librodos.a(stm32f4xx_i2c.o)
                0x0800a350                I2C_GenerateSTART
 .text.I2C_GenerateSTOP
                0x0800a390       0x40 C:\Users\pinker\Desktop\Floatsat\Eclipse Luna SR1 121\Workspace\rodos\Debug_STM32F4\librodos.a(stm32f4xx_i2c.o)
                0x0800a390                I2C_GenerateSTOP
 .text.I2C_Send7bitAddress
                0x0800a3d0       0x3c C:\Users\pinker\Desktop\Floatsat\Eclipse Luna SR1 121\Workspace\rodos\Debug_STM32F4\librodos.a(stm32f4xx_i2c.o)
                0x0800a3d0                I2C_Send7bitAddress
 .text.I2C_AcknowledgeConfig
                0x0800a40c       0x40 C:\Users\pinker\Desktop\Floatsat\Eclipse Luna SR1 121\Workspace\rodos\Debug_STM32F4\librodos.a(stm32f4xx_i2c.o)
                0x0800a40c                I2C_AcknowledgeConfig
 .text.I2C_SendData
                0x0800a44c       0x20 C:\Users\pinker\Desktop\Floatsat\Eclipse Luna SR1 121\Workspace\rodos\Debug_STM32F4\librodos.a(stm32f4xx_i2c.o)
                0x0800a44c                I2C_SendData
 .text.I2C_ReceiveData
                0x0800a46c       0x1c C:\Users\pinker\Desktop\Floatsat\Eclipse Luna SR1 121\Workspace\rodos\Debug_STM32F4\librodos.a(stm32f4xx_i2c.o)
                0x0800a46c                I2C_ReceiveData
 .text.I2C_CheckEvent
                0x0800a488       0x60 C:\Users\pinker\Desktop\Floatsat\Eclipse Luna SR1 121\Workspace\rodos\Debug_STM32F4\librodos.a(stm32f4xx_i2c.o)
                0x0800a488                I2C_CheckEvent
 .text.I2C_GetFlagStatus
                0x0800a4e8       0x68 C:\Users\pinker\Desktop\Floatsat\Eclipse Luna SR1 121\Workspace\rodos\Debug_STM32F4\librodos.a(stm32f4xx_i2c.o)
                0x0800a4e8                I2C_GetFlagStatus
 .text.I2C_ClearFlag
                0x0800a550       0x2c C:\Users\pinker\Desktop\Floatsat\Eclipse Luna SR1 121\Workspace\rodos\Debug_STM32F4\librodos.a(stm32f4xx_i2c.o)
                0x0800a550                I2C_ClearFlag
 .text.RCC_LSICmd
                0x0800a57c       0x20 C:\Users\pinker\Desktop\Floatsat\Eclipse Luna SR1 121\Workspace\rodos\Debug_STM32F4\librodos.a(stm32f4xx_rcc.o)
                0x0800a57c                RCC_LSICmd
 .text.RCC_GetClocksFreq
                0x0800a59c      0x154 C:\Users\pinker\Desktop\Floatsat\Eclipse Luna SR1 121\Workspace\rodos\Debug_STM32F4\librodos.a(stm32f4xx_rcc.o)
                0x0800a59c                RCC_GetClocksFreq
 .text.RCC_AHB1PeriphClockCmd
                0x0800a6f0       0x3c C:\Users\pinker\Desktop\Floatsat\Eclipse Luna SR1 121\Workspace\rodos\Debug_STM32F4\librodos.a(stm32f4xx_rcc.o)
                0x0800a6f0                RCC_AHB1PeriphClockCmd
 .text.RCC_APB1PeriphClockCmd
                0x0800a72c       0x3c C:\Users\pinker\Desktop\Floatsat\Eclipse Luna SR1 121\Workspace\rodos\Debug_STM32F4\librodos.a(stm32f4xx_rcc.o)
                0x0800a72c                RCC_APB1PeriphClockCmd
 .text.RCC_APB2PeriphClockCmd
                0x0800a768       0x3c C:\Users\pinker\Desktop\Floatsat\Eclipse Luna SR1 121\Workspace\rodos\Debug_STM32F4\librodos.a(stm32f4xx_rcc.o)
                0x0800a768                RCC_APB2PeriphClockCmd
 .text.RCC_AHB1PeriphResetCmd