Archive member included because of file (symbol)

C:\Users\pinker\Desktop\Floatsat\Eclipse Luna SR1 121\Workspace\rodos\Debug_STM32F4\librodos.a(application.o)
                              ./Template.o (RODOS::Application::Application(char const*, long))
C:\Users\pinker\Desktop\Floatsat\Eclipse Luna SR1 121\Workspace\rodos\Debug_STM32F4\librodos.a(debug.o)
                              ./Thread/ThImuRead.o (RODOS::PRINTF(char const*, ...))
C:\Users\pinker\Desktop\Floatsat\Eclipse Luna SR1 121\Workspace\rodos\Debug_STM32F4\librodos.a(genericIO.o)
                              ./TCTM/BTUART.o (RODOS::GenericIOInterface::suspendUntilWriteFinished(long long))
C:\Users\pinker\Desktop\Floatsat\Eclipse Luna SR1 121\Workspace\rodos\Debug_STM32F4\librodos.a(listelement.o)
                              C:\Users\pinker\Desktop\Floatsat\Eclipse Luna SR1 121\Workspace\rodos\Debug_STM32F4\librodos.a(application.o) (RODOS::ListElement::ListElement(RODOS::ListElement*&, char const*, void*))
C:\Users\pinker\Desktop\Floatsat\Eclipse Luna SR1 121\Workspace\rodos\Debug_STM32F4\librodos.a(printfverbosity.o)
                              C:\Users\pinker\Desktop\Floatsat\Eclipse Luna SR1 121\Workspace\rodos\Debug_STM32F4\librodos.a(debug.o) (printfVerbosity)
C:\Users\pinker\Desktop\Floatsat\Eclipse Luna SR1 121\Workspace\rodos\Debug_STM32F4\librodos.a(string_pico.o)
                              ./Thread/ThTelecommand.o (strcmp)
C:\Users\pinker\Desktop\Floatsat\Eclipse Luna SR1 121\Workspace\rodos\Debug_STM32F4\librodos.a(subscriber.o)
                              ./Template.o (vtable for RODOS::Subscriber)
C:\Users\pinker\Desktop\Floatsat\Eclipse Luna SR1 121\Workspace\rodos\Debug_STM32F4\librodos.a(thread.o)
                              ./Thread/ThTelemetry.o (RODOS::Thread::setPeriodicBeat(long long, long long))
C:\Users\pinker\Desktop\Floatsat\Eclipse Luna SR1 121\Workspace\rodos\Debug_STM32F4\librodos.a(timemodel.o)
                              ./Thread/ThImuRead.o (RODOS::TimeModel::getNanoseconds())
C:\Users\pinker\Desktop\Floatsat\Eclipse Luna SR1 121\Workspace\rodos\Debug_STM32F4\librodos.a(topic.o)
                              ./Template.o (RODOS::TopicInterface::TopicInterface(long, long, char const*))
C:\Users\pinker\Desktop\Floatsat\Eclipse Luna SR1 121\Workspace\rodos\Debug_STM32F4\librodos.a(yprintf.o)
                              C:\Users\pinker\Desktop\Floatsat\Eclipse Luna SR1 121\Workspace\rodos\Debug_STM32F4\librodos.a(debug.o) (RODOS::Yprintf::vaprintf(char const*))
C:\Users\pinker\Desktop\Floatsat\Eclipse Luna SR1 121\Workspace\rodos\Debug_STM32F4\librodos.a(call_constructors.o)
                              ./Thread/ThTelecommand.o (__dso_handle)
C:\Users\pinker\Desktop\Floatsat\Eclipse Luna SR1 121\Workspace\rodos\Debug_STM32F4\librodos.a(startup_stm32f4xx.o)
                              (Reset_Handler)
C:\Users\pinker\Desktop\Floatsat\Eclipse Luna SR1 121\Workspace\rodos\Debug_STM32F4\librodos.a(hal_adc.o)
                              ./Sensor/ADC/IR.o (RODOS::HAL_ADC::HAL_ADC(RODOS::ADC_IDX))
C:\Users\pinker\Desktop\Floatsat\Eclipse Luna SR1 121\Workspace\rodos\Debug_STM32F4\librodos.a(hal_gpio.o)
                              ./Thread/ThTelemetry.o (RODOS::HAL_GPIO::HAL_GPIO(RODOS::GPIO_PIN))
C:\Users\pinker\Desktop\Floatsat\Eclipse Luna SR1 121\Workspace\rodos\Debug_STM32F4\librodos.a(hal_i2c.o)
                              ./Sensor/I2C/IMU/IMU.o (RODOS::HAL_I2C::HAL_I2C(RODOS::I2C_IDX))
C:\Users\pinker\Desktop\Floatsat\Eclipse Luna SR1 121\Workspace\rodos\Debug_STM32F4\librodos.a(hal_pwm.o)
                              ./Extern/Extern.o (RODOS::HAL_PWM::HAL_PWM(RODOS::PWM_IDX))
C:\Users\pinker\Desktop\Floatsat\Eclipse Luna SR1 121\Workspace\rodos\Debug_STM32F4\librodos.a(hal_uart.o)
                              ./Extern/Extern.o (RODOS::HAL_UART::HAL_UART(RODOS::UART_IDX))
C:\Users\pinker\Desktop\Floatsat\Eclipse Luna SR1 121\Workspace\rodos\Debug_STM32F4\librodos.a(stm32f4xx_adc.o)
                              C:\Users\pinker\Desktop\Floatsat\Eclipse Luna SR1 121\Workspace\rodos\Debug_STM32F4\librodos.a(hal_adc.o) (ADC_Init)
C:\Users\pinker\Desktop\Floatsat\Eclipse Luna SR1 121\Workspace\rodos\Debug_STM32F4\librodos.a(stm32f4xx_dma.o)
                              C:\Users\pinker\Desktop\Floatsat\Eclipse Luna SR1 121\Workspace\rodos\Debug_STM32F4\librodos.a(hal_uart.o) (DMA_Init)
C:\Users\pinker\Desktop\Floatsat\Eclipse Luna SR1 121\Workspace\rodos\Debug_STM32F4\librodos.a(stm32f4xx_gpio.o)
                              C:\Users\pinker\Desktop\Floatsat\Eclipse Luna SR1 121\Workspace\rodos\Debug_STM32F4\librodos.a(hal_adc.o) (GPIO_Init)
C:\Users\pinker\Desktop\Floatsat\Eclipse Luna SR1 121\Workspace\rodos\Debug_STM32F4\librodos.a(stm32f4xx_i2c.o)
                              C:\Users\pinker\Desktop\Floatsat\Eclipse Luna SR1 121\Workspace\rodos\Debug_STM32F4\librodos.a(hal_i2c.o) (I2C_DeInit)
[...]
Memory Configuration

Name             Origin             Length             Attributes
FLASH            0x08000000         0x00100000         xr
RAM              0x20000000         0x00020000         xrw
CCMRAM           0x10000000         0x00010000         xrw
MEMORY_B1        0x60000000         0x00000000         xr
*default*        0x00000000         0xffffffff

Linker script and memory map

LOAD ./Thread/ThImuRead.o
LOAD ./Thread/ThMission.o
LOAD ./Thread/ThSolar.o
LOAD ./Thread/ThTelecommand.o
LOAD ./Thread/ThTelemetry.o
LOAD ./TCTM/BTUART.o
LOAD ./TCTM/SerializationUtil.o
LOAD ./TCTM/Telecommand.o
LOAD ./TCTM/TelemetryPacket.o
LOAD ./Sensor/I2C/IMU/IMU.o
LOAD ./Sensor/I2C/Light.o
LOAD ./Sensor/Filter/AHRS.o
LOAD ./Sensor/Filter/MadgwickFilter.o
LOAD ./Sensor/ADC/IR.o
LOAD ./Extern/Extern.o
LOAD ./Controller/PiController.o
LOAD ./Actuators/Hbridge.o
LOAD ./Template.o
LOAD C:\Users\pinker\Desktop\Floatsat\Eclipse Luna SR1 121\Workspace\rodos\Debug_STM32F4\librodos.a
LOAD C:\Users\pinker\Desktop\Floatsat\Eclipse Luna SR1 121\Workspace\support_libs\Debug_STM32F4\libsupport.a
LOAD c:/users/pinker/desktop/floatsat/eclipse luna sr1 121/gnu tools arm embedded/4.8 2014q3/bin/../lib/gcc/arm-none-eabi/4.8.4/../../../../arm-none-eabi/lib/armv7e-m/softfp\libm.a
                0x20020000                _estack = 0x20020000
                0x00001000                _Min_Heap_Size = 0x1000
                0x00000400                _Min_Stack_Size = 0x400

.isr_vector     0x08000000      0x18c
                0x08000000                . = ALIGN (0x4)
                0x08000000                _image_address = .
 *(.isr_vector)
 .isr_vector    0x08000000      0x18c C:\Users\pinker\Desktop\Floatsat\Eclipse Luna SR1 121\Workspace\rodos\Debug_STM32F4\librodos.a(startup_stm32f4xx.o)
                0x08000000                g_pfnVectors
                0x0800018c                . = ALIGN (0x4)

.text           0x08000190    0x1274c
                0x08000190                . = ALIGN (0x4)
 *(.text)
 .text          0x08000190      0x370 c:/users/pinker/desktop/floatsat/eclipse luna sr1 121/gnu tools arm embedded/4.8 2014q3/bin/../lib/gcc/arm-none-eabi/4.8.4/armv7e-m/softfp\libgcc.a(_arm_addsubdf3.o)
                0x08000190                __aeabi_drsub
                0x08000198                __aeabi_dsub
                0x08000198                __subdf3
                0x0800019c                __aeabi_dadd
                0x0800019c                __adddf3
                0x08000414                __floatunsidf
                0x08000414                __aeabi_ui2d
                0x08000434                __floatsidf
                0x08000434                __aeabi_i2d
                0x08000458                __aeabi_f2d
                0x08000458                __extendsfdf2
                0x08000494                __floatundidf
                0x08000494                __aeabi_ul2d
                0x080004a4                __floatdidf
                0x080004a4                __aeabi_l2d
 .text          0x08000500      0x424 c:/users/pinker/desktop/floatsat/eclipse luna sr1 121/gnu tools arm embedded/4.8 2014q3/bin/../lib/gcc/arm-none-eabi/4.8.4/armv7e-m/softfp\libgcc.a(_arm_muldivdf3.o)
                0x08000500                __aeabi_dmul
                0x08000500                __muldf3
                0x08000754                __divdf3
                0x08000754                __aeabi_ddiv
 .text          0x08000924      0x110 c:/users/pinker/desktop/floatsat/eclipse luna sr1 121/gnu tools arm embedded/4.8 2014q3/bin/../lib/gcc/arm-none-eabi/4.8.4/armv7e-m/softfp\libgcc.a(_arm_cmpdf2.o)
                0x08000924                __gtdf2
                0x08000924                __gedf2
                0x0800092c                __ltdf2
                0x0800092c                __ledf2
                0x08000934                __nedf2
                0x08000934                __eqdf2
                0x08000934                __cmpdf2
                0x080009b0                __aeabi_cdrcmple
                0x080009c0                __aeabi_cdcmpeq
                0x080009c0                __aeabi_cdcmple
                0x080009d0                __aeabi_dcmpeq
                0x080009e4                __aeabi_dcmplt
                0x080009f8                __aeabi_dcmple
                0x08000a0c                __aeabi_dcmpge
                0x08000a20                __aeabi_dcmpgt
 .text          0x08000a34       0x50 c:/users/pinker/desktop/floatsat/eclipse luna sr1 121/gnu tools arm embedded/4.8 2014q3/bin/../lib/gcc/arm-none-eabi/4.8.4/armv7e-m/softfp\libgcc.a(_arm_fixdfsi.o)
                0x08000a34                __aeabi_d2iz
                0x08000a34                __fixdfsi
 .text          0x08000a84       0x40 c:/users/pinker/desktop/floatsat/eclipse luna sr1 121/gnu tools arm embedded/4.8 2014q3/bin/../lib/gcc/arm-none-eabi/4.8.4/armv7e-m/softfp\libgcc.a(_arm_fixunsdfsi.o)
                0x08000a84                __aeabi_d2uiz
                0x08000a84                __fixunsdfsi
 .text          0x08000ac4       0xa0 c:/users/pinker/desktop/floatsat/eclipse luna sr1 121/gnu tools arm embedded/4.8 2014q3/bin/../lib/gcc/arm-none-eabi/4.8.4/armv7e-m/softfp\libgcc.a(_arm_truncdfsf2.o)
                0x08000ac4                __truncdfsf2
                0x08000ac4                __aeabi_d2f
 .text          0x08000b64       0x38 c:/users/pinker/desktop/floatsat/eclipse luna sr1 121/gnu tools arm embedded/4.8 2014q3/bin/../lib/gcc/arm-none-eabi/4.8.4/armv7e-m/softfp\libgcc.a(_aeabi_ldivmod.o)
                0x08000b64                __aeabi_ldivmod
 .text          0x08000b9c       0x2c c:/users/pinker/desktop/floatsat/eclipse luna sr1 121/gnu tools arm embedded/4.8 2014q3/bin/../lib/gcc/arm-none-eabi/4.8.4/armv7e-m/softfp\libgcc.a(_aeabi_uldivmod.o)
                0x08000b9c                __aeabi_uldivmod
 .text          0x08000bc8       0x30 c:/users/pinker/desktop/floatsat/eclipse luna sr1 121/gnu tools arm embedded/4.8 2014q3/bin/../lib/gcc/arm-none-eabi/4.8.4/armv7e-m/softfp\libgcc.a(_fixdfdi.o)
                0x08000bc8                __fixdfdi
                0x08000bc8                __aeabi_d2lz
 .text          0x08000bf8       0x44 c:/users/pinker/desktop/floatsat/eclipse luna sr1 121/gnu tools arm embedded/4.8 2014q3/bin/../lib/gcc/arm-none-eabi/4.8.4/armv7e-m/softfp\libgcc.a(_fixunsdfdi.o)
                0x08000bf8                __fixunsdfdi
                0x08000bf8                __aeabi_d2ulz
 .text          0x08000c3c       0x60 c:/users/pinker/desktop/floatsat/eclipse luna sr1 121/gnu tools arm embedded/4.8 2014q3/bin/../lib/gcc/arm-none-eabi/4.8.4/armv7e-m/softfp\libgcc.a(bpabi.o)
                0x08000c3c                __gnu_ldivmod_helper
                0x08000c6c                __gnu_uldivmod_helper
 .text          0x08000c9c        0x4 c:/users/pinker/desktop/floatsat/eclipse luna sr1 121/gnu tools arm embedded/4.8 2014q3/bin/../lib/gcc/arm-none-eabi/4.8.4/armv7e-m/softfp\libgcc.a(_dvmd_tls.o)
                0x08000c9c                __aeabi_idiv0
                0x08000c9c                __aeabi_ldiv0
 .text          0x08000ca0      0x298 c:/users/pinker/desktop/floatsat/eclipse luna sr1 121/gnu tools arm embedded/4.8 2014q3/bin/../lib/gcc/arm-none-eabi/4.8.4/armv7e-m/softfp\libgcc.a(_divdi3.o)
                0x08000ca0                __divdi3
 .text          0x08000f38      0x284 c:/users/pinker/desktop/floatsat/eclipse luna sr1 121/gnu tools arm embedded/4.8 2014q3/bin/../lib/gcc/arm-none-eabi/4.8.4/armv7e-m/softfp\libgcc.a(_udivdi3.o)
                0x08000f38                __udivdi3
 *(.text*)
 .text._ZN12PiController15setProportionalEf
                0x080011bc       0x1c ./Thread/ThImuRead.o
                0x080011bc                PiController::setProportional(float)
 .text._ZN12PiController11setIntegralEf
                0x080011d8       0x1c ./Thread/ThImuRead.o
                0x080011d8                PiController::setIntegral(float)
 .text._ZN12PiController13setDerivativeEf
                0x080011f4       0x1c ./Thread/ThImuRead.o
                0x080011f4                PiController::setDerivative(float)
 .text._ZN12PiController9setEpsionEf
                0x08001210       0x1c ./Thread/ThImuRead.o
                0x08001210                PiController::setEpsion(float)
 .text._ZN9ThImuReadC2EPKcP7Hbridge
                0x0800122c       0xa8 ./Thread/ThImuRead.o
                0x0800122c                ThImuRead::ThImuRead(char const*, Hbridge*)
                0x0800122c                ThImuRead::ThImuRead(char const*, Hbridge*)
 .text._ZN9ThImuReadD2Ev
                0x080012d4       0x30 ./Thread/ThImuRead.o
                0x080012d4                ThImuRead::~ThImuRead()
                0x080012d4                ThImuRead::~ThImuRead()
 .text._ZN9ThImuReadD0Ev
                0x08001304       0x20 ./Thread/ThImuRead.o
                0x08001304                ThImuRead::~ThImuRead()
 .text._ZN9ThImuRead4initEv
                0x08001324       0x14 ./Thread/ThImuRead.o
                0x08001324                ThImuRead::init()
 .text._ZN9ThImuRead3runEv
                0x08001338      0x4c0 ./Thread/ThImuRead.o
                0x08001338                ThImuRead::run()
 .text._ZN7ThSolarC2EPKcP7Hbridge
                0x080017f8       0x3c ./Thread/ThSolar.o
                0x080017f8                ThSolar::ThSolar(char const*, Hbridge*)
                0x080017f8                ThSolar::ThSolar(char const*, Hbridge*)
 .text._ZN7ThSolarD2Ev
                0x08001834       0x30 ./Thread/ThSolar.o
                0x08001834                ThSolar::~ThSolar()
                0x08001834                ThSolar::~ThSolar()
 .text._ZN7ThSolarD0Ev
                0x08001864       0x20 ./Thread/ThSolar.o
                0x08001864                ThSolar::~ThSolar()
 .text._ZN7ThSolar4initEv
                0x08001884       0x14 ./Thread/ThSolar.o
                0x08001884                ThSolar::init()
 .text._ZN7ThSolar3runEv
                0x08001898       0xc8 ./Thread/ThSolar.o
                0x08001898                ThSolar::run()
 .text._ZN7Hbridge6moveUpEv
                0x08001960       0x1c ./Thread/ThTelecommand.o
                0x08001960                Hbridge::moveUp()
 .text._ZN7Hbridge8moveDownEv
                0x0800197c       0x1c ./Thread/ThTelecommand.o
                0x0800197c                Hbridge::moveDown()
 .text._ZN7Hbridge4stopEv
                0x08001998       0x18 ./Thread/ThTelecommand.o
                0x08001998                Hbridge::stop()
 .text._ZN9ThImuRead7setFlagEv
                0x080019b0       0x1c ./Thread/ThTelecommand.o
                0x080019b0                ThImuRead::setFlag()
 .text._ZN9ThImuRead13setMagCalFlagEv
                0x080019cc       0x1c ./Thread/ThTelecommand.o
                0x080019cc                ThImuRead::setMagCalFlag()
 .text._ZN9ThImuRead13setGyrCalFlagEv
                0x080019e8       0x1c ./Thread/ThTelecommand.o
                0x080019e8                ThImuRead::setGyrCalFlag()
 .text._ZN9ThImuRead13setAccCalFlagEv
                0x08001a04       0x1c ./Thread/ThTelecommand.o
                0x08001a04                ThImuRead::setAccCalFlag()
 .text._ZN9ThImuRead15setSetPointFlagEv
                0x08001a20       0x1c ./Thread/ThTelecommand.o
                0x08001a20                ThImuRead::setSetPointFlag()
 .text._ZN9ThImuRead9setKdFlagEv
                0x08001a3c       0x1c ./Thread/ThTelecommand.o
                0x08001a3c                ThImuRead::setKdFlag()
 .text._ZN9ThImuRead9setKpFlagEv
                0x08001a58       0x1c ./Thread/ThTelecommand.o
                0x08001a58                ThImuRead::setKpFlag()
 .text._ZN9ThImuRead9setKiFlagEv
                0x08001a74       0x1c ./Thread/ThTelecommand.o
                0x08001a74                ThImuRead::setKiFlag()
 .text._ZN9ThImuRead14setEpsilonFlagEv
                0x08001a90       0x1c ./Thread/ThTelecommand.o
                0x08001a90                ThImuRead::setEpsilonFlag()
 .text._ZN9ThImuRead8setValueEi
                0x08001aac       0x1c ./Thread/ThTelecommand.o
                0x08001aac                ThImuRead::setValue(int)
 .text._ZN9ThImuRead15toggleSpeedCtrlEv
                0x08001ac8       0x24 ./Thread/ThTelecommand.o
                0x08001ac8                ThImuRead::toggleSpeedCtrl()
 .text._ZN9ThImuRead10toggleSendEv
                0x08001aec       0x2c ./Thread/ThTelecommand.o
                0x08001aec                ThImuRead::toggleSend()
 .text._ZN13ThTelecommandC2EPKc
                0x08001b18       0x40 ./Thread/ThTelecommand.o
                0x08001b18                ThTelecommand::ThTelecommand(char const*)
                0x08001b18                ThTelecommand::ThTelecommand(char const*)
 .text._ZN13ThTelecommandD2Ev
                0x08001b58       0x30 ./Thread/ThTelecommand.o
                0x08001b58                ThTelecommand::~ThTelecommand()
                0x08001b58                ThTelecommand::~ThTelecommand()
 .text._ZN13ThTelecommandD0Ev
                0x08001b88       0x20 ./Thread/ThTelecommand.o
                0x08001b88                ThTelecommand::~ThTelecommand()
 .text._ZN13ThTelecommand4initEv
                0x08001ba8       0x2c ./Thread/ThTelecommand.o
                0x08001ba8                ThTelecommand::init()
 .text._ZN13ThTelecommand3runEv
                0x08001bd4      0x104 ./Thread/ThTelecommand.o
                0x08001bd4                ThTelecommand::run()
 .text._ZN13ThTelecommand7exectueEv
                0x08001cd8      0x248 ./Thread/ThTelecommand.o
                0x08001cd8                ThTelecommand::exectue()
 .text._ZN13ThTelecommand11utilizationEPc
                0x08001f20       0x60 ./Thread/ThTelecommand.o
                0x08001f20                ThTelecommand::utilization(char*)
 .text._ZN13ThTelecommand9getNumberEPc
                0x08001f80       0x80 ./Thread/ThTelecommand.o
                0x08001f80                ThTelecommand::getNumber(char*)
 .text._ZN13ThTelecommand11toUpperCaseEi
                0x08002000       0x34 ./Thread/ThTelecommand.o
                0x08002000                ThTelecommand::toUpperCase(int)
 .text.__tcf_0  0x08002034       0x2c ./Thread/ThTelecommand.o
 .text._Z41__static_initialization_and_destruction_0ii
                0x08002060      0x3a0 ./Thread/ThTelecommand.o
 .text._GLOBAL__sub_I_telecmds
                0x08002400       0x10 ./Thread/ThTelecommand.o
 .text._ZN11ThTelemetryC2EPKc
                0x08002410       0x34 ./Thread/ThTelemetry.o
                0x08002410                ThTelemetry::ThTelemetry(char const*)
                0x08002410                ThTelemetry::ThTelemetry(char const*)
 .text._ZN11ThTelemetryD2Ev
                0x08002444       0x30 ./Thread/ThTelemetry.o
                0x08002444                ThTelemetry::~ThTelemetry()
                0x08002444                ThTelemetry::~ThTelemetry()
 .text._ZN11ThTelemetryD0Ev
                0x08002474       0x20 ./Thread/ThTelemetry.o
                0x08002474                ThTelemetry::~ThTelemetry()
 .text._ZN11ThTelemetry4initEv
                0x08002494       0x2c ./Thread/ThTelemetry.o
                0x08002494                ThTelemetry::init()
 .text._ZN11ThTelemetry3runEv
                0x080024c0       0x60 ./Thread/ThTelemetry.o
                0x080024c0                ThTelemetry::run()
 .text._Z41__static_initialization_and_destruction_0ii
                0x08002520       0x2c ./Thread/ThTelemetry.o
 .text._GLOBAL__sub_I_BlueLED
                0x0800254c       0x10 ./Thread/ThTelemetry.o
 .text._ZN11TelecommandC2EPcS0_S0_
                0x0800255c       0x4c ./TCTM/Telecommand.o
                0x0800255c                Telecommand::Telecommand(char*, char*, char*)
                0x0800255c                Telecommand::Telecommand(char*, char*, char*)
 .text._ZN11TelecommandC2EPcS0_iiS0_
                0x080025a8       0x4c ./TCTM/Telecommand.o
                0x080025a8                Telecommand::Telecommand(char*, char*, int, int, char*)
                0x080025a8                Telecommand::Telecommand(char*, char*, int, int, char*)
 .text._ZN11TelecommandD2Ev
                0x080025f4       0x28 ./TCTM/Telecommand.o
                0x080025f4                Telecommand::~Telecommand()
                0x080025f4                Telecommand::~Telecommand()
 .text._ZN11TelecommandD0Ev
                0x0800261c       0x20 ./TCTM/Telecommand.o
                0x0800261c                Telecommand::~Telecommand()
 .text._ZN11Telecommand9getCmdStrEv
                0x0800263c       0x18 ./TCTM/Telecommand.o
                0x0800263c                Telecommand::getCmdStr()
 .text._ZN11Telecommand8toStringEv
                0x08002654       0x2c ./TCTM/Telecommand.o
                0x08002654                Telecommand::toString()
 .text._ZN3IMUC2EPN5RODOS6ThreadE
                0x08002680      0x170 ./Sensor/I2C/IMU/IMU.o
                0x08002680                IMU::IMU(RODOS::Thread*)
                0x08002680                IMU::IMU(RODOS::Thread*)
 .text._ZN3IMUD2Ev
                0x080027f0       0x28 ./Sensor/I2C/IMU/IMU.o
                0x080027f0                IMU::~IMU()
                0x080027f0                IMU::~IMU()
 .text._ZN3IMUD0Ev
                0x08002818       0x20 ./Sensor/I2C/IMU/IMU.o
                0x08002818                IMU::~IMU()
 .text._ZN3IMU14configurateIMUEv
                0x08002838      0x180 ./Sensor/I2C/IMU/IMU.o
                0x08002838                IMU::configurateIMU()
 .text._ZN3IMU14errorDetectionEsa
                0x080029b8       0x44 ./Sensor/I2C/IMU/IMU.o
                0x080029b8                IMU::errorDetection(short, signed char)
 *fill*         0x080029fc        0x4 
 .text._ZN3IMU8resetI2CEv
                0x08002a00       0x90 ./Sensor/I2C/IMU/IMU.o
                0x08002a00                IMU::resetI2C()
 .text._ZN3IMU7accReadEv
                0x08002a90      0x150 ./Sensor/I2C/IMU/IMU.o
                0x08002a90                IMU::accRead()
 .text._ZN3IMU19accSetDefaultValuesEv
                0x08002be0       0x30 ./Sensor/I2C/IMU/IMU.o
                0x08002be0                IMU::accSetDefaultValues()
 .text._ZN3IMU12accCalibrateEv
                0x08002c10       0x9c ./Sensor/I2C/IMU/IMU.o
                0x08002c10                IMU::accCalibrate()
 *fill*         0x08002cac        0x4 
 .text._ZN3IMU13accAxisOffsetERfS0_c
                0x08002cb0      0x1a0 ./Sensor/I2C/IMU/IMU.o
                0x08002cb0                IMU::accAxisOffset(float&, float&, char)
 .text._ZN3IMU7gyrReadEv
                0x08002e50      0x150 ./Sensor/I2C/IMU/IMU.o
                0x08002e50                IMU::gyrRead()
 .text._ZN3IMU12gyrCalibrateEv
                0x08002fa0      0x190 ./Sensor/I2C/IMU/IMU.o
                0x08002fa0                IMU::gyrCalibrate()
 .text._ZN3IMU12magCalibrateEv
                0x08003130      0x480 ./Sensor/I2C/IMU/IMU.o
                0x08003130                IMU::magCalibrate()
 .text._Z41__static_initialization_and_destruction_0ii
                0x080035b0       0x44 ./Sensor/I2C/IMU/IMU.o
 .text._GLOBAL__sub_I_CS_XM
                0x080035f4       0x10 ./Sensor/I2C/IMU/IMU.o
 .text._Z41__static_initialization_and_destruction_0ii
                0x08003604       0x2c ./Sensor/I2C/Light.o
 .text._GLOBAL__sub_I_LIGHT_HAL
                0x08003630       0x10 ./Sensor/I2C/Light.o
 .text._ZN4AHRSC2Ef
                0x08003640       0x40 ./Sensor/Filter/AHRS.o
                0x08003640                AHRS::AHRS(float)
                0x08003640                AHRS::AHRS(float)
 .text._ZN4AHRSD2Ev
                0x08003680       0x28 ./Sensor/Filter/AHRS.o
                0x08003680                AHRS::~AHRS()
                0x08003680                AHRS::~AHRS()
 .text._ZN4AHRSD0Ev
                0x080036a8       0x20 ./Sensor/Filter/AHRS.o
                0x080036a8                AHRS::~AHRS()
 .text._ZN4AHRS18setAllValuesToZeroEv
                0x080036c8       0x64 ./Sensor/Filter/AHRS.o
                0x080036c8                AHRS::setAllValuesToZero()
 .text._ZN4AHRS8setAlphaEf
                0x0800372c       0x30 ./Sensor/Filter/AHRS.o
                0x0800372c                AHRS::setAlpha(float)
 .text._Z41__static_initialization_and_destruction_0ii
                0x0800375c       0x2c ./Sensor/ADC/IR.o
 .text._GLOBAL__sub_I_sensor
                0x08003788       0x10 ./Sensor/ADC/IR.o
 .text._Z41__static_initialization_and_destruction_0ii
                0x08003798       0xb0 ./Extern/Extern.o
 .text._GLOBAL__sub_I_I2C_EN
                0x08003848       0x10 ./Extern/Extern.o
 .text._ZN12PiControllerC2Ev
                0x08003858       0x74 ./Controller/PiController.o
                0x08003858                PiController::PiController()
                0x08003858                PiController::PiController()
 .text._ZN12PiControllerD2Ev
                0x080038cc       0x28 ./Controller/PiController.o
                0x080038cc                PiController::~PiController()
                0x080038cc                PiController::~PiController()
 .text._ZN12PiControllerD0Ev
                0x080038f4       0x20 ./Controller/PiController.o
                0x080038f4                PiController::~PiController()
 .text._ZN12PiController10velocityPIEff
                0x08003914       0xf4 ./Controller/PiController.o
                0x08003914                PiController::velocityPI(float, float)
 .text._ZN7HbridgeC2EiiPN5RODOS7HAL_PWMEPNS0_8HAL_GPIOES4_
                0x08003a08       0x4c ./Actuators/Hbridge.o
                0x08003a08                Hbridge::Hbridge(int, int, RODOS::HAL_PWM*, RODOS::HAL_GPIO*, RODOS::HAL_GPIO*)
                0x08003a08                Hbridge::Hbridge(int, int, RODOS::HAL_PWM*, RODOS::HAL_GPIO*, RODOS::HAL_GPIO*)
 .text._ZN7HbridgeD2Ev
                0x08003a54       0x28 ./Actuators/Hbridge.o
                0x08003a54                Hbridge::~Hbridge()
                0x08003a54                Hbridge::~Hbridge()
 .text._ZN7HbridgeD0Ev
                0x08003a7c       0x20 ./Actuators/Hbridge.o
                0x08003a7c                Hbridge::~Hbridge()
 .text._ZN7Hbridge4initEv
                0x08003a9c       0x60 ./Actuators/Hbridge.o
                0x08003a9c                Hbridge::init()
 .text._ZN7Hbridge7setDutyEi
                0x08003afc       0xa0 ./Actuators/Hbridge.o
                0x08003afc                Hbridge::setDuty(int)
 .text._ZN5RODOS14TopicInterfaceD2Ev
                0x08003b9c       0x3c ./Template.o
                0x08003b9c                RODOS::TopicInterface::~TopicInterface()
                0x08003b9c                RODOS::TopicInterface::~TopicInterface()
 .text._ZN5RODOS14TopicInterfaceD0Ev
                0x08003bd8       0x20 ./Template.o
                0x08003bd8                RODOS::TopicInterface::~TopicInterface()
 .text._ZN5RODOS10SubscriberD2Ev
                0x08003bf8       0x3c ./Template.o
                0x08003bf8                RODOS::Subscriber::~Subscriber()
                0x08003bf8                RODOS::Subscriber::~Subscriber()
 .text._ZN5RODOS10SubscriberD0Ev
                0x08003c34       0x20 ./Template.o
                0x08003c34                RODOS::Subscriber::~Subscriber()
 .text._ZN5RODOS6PutterD2Ev
                0x08003c54       0x28 ./Template.o
                0x08003c54                RODOS::Putter::~Putter()
                0x08003c54                RODOS::Putter::~Putter()
 .text._ZN5RODOS6PutterD0Ev
                0x08003c7c       0x20 ./Template.o
                0x08003c7c                RODOS::Putter::~Putter()
 .text._ZN5RODOS6Putter10putGenericEljPKvRKNS_10NetMsgInfoE
                0x08003c9c       0x24 ./Template.o
                0x08003c9c                RODOS::Putter::putGeneric(long, unsigned int, void const*, RODOS::NetMsgInfo const&)
 .text._ZN5RODOS5TopicI10SensorDataEC2ElPKc
                0x08003cc0       0x30 ./Template.o
                0x08003cc0                RODOS::Topic<SensorData>::Topic(long, char const*)
                0x08003cc0                RODOS::Topic<SensorData>::Topic(long, char const*)
 .text._ZN5RODOS6PutterC2Ev
                0x08003cf0       0x20 ./Template.o
                0x08003cf0                RODOS::Putter::Putter()
                0x08003cf0                RODOS::Putter::Putter()
 .text._ZN5RODOS10CommBufferI10SensorDataEC2Ev
                0x08003d10       0x5c ./Template.o
                0x08003d10                RODOS::CommBuffer<SensorData>::CommBuffer()
                0x08003d10                RODOS::CommBuffer<SensorData>::CommBuffer()
 .text._ZN5RODOS10CommBufferI10SensorDataED2Ev
                0x08003d6c       0x30 ./Template.o
                0x08003d6c                RODOS::CommBuffer<SensorData>::~CommBuffer()
                0x08003d6c                RODOS::CommBuffer<SensorData>::~CommBuffer()
 .text._ZN5RODOS10CommBufferI10SensorDataED0Ev
                0x08003d9c       0x20 ./Template.o
                0x08003d9c                RODOS::CommBuffer<SensorData>::~CommBuffer()
 .text._Z41__static_initialization_and_destruction_0ii
                0x08003dbc       0xb4 ./Template.o
 .text._ZN5RODOS10CommBufferI10SensorDataE10putGenericEljPKvRKNS_10NetMsgInfoE
                0x08003e70       0x34 ./Template.o
                0x08003e70                RODOS::CommBuffer<SensorData>::putGeneric(long, unsigned int, void const*, RODOS::NetMsgInfo const&)
 .text._ZN5RODOS5TopicI10SensorDataED2Ev
                0x08003ea4       0x3c ./Template.o
                0x08003ea4                RODOS::Topic<SensorData>::~Topic()
                0x08003ea4                RODOS::Topic<SensorData>::~Topic()
 .text._ZN5RODOS5TopicI10SensorDataED0Ev
                0x08003ee0       0x20 ./Template.o
                0x08003ee0                RODOS::Topic<SensorData>::~Topic()
 .text._ZN5RODOS10CommBufferI10SensorDataE3putERS1_
                0x08003f00       0x58 ./Template.o
                0x08003f00                RODOS::CommBuffer<SensorData>::put(SensorData&)
 .text._GLOBAL__sub_I_GreenLED
                0x08003f58       0x10 ./Template.o
 .text._ZNK5RODOS11ListElement7getNextEv
                0x08003f68       0x18 C:\Users\pinker\Desktop\Floatsat\Eclipse Luna SR1 121\Workspace\rodos\Debug_STM32F4\librodos.a(application.o)
                0x08003f68                RODOS::ListElement::getNext() const
 .text._ZNK5RODOS11ListElement7getNameEv
                0x08003f80       0x18 C:\Users\pinker\Desktop\Floatsat\Eclipse Luna SR1 121\Workspace\rodos\Debug_STM32F4\librodos.a(application.o)
                0x08003f80                RODOS::ListElement::getName() const
 .text._ZN5RODOS11Application4initEv
                0x08003f98       0x14 C:\Users\pinker\Desktop\Floatsat\Eclipse Luna SR1 121\Workspace\rodos\Debug_STM32F4\librodos.a(application.o)
                0x08003f98                RODOS::Application::init()
 .text._ZN5RODOS11ApplicationC2EPKcl
                0x08003fac       0x40 C:\Users\pinker\Desktop\Floatsat\Eclipse Luna SR1 121\Workspace\rodos\Debug_STM32F4\librodos.a(application.o)
                0x08003fac                RODOS::Application::Application(char const*, long)
                0x08003fac                RODOS::Application::Application(char const*, long)
 .text._ZN5RODOS11ApplicationD2Ev
                0x08003fec       0x3c C:\Users\pinker\Desktop\Floatsat\Eclipse Luna SR1 121\Workspace\rodos\Debug_STM32F4\librodos.a(application.o)
                0x08003fec                RODOS::Application::~Application()
                0x08003fec                RODOS::Application::~Application()
 .text._ZN5RODOS11ApplicationD0Ev
                0x08004028       0x20 C:\Users\pinker\Desktop\Floatsat\Eclipse Luna SR1 121\Workspace\rodos\Debug_STM32F4\librodos.a(application.o)
                0x08004028                RODOS::Application::~Application()
 .text._ZN5RODOS11Application8activateEv
                0x08004048       0x18 C:\Users\pinker\Desktop\Floatsat\Eclipse Luna SR1 121\Workspace\rodos\Debug_STM32F4\librodos.a(application.o)
                0x08004048                RODOS::Application::activate()
 .text._ZN5RODOS11Application10deactivateEv
                0x08004060       0x18 C:\Users\pinker\Desktop\Floatsat\Eclipse Luna SR1 121\Workspace\rodos\Debug_STM32F4\librodos.a(application.o)
                0x08004060                RODOS::Application::deactivate()
 .text._ZN5RODOS11Application7requestEPviS1_i
                0x08004078       0x20 C:\Users\pinker\Desktop\Floatsat\Eclipse Luna SR1 121\Workspace\rodos\Debug_STM32F4\librodos.a(application.o)
                0x08004078                RODOS::Application::request(void*, int, void*, int)
 .text._ZN5RODOS11Application17printApplicationsEv
                0x08004098       0x64 C:\Users\pinker\Desktop\Floatsat\Eclipse Luna SR1 121\Workspace\rodos\Debug_STM32F4\librodos.a(application.o)
                0x08004098                RODOS::Application::printApplications()
 .text._ZN5RODOS7YprintfD2Ev
                0x080040fc       0x28 C:\Users\pinker\Desktop\Floatsat\Eclipse Luna SR1 121\Workspace\rodos\Debug_STM32F4\librodos.a(debug.o)
                0x080040fc                RODOS::Yprintf::~Yprintf()
                0x080040fc                RODOS::Yprintf::~Yprintf()
 .text._ZN5RODOS7YprintfD0Ev
                0x08004124       0x20 C:\Users\pinker\Desktop\Floatsat\Eclipse Luna SR1 121\Workspace\rodos\Debug_STM32F4\librodos.a(debug.o)
                0x08004124                RODOS::Yprintf::~Yprintf()
 .text._ZN5RODOS7Yprintf5yputcEc
                0x08004144       0x1c C:\Users\pinker\Desktop\Floatsat\Eclipse Luna SR1 121\Workspace\rodos\Debug_STM32F4\librodos.a(debug.o)
                0x08004144                RODOS::Yprintf::yputc(char)
 .text._ZN5RODOS7YprintfC2Ev
                0x08004160       0x20 C:\Users\pinker\Desktop\Floatsat\Eclipse Luna SR1 121\Workspace\rodos\Debug_STM32F4\librodos.a(debug.o)
                0x08004160                RODOS::Yprintf::Yprintf()
                0x08004160                RODOS::Yprintf::Yprintf()
 .text._ZN5RODOS6PRINTFEPKcz
                0x08004180       0x8c C:\Users\pinker\Desktop\Floatsat\Eclipse Luna SR1 121\Workspace\rodos\Debug_STM32F4\librodos.a(debug.o)
                0x08004180                RODOS::PRINTF(char const*, ...)
 .text._ZN5RODOS5ERROREPKc
                0x0800420c       0x34 C:\Users\pinker\Desktop\Floatsat\Eclipse Luna SR1 121\Workspace\rodos\Debug_STM32F4\librodos.a(debug.o)
                0x0800420c                RODOS::ERROR(char const*)
 .text._Z41__static_initialization_and_destruction_0ii
                0x08004240       0x2c C:\Users\pinker\Desktop\Floatsat\Eclipse Luna SR1 121\Workspace\rodos\Debug_STM32F4\librodos.a(debug.o)
 .text._GLOBAL__sub_I__ZN5RODOS12errorCounterE
                0x0800426c       0x10 C:\Users\pinker\Desktop\Floatsat\Eclipse Luna SR1 121\Workspace\rodos\Debug_STM32F4\librodos.a(debug.o)
 .text._ZN5RODOS18GenericIOInterface4initEz
                0x0800427c       0x14 C:\Users\pinker\Desktop\Floatsat\Eclipse Luna SR1 121\Workspace\rodos\Debug_STM32F4\librodos.a(genericIO.o)
                0x0800427c                RODOS::GenericIOInterface::init(...)
 .text._ZN5RODOS18GenericIOInterface5resetEv
                0x08004290       0x14 C:\Users\pinker\Desktop\Floatsat\Eclipse Luna SR1 121\Workspace\rodos\Debug_STM32F4\librodos.a(genericIO.o)
                0x08004290                RODOS::GenericIOInterface::reset()
 .text._ZN5RODOS18GenericIOInterface6configEz
                0x080042a4       0x14 C:\Users\pinker\Desktop\Floatsat\Eclipse Luna SR1 121\Workspace\rodos\Debug_STM32F4\librodos.a(genericIO.o)
                0x080042a4                RODOS::GenericIOInterface::config(...)
 .text._ZN5RODOS18GenericIOInterface6statusEz
                0x080042b8       0x14 C:\Users\pinker\Desktop\Floatsat\Eclipse Luna SR1 121\Workspace\rodos\Debug_STM32F4\librodos.a(genericIO.o)
                0x080042b8                RODOS::GenericIOInterface::status(...)
 .text._ZN5RODOS18GenericIOInterface14isReadFinishedEv
                0x080042cc       0x18 C:\Users\pinker\Desktop\Floatsat\Eclipse Luna SR1 121\Workspace\rodos\Debug_STM32F4\librodos.a(genericIO.o)
                0x080042cc                RODOS::GenericIOInterface::isReadFinished()
 .text._ZN5RODOS18GenericIOInterface11isDataReadyEv
                0x080042e4       0x18 C:\Users\pinker\Desktop\Floatsat\Eclipse Luna SR1 121\Workspace\rodos\Debug_STM32F4\librodos.a(genericIO.o)
                0x080042e4                RODOS::GenericIOInterface::isDataReady()
 .text._ZN5RODOS18GenericIOInterface5writeEz
                0x080042fc       0x14 C:\Users\pinker\Desktop\Floatsat\Eclipse Luna SR1 121\Workspace\rodos\Debug_STM32F4\librodos.a(genericIO.o)
                0x080042fc                RODOS::GenericIOInterface::write(...)
 .text._ZN5RODOS18GenericIOInterface4readEz
                0x08004310       0x14 C:\Users\pinker\Desktop\Floatsat\Eclipse Luna SR1 121\Workspace\rodos\Debug_STM32F4\librodos.a(genericIO.o)
                0x08004310                RODOS::GenericIOInterface::read(...)
 .text._ZN5RODOS18GenericIOInterface9writeReadEz
                0x08004324       0x14 C:\Users\pinker\Desktop\Floatsat\Eclipse Luna SR1 121\Workspace\rodos\Debug_STM32F4\librodos.a(genericIO.o)
                0x08004324                RODOS::GenericIOInterface::writeRead(...)
 .text._ZN5RODOS18GenericIOInterfaceC2Ev
                0x08004338       0x38 C:\Users\pinker\Desktop\Floatsat\Eclipse Luna SR1 121\Workspace\rodos\Debug_STM32F4\librodos.a(genericIO.o)
                0x08004338                RODOS::GenericIOInterface::GenericIOInterface()
                0x08004338                RODOS::GenericIOInterface::GenericIOInterface()
 .text._ZN5RODOS18GenericIOInterface25suspendUntilWriteFinishedEx
                0x08004370       0x4c C:\Users\pinker\Desktop\Floatsat\Eclipse Luna SR1 121\Workspace\rodos\Debug_STM32F4\librodos.a(genericIO.o)
                0x08004370                RODOS::GenericIOInterface::suspendUntilWriteFinished(long long)
 .text._ZN5RODOS18GenericIOInterface21suspendUntilDataReadyEx
                0x080043bc       0x4c C:\Users\pinker\Desktop\Floatsat\Eclipse Luna SR1 121\Workspace\rodos\Debug_STM32F4\librodos.a(genericIO.o)
                0x080043bc                RODOS::GenericIOInterface::suspendUntilDataReady(long long)
 .text._ZN5RODOS18GenericIOInterface19upCallWriteFinishedEv
                0x08004408       0x40 C:\Users\pinker\Desktop\Floatsat\Eclipse Luna SR1 121\Workspace\rodos\Debug_STM32F4\librodos.a(genericIO.o)
                0x08004408                RODOS::GenericIOInterface::upCallWriteFinished()
 .text._ZN5RODOS18GenericIOInterface18upCallReadFinishedEv
                0x08004448       0x40 C:\Users\pinker\Desktop\Floatsat\Eclipse Luna SR1 121\Workspace\rodos\Debug_STM32F4\librodos.a(genericIO.o)
                0x08004448                RODOS::GenericIOInterface::upCallReadFinished()
 .text._ZN5RODOS18GenericIOInterface15upCallDataReadyEv
                0x08004488       0x40 C:\Users\pinker\Desktop\Floatsat\Eclipse Luna SR1 121\Workspace\rodos\Debug_STM32F4\librodos.a(genericIO.o)
                0x08004488                RODOS::GenericIOInterface::upCallDataReady()
 .text._ZN5RODOS11ListElementC2ERPS0_PKcPv
                0x080044c8       0x40 C:\Users\pinker\Desktop\Floatsat\Eclipse Luna SR1 121\Workspace\rodos\Debug_STM32F4\librodos.a(listelement.o)
                0x080044c8                RODOS::ListElement::ListElement(RODOS::ListElement*&, char const*, void*)
                0x080044c8                RODOS::ListElement::ListElement(RODOS::ListElement*&, char const*, void*)
 .text._ZN5RODOS11ListElement6appendERPS0_
                0x08004508       0x50 C:\Users\pinker\Desktop\Floatsat\Eclipse Luna SR1 121\Workspace\rodos\Debug_STM32F4\librodos.a(listelement.o)
                0x08004508                RODOS::ListElement::append(RODOS::ListElement*&)
 .text._ZN5RODOS11ListElementD2Ev
                0x08004558       0x1c C:\Users\pinker\Desktop\Floatsat\Eclipse Luna SR1 121\Workspace\rodos\Debug_STM32F4\librodos.a(listelement.o)
                0x08004558                RODOS::ListElement::~ListElement()
                0x08004558                RODOS::ListElement::~ListElement()
 .text.strlen   0x08004574       0x3c C:\Users\pinker\Desktop\Floatsat\Eclipse Luna SR1 121\Workspace\rodos\Debug_STM32F4\librodos.a(string_pico.o)
                0x08004574                strlen
 .text.memset   0x080045b0       0x44 C:\Users\pinker\Desktop\Floatsat\Eclipse Luna SR1 121\Workspace\rodos\Debug_STM32F4\librodos.a(string_pico.o)
                0x080045b0                memset
 .text.memcpy   0x080045f4       0x54 C:\Users\pinker\Desktop\Floatsat\Eclipse Luna SR1 121\Workspace\rodos\Debug_STM32F4\librodos.a(string_pico.o)
                0x080045f4                memcpy
 .text.strcmp   0x08004648       0x6c C:\Users\pinker\Desktop\Floatsat\Eclipse Luna SR1 121\Workspace\rodos\Debug_STM32F4\librodos.a(string_pico.o)
                0x08004648                strcmp
 .text._ZdlPv   0x080046b4       0x14 C:\Users\pinker\Desktop\Floatsat\Eclipse Luna SR1 121\Workspace\rodos\Debug_STM32F4\librodos.a(string_pico.o)
                0x080046b4                operator delete(void*)
 .text._ZN5RODOS10SubscriberC2ERNS_14TopicInterfaceERNS_6PutterEPKcb
                0x080046c8       0x64 C:\Users\pinker\Desktop\Floatsat\Eclipse Luna SR1 121\Workspace\rodos\Debug_STM32F4\librodos.a(subscriber.o)
                0x080046c8                RODOS::Subscriber::Subscriber(RODOS::TopicInterface&, RODOS::Putter&, char const*, bool)
                0x080046c8                RODOS::Subscriber::Subscriber(RODOS::TopicInterface&, RODOS::Putter&, char const*, bool)
 .text._ZN5RODOS10Subscriber3putEllPKvl
                0x0800472c       0x20 C:\Users\pinker\Desktop\Floatsat\Eclipse Luna SR1 121\Workspace\rodos\Debug_STM32F4\librodos.a(subscriber.o)
                0x0800472c                RODOS::Subscriber::put(long, long, void const*, long)
 .text._ZN5RODOS10Subscriber3putEllPKvRKNS_10NetMsgInfoE
                0x0800474c       0xac C:\Users\pinker\Desktop\Floatsat\Eclipse Luna SR1 121\Workspace\rodos\Debug_STM32F4\librodos.a(subscriber.o)
                0x0800474c                RODOS::Subscriber::put(long, long, void const*, RODOS::NetMsgInfo const&)
 .text._ZN5RODOS10Subscriber16putFromInterruptElPKvi
                0x080047f8       0x3c C:\Users\pinker\Desktop\Floatsat\Eclipse Luna SR1 121\Workspace\rodos\Debug_STM32F4\librodos.a(subscriber.o)
                0x080047f8                RODOS::Subscriber::putFromInterrupt(long, void const*, int)
 .text._ZN5RODOS6Thread15setPeriodicBeatExx
                0x08004834       0x2c C:\Users\pinker\Desktop\Floatsat\Eclipse Luna SR1 121\Workspace\rodos\Debug_STM32F4\librodos.a(thread.o)
                0x08004834                RODOS::Thread::setPeriodicBeat(long long, long long)
 .text._ZN5RODOS6Thread20suspendUntilNextBeatEv
                0x08004860       0x64 C:\Users\pinker\Desktop\Floatsat\Eclipse Luna SR1 121\Workspace\rodos\Debug_STM32F4\librodos.a(thread.o)
                0x08004860                RODOS::Thread::suspendUntilNextBeat()
 .text._ZN5RODOS6Thread20setPrioCurrentRunnerEl
                0x080048c4       0x28 C:\Users\pinker\Desktop\Floatsat\Eclipse Luna SR1 121\Workspace\rodos\Debug_STM32F4\librodos.a(thread.o)
                0x080048c4                RODOS::Thread::setPrioCurrentRunner(long)
 .text._ZN5RODOS9TimeModelC2Ev
                0x080048ec       0x48 C:\Users\pinker\Desktop\Floatsat\Eclipse Luna SR1 121\Workspace\rodos\Debug_STM32F4\librodos.a(timemodel.o)
                0x080048ec                RODOS::TimeModel::TimeModel()
                0x080048ec                RODOS::TimeModel::TimeModel()
 .text._ZN5RODOS9TimeModel14getNanosecondsEv
                0x08004934       0x14 C:\Users\pinker\Desktop\Floatsat\Eclipse Luna SR1 121\Workspace\rodos\Debug_STM32F4\librodos.a(timemodel.o)
                0x08004934                RODOS::TimeModel::getNanoseconds()
 .text._ZN5RODOS9TimeModel15computeNextBeatExxx
                0x08004948       0x88 C:\Users\pinker\Desktop\Floatsat\Eclipse Luna SR1 121\Workspace\rodos\Debug_STM32F4\librodos.a(timemodel.o)
                0x08004948                RODOS::TimeModel::computeNextBeat(long long, long long, long long)
 .text._Z41__static_initialization_and_destruction_0ii
                0x080049d0       0x2c C:\Users\pinker\Desktop\Floatsat\Eclipse Luna SR1 121\Workspace\rodos\Debug_STM32F4\librodos.a(timemodel.o)
 .text._GLOBAL__sub_I__ZN5RODOS7sysTimeE
                0x080049fc       0x10 C:\Users\pinker\Desktop\Floatsat\Eclipse Luna SR1 121\Workspace\rodos\Debug_STM32F4\librodos.a(timemodel.o)
 .text._ZN5RODOS14TopicInterfaceC2EllPKc
                0x08004a0c       0xe0 C:\Users\pinker\Desktop\Floatsat\Eclipse Luna SR1 121\Workspace\rodos\Debug_STM32F4\librodos.a(topic.o)
                0x08004a0c                RODOS::TopicInterface::TopicInterface(long, long, char const*)
                0x08004a0c                RODOS::TopicInterface::TopicInterface(long, long, char const*)
 .text._ZN5RODOS5TopicINS_13GenericMsgRefEED2Ev
                0x08004aec       0x3c C:\Users\pinker\Desktop\Floatsat\Eclipse Luna SR1 121\Workspace\rodos\Debug_STM32F4\librodos.a(topic.o)
                0x08004aec                RODOS::Topic<RODOS::GenericMsgRef>::~Topic()
                0x08004aec                RODOS::Topic<RODOS::GenericMsgRef>::~Topic()
 .text._ZN5RODOS5TopicINS_13GenericMsgRefEED0Ev
                0x08004b28       0x20 C:\Users\pinker\Desktop\Floatsat\Eclipse Luna SR1 121\Workspace\rodos\Debug_STM32F4\librodos.a(topic.o)
                0x08004b28                RODOS::Topic<RODOS::GenericMsgRef>::~Topic()
 .text._ZN5RODOS5TopicINS_13GenericMsgRefEEC2ElPKc
                0x08004b48       0x30 C:\Users\pinker\Desktop\Floatsat\Eclipse Luna SR1 121\Workspace\rodos\Debug_STM32F4\librodos.a(topic.o)
                0x08004b48                RODOS::Topic<RODOS::GenericMsgRef>::Topic(long, char const*)
                0x08004b48                RODOS::Topic<RODOS::GenericMsgRef>::Topic(long, char const*)
 .text._ZN5RODOS5TopicINS_14NetworkMessageEEC2ElPKc
                0x08004b78       0x30 C:\Users\pinker\Desktop\Floatsat\Eclipse Luna SR1 121\Workspace\rodos\Debug_STM32F4\librodos.a(topic.o)
                0x08004b78                RODOS::Topic<RODOS::NetworkMessage>::Topic(long, char const*)
                0x08004b78                RODOS::Topic<RODOS::NetworkMessage>::Topic(long, char const*)
 .text._ZN5RODOS5TopicIPvEC2ElPKc
                0x08004ba8       0x30 C:\Users\pinker\Desktop\Floatsat\Eclipse Luna SR1 121\Workspace\rodos\Debug_STM32F4\librodos.a(topic.o)
                0x08004ba8                RODOS::Topic<void*>::Topic(long, char const*)
                0x08004ba8                RODOS::Topic<void*>::Topic(long, char const*)
 .text._Z41__static_initialization_and_destruction_0ii
                0x08004bd8      0x104 C:\Users\pinker\Desktop\Floatsat\Eclipse Luna SR1 121\Workspace\rodos\Debug_STM32F4\librodos.a(topic.o)
 .text._ZN5RODOS5TopicIPvED2Ev
                0x08004cdc       0x3c C:\Users\pinker\Desktop\Floatsat\Eclipse Luna SR1 121\Workspace\rodos\Debug_STM32F4\librodos.a(topic.o)
                0x08004cdc                RODOS::Topic<void*>::~Topic()
                0x08004cdc                RODOS::Topic<void*>::~Topic()
 .text._ZN5RODOS5TopicIPvED0Ev
                0x08004d18       0x20 C:\Users\pinker\Desktop\Floatsat\Eclipse Luna SR1 121\Workspace\rodos\Debug_STM32F4\librodos.a(topic.o)
                0x08004d18                RODOS::Topic<void*>::~Topic()
 .text._ZN5RODOS5TopicINS_14NetworkMessageEED2Ev
                0x08004d38       0x3c C:\Users\pinker\Desktop\Floatsat\Eclipse Luna SR1 121\Workspace\rodos\Debug_STM32F4\librodos.a(topic.o)
                0x08004d38                RODOS::Topic<RODOS::NetworkMessage>::~Topic()
                0x08004d38                RODOS::Topic<RODOS::NetworkMessage>::~Topic()
 .text._ZN5RODOS5TopicINS_14NetworkMessageEED0Ev
                0x08004d74       0x20 C:\Users\pinker\Desktop\Floatsat\Eclipse Luna SR1 121\Workspace\rodos\Debug_STM32F4\librodos.a(topic.o)
                0x08004d74                RODOS::Topic<RODOS::NetworkMessage>::~Topic()
 .text._GLOBAL__sub_I__ZN5RODOS14TopicInterfaceC2EllPKc
                0x08004d94       0x10 C:\Users\pinker\Desktop\Floatsat\Eclipse Luna SR1 121\Workspace\rodos\Debug_STM32F4\librodos.a(topic.o)
 .text._ZN5RODOS7Yprintf8vaprintfEPKc
                0x08004da4      0x4e4 C:\Users\pinker\Desktop\Floatsat\Eclipse Luna SR1 121\Workspace\rodos\Debug_STM32F4\librodos.a(yprintf.o)
                0x08004da4                RODOS::Yprintf::vaprintf(char const*)
 .text._ZN5RODOS7xprintfEPKcz
                0x08005288       0x40 C:\Users\pinker\Desktop\Floatsat\Eclipse Luna SR1 121\Workspace\rodos\Debug_STM32F4\librodos.a(yprintf.o)
                0x08005288                RODOS::xprintf(char const*, ...)
 .text.call_constructors
                0x080052c8       0x40 C:\Users\pinker\Desktop\Floatsat\Eclipse Luna SR1 121\Workspace\rodos\Debug_STM32F4\librodos.a(call_constructors.o)
                0x080052c8                call_constructors
 .text.__cxa_atexit
                0x08005308       0x1c C:\Users\pinker\Desktop\Floatsat\Eclipse Luna SR1 121\Workspace\rodos\Debug_STM32F4\librodos.a(call_constructors.o)
                0x08005308                __cxa_atexit
 .text.__cxa_pure_virtual
                0x08005324        0x8 C:\Users\pinker\Desktop\Floatsat\Eclipse Luna SR1 121\Workspace\rodos\Debug_STM32F4\librodos.a(call_constructors.o)
                0x08005324                __cxa_pure_virtual
 .text.Reset_Handler
                0x0800532c       0x6c C:\Users\pinker\Desktop\Floatsat\Eclipse Luna SR1 121\Workspace\rodos\Debug_STM32F4\librodos.a(startup_stm32f4xx.o)
                0x0800532c                Reset_Handler
 .text.Default_Handler
                0x08005398        0x8 C:\Users\pinker\Desktop\Floatsat\Eclipse Luna SR1 121\Workspace\rodos\Debug_STM32F4\librodos.a(startup_stm32f4xx.o)
                0x08005398                RTC_Alarm_IRQHandler
                0x08005398                HASH_RNG_IRQHandler
                0x08005398                TIM8_CC_IRQHandler
                0x08005398                DebugMon_Handler
                0x08005398                TIM1_CC_IRQHandler
                0x08005398                PVD_IRQHandler
                0x08005398                SDIO_IRQHandler
                0x08005398                TAMP_STAMP_IRQHandler
                0x08005398                CAN2_RX1_IRQHandler
                0x08005398                TIM8_TRG_COM_TIM14_IRQHandler
                0x08005398                TIM1_UP_TIM10_IRQHandler
                0x08005398                TIM8_UP_TIM13_IRQHandler
                0x08005398                I2C3_ER_IRQHandler
                0x08005398                I2C2_EV_IRQHandler
                0x08005398                DMA1_Stream2_IRQHandler
                0x08005398                CAN1_RX0_IRQHandler
                0x08005398                FPU_IRQHandler
                0x08005398                OTG_HS_WKUP_IRQHandler
                0x08005398                CAN2_SCE_IRQHandler
                0x08005398                DMA2_Stream2_IRQHandler
                0x08005398                SPI1_IRQHandler
                0x08005398                TIM6_DAC_IRQHandler
                0x08005398                TIM1_BRK_TIM9_IRQHandler
                0x08005398                DCMI_IRQHandler
                0x08005398                CAN2_RX0_IRQHandler
                0x08005398                DMA2_Stream3_IRQHandler
                0x08005398                CRYP_IRQHandler
                0x08005398                CAN1_RX1_IRQHandler
                0x08005398                DMA2_Stream0_IRQHandler
                0x08005398                TIM4_IRQHandler
                0x08005398                I2C1_EV_IRQHandler
                0x08005398                TIM3_IRQHandler
                0x08005398                RCC_IRQHandler
                0x08005398                TIM8_BRK_TIM12_IRQHandler
                0x08005398                Default_Handler
                0x08005398                ADC_IRQHandler
                0x08005398                DMA1_Stream7_IRQHandler
                0x08005398                TIM7_IRQHandler
                0x08005398                CAN2_TX_IRQHandler
                0x08005398                I2C3_EV_IRQHandler
                0x08005398                RTC_WKUP_IRQHandler
                0x08005398                ETH_WKUP_IRQHandler
                0x08005398                SPI2_IRQHandler
                0x08005398                OTG_HS_EP1_IN_IRQHandler
                0x08005398                DMA1_Stream0_IRQHandler
                0x08005398                CAN1_TX_IRQHandler
                0x08005398                FSMC_IRQHandler
                0x08005398                ETH_IRQHandler
                0x08005398                OTG_HS_EP1_OUT_IRQHandler
                0x08005398                WWDG_IRQHandler
                0x08005398                TIM2_IRQHandler
                0x08005398                OTG_FS_WKUP_IRQHandler
                0x08005398                OTG_HS_IRQHandler
                0x08005398                I2C2_ER_IRQHandler
                0x08005398                DMA2_Stream1_IRQHandler
                0x08005398                CAN1_SCE_IRQHandler
                0x08005398                FLASH_IRQHandler
                0x08005398                DMA2_Stream4_IRQHandler
                0x08005398                OTG_FS_IRQHandler
                0x08005398                SPI3_IRQHandler
                0x08005398                DMA1_Stream4_IRQHandler
                0x08005398                I2C1_ER_IRQHandler
                0x08005398                DMA2_Stream6_IRQHandler
 .text._ZnwjPv  0x080053a0       0x18 C:\Users\pinker\Desktop\Floatsat\Eclipse Luna SR1 121\Workspace\rodos\Debug_STM32F4\librodos.a(hal_adc.o)
                0x080053a0                operator new(unsigned int, void*)
 .text._ZN5RODOS7HAL_ADC15isWriteFinishedEv
                0x080053b8       0x18 C:\Users\pinker\Desktop\Floatsat\Eclipse Luna SR1 121\Workspace\rodos\Debug_STM32F4\librodos.a(hal_adc.o)
                0x080053b8                RODOS::HAL_ADC::isWriteFinished()
 .text._ZN5RODOS7HAL_ADC14isReadFinishedEv
                0x080053d0       0x18 C:\Users\pinker\Desktop\Floatsat\Eclipse Luna SR1 121\Workspace\rodos\Debug_STM32F4\librodos.a(hal_adc.o)
                0x080053d0                RODOS::HAL_ADC::isReadFinished()
 .text._ZN5RODOS10HW_HAL_ADCC2Ev
                0x080053e8       0x18 C:\Users\pinker\Desktop\Floatsat\Eclipse Luna SR1 121\Workspace\rodos\Debug_STM32F4\librodos.a(hal_adc.o)
                0x080053e8                RODOS::HW_HAL_ADC::HW_HAL_ADC()
                0x080053e8                RODOS::HW_HAL_ADC::HW_HAL_ADC()
 .text._ZN5RODOS10HW_HAL_ADCC2ENS_7ADC_IDXE
                0x08005400       0x8c C:\Users\pinker\Desktop\Floatsat\Eclipse Luna SR1 121\Workspace\rodos\Debug_STM32F4\librodos.a(hal_adc.o)
                0x08005400                RODOS::HW_HAL_ADC::HW_HAL_ADC(RODOS::ADC_IDX)
                0x08005400                RODOS::HW_HAL_ADC::HW_HAL_ADC(RODOS::ADC_IDX)
 .text._ZN5RODOS7HAL_ADCC2ENS_7ADC_IDXE
                0x0800548c       0x70 C:\Users\pinker\Desktop\Floatsat\Eclipse Luna SR1 121\Workspace\rodos\Debug_STM32F4\librodos.a(hal_adc.o)
                0x0800548c                RODOS::HAL_ADC::HAL_ADC(RODOS::ADC_IDX)
                0x0800548c                RODOS::HAL_ADC::HAL_ADC(RODOS::ADC_IDX)
 .text._ZN5RODOS7HAL_ADC5resetEv
                0x080054fc       0xb0 C:\Users\pinker\Desktop\Floatsat\Eclipse Luna SR1 121\Workspace\rodos\Debug_STM32F4\librodos.a(hal_adc.o)
                0x080054fc                RODOS::HAL_ADC::reset()
 .text._ZN5RODOS10HW_HAL_ADC20getChannelPropertiesENS_11ADC_CHANNELE
                0x080055ac      0x37c C:\Users\pinker\Desktop\Floatsat\Eclipse Luna SR1 121\Workspace\rodos\Debug_STM32F4\librodos.a(hal_adc.o)
                0x080055ac                RODOS::HW_HAL_ADC::getChannelProperties(RODOS::ADC_CHANNEL)
 .text._Z41__static_initialization_and_destruction_0ii
                0x08005928       0x3c C:\Users\pinker\Desktop\Floatsat\Eclipse Luna SR1 121\Workspace\rodos\Debug_STM32F4\librodos.a(hal_adc.o)
 .text._GLOBAL__sub_I__ZN5RODOS15adcContextArrayE
                0x08005964       0x10 C:\Users\pinker\Desktop\Floatsat\Eclipse Luna SR1 121\Workspace\rodos\Debug_STM32F4\librodos.a(hal_adc.o)
 .text._ZN5RODOS8HAL_GPIO15isWriteFinishedEv
                0x08005974       0x18 C:\Users\pinker\Desktop\Floatsat\Eclipse Luna SR1 121\Workspace\rodos\Debug_STM32F4\librodos.a(hal_gpio.o)
                0x08005974                RODOS::HAL_GPIO::isWriteFinished()
 .text._ZN5RODOS8HAL_GPIO14isReadFinishedEv
                0x0800598c       0x18 C:\Users\pinker\Desktop\Floatsat\Eclipse Luna SR1 121\Workspace\rodos\Debug_STM32F4\librodos.a(hal_gpio.o)
                0x0800598c                RODOS::HAL_GPIO::isReadFinished()
 .text.NVIC_EnableIRQ
                0x080059a4       0x30 C:\Users\pinker\Desktop\Floatsat\Eclipse Luna SR1 121\Workspace\rodos\Debug_STM32F4\librodos.a(hal_gpio.o)
 .text.NVIC_ClearPendingIRQ
                0x080059d4       0x34 C:\Users\pinker\Desktop\Floatsat\Eclipse Luna SR1 121\Workspace\rodos\Debug_STM32F4\librodos.a(hal_gpio.o)
 .text._ZN5RODOS17initEXTInterruptsEv
                0x08005a08       0x54 C:\Users\pinker\Desktop\Floatsat\Eclipse Luna SR1 121\Workspace\rodos\Debug_STM32F4\librodos.a(hal_gpio.o)
                0x08005a08                RODOS::initEXTInterrupts()
 .text._ZN5RODOS11HW_HAL_GPIOC2ENS_8GPIO_PINEhb
                0x08005a5c       0x6c C:\Users\pinker\Desktop\Floatsat\Eclipse Luna SR1 121\Workspace\rodos\Debug_STM32F4\librodos.a(hal_gpio.o)
                0x08005a5c                RODOS::HW_HAL_GPIO::HW_HAL_GPIO(RODOS::GPIO_PIN, unsigned char, bool)
                0x08005a5c                RODOS::HW_HAL_GPIO::HW_HAL_GPIO(RODOS::GPIO_PIN, unsigned char, bool)
 .text._ZN5RODOS11HW_HAL_GPIO10setPinMaskEv
                0x08005ac8       0x74 C:\Users\pinker\Desktop\Floatsat\Eclipse Luna SR1 121\Workspace\rodos\Debug_STM32F4\librodos.a(hal_gpio.o)
                0x08005ac8                RODOS::HW_HAL_GPIO::setPinMask()
 .text._ZN5RODOS11HW_HAL_GPIO13EXTIRQHandlerEv
                0x08005b3c       0x54 C:\Users\pinker\Desktop\Floatsat\Eclipse Luna SR1 121\Workspace\rodos\Debug_STM32F4\librodos.a(hal_gpio.o)
                0x08005b3c                RODOS::HW_HAL_GPIO::EXTIRQHandler()
 .text._ZN5RODOS11HW_HAL_GPIO17getGPIO_PinSourceEm
                0x08005b90       0x38 C:\Users\pinker\Desktop\Floatsat\Eclipse Luna SR1 121\Workspace\rodos\Debug_STM32F4\librodos.a(hal_gpio.o)
                0x08005b90                RODOS::HW_HAL_GPIO::getGPIO_PinSource(unsigned long)
 .text._ZN5RODOS11HW_HAL_GPIO23getRCC_APB1Periph_GPIOxEP12GPIO_TypeDef
                0x08005bc8       0xd4 C:\Users\pinker\Desktop\Floatsat\Eclipse Luna SR1 121\Workspace\rodos\Debug_STM32F4\librodos.a(hal_gpio.o)
                0x08005bc8                RODOS::HW_HAL_GPIO::getRCC_APB1Periph_GPIOx(GPIO_TypeDef*)
 .text._ZN5RODOS11HW_HAL_GPIO12getSTM32PortENS_8GPIO_PINE
                0x08005c9c       0xa8 C:\Users\pinker\Desktop\Floatsat\Eclipse Luna SR1 121\Workspace\rodos\Debug_STM32F4\librodos.a(hal_gpio.o)
                0x08005c9c                RODOS::HW_HAL_GPIO::getSTM32Port(RODOS::GPIO_PIN)
 .text._ZN5RODOS11HW_HAL_GPIO11getSTM32PinENS_8GPIO_PINE
                0x08005d44       0x24 C:\Users\pinker\Desktop\Floatsat\Eclipse Luna SR1 121\Workspace\rodos\Debug_STM32F4\librodos.a(hal_gpio.o)
                0x08005d44                RODOS::HW_HAL_GPIO::getSTM32Pin(RODOS::GPIO_PIN)
 .text._ZN5RODOS11HW_HAL_GPIO14configureAFPinENS_8GPIO_PINEh
                0x08005d68       0xa0 C:\Users\pinker\Desktop\Floatsat\Eclipse Luna SR1 121\Workspace\rodos\Debug_STM32F4\librodos.a(hal_gpio.o)
                0x08005d68                RODOS::HW_HAL_GPIO::configureAFPin(RODOS::GPIO_PIN, unsigned char)
 .text._ZN5RODOS11HW_HAL_GPIO8resetPinENS_8GPIO_PINE
                0x08005e08       0x60 C:\Users\pinker\Desktop\Floatsat\Eclipse Luna SR1 121\Workspace\rodos\Debug_STM32F4\librodos.a(hal_gpio.o)
                0x08005e08                RODOS::HW_HAL_GPIO::resetPin(RODOS::GPIO_PIN)
 .text._ZN5RODOS8HAL_GPIOC2ENS_8GPIO_PINE
                0x08005e68       0x68 C:\Users\pinker\Desktop\Floatsat\Eclipse Luna SR1 121\Workspace\rodos\Debug_STM32F4\librodos.a(hal_gpio.o)
                0x08005e68                RODOS::HAL_GPIO::HAL_GPIO(RODOS::GPIO_PIN)
                0x08005e68                RODOS::HAL_GPIO::HAL_GPIO(RODOS::GPIO_PIN)
 .text._ZN5RODOS8HAL_GPIO4initEbmm
                0x08005ed0       0x90 C:\Users\pinker\Desktop\Floatsat\Eclipse Luna SR1 121\Workspace\rodos\Debug_STM32F4\librodos.a(hal_gpio.o)
                0x08005ed0                RODOS::HAL_GPIO::init(bool, unsigned long, unsigned long)
 .text._ZN5RODOS8HAL_GPIO6configENS_13GPIO_CFG_TYPEEm
                0x08005f60      0x158 C:\Users\pinker\Desktop\Floatsat\Eclipse Luna SR1 121\Workspace\rodos\Debug_STM32F4\librodos.a(hal_gpio.o)
                0x08005f60                RODOS::HAL_GPIO::config(RODOS::GPIO_CFG_TYPE, unsigned long)
 .text._ZN5RODOS8HAL_GPIO5resetEv
                0x080060b8       0x24 C:\Users\pinker\Desktop\Floatsat\Eclipse Luna SR1 121\Workspace\rodos\Debug_STM32F4\librodos.a(hal_gpio.o)
                0x080060b8                RODOS::HAL_GPIO::reset()
 .text._ZN5RODOS8HAL_GPIO7setPinsEm
                0x080060dc       0x98 C:\Users\pinker\Desktop\Floatsat\Eclipse Luna SR1 121\Workspace\rodos\Debug_STM32F4\librodos.a(hal_gpio.o)
                0x080060dc                RODOS::HAL_GPIO::setPins(unsigned long)
 .text._ZN5RODOS8HAL_GPIO8readPinsEv
                0x08006174       0x74 C:\Users\pinker\Desktop\Floatsat\Eclipse Luna SR1 121\Workspace\rodos\Debug_STM32F4\librodos.a(hal_gpio.o)
                0x08006174                RODOS::HAL_GPIO::readPins()
 .text._ZN5RODOS8HAL_GPIO11isDataReadyEv
                0x080061e8       0x1c C:\Users\pinker\Desktop\Floatsat\Eclipse Luna SR1 121\Workspace\rodos\Debug_STM32F4\librodos.a(hal_gpio.o)
                0x080061e8                RODOS::HAL_GPIO::isDataReady()
 .text._ZN5RODOS8HAL_GPIO15interruptEnableEb
                0x08006204      0x178 C:\Users\pinker\Desktop\Floatsat\Eclipse Luna SR1 121\Workspace\rodos\Debug_STM32F4\librodos.a(hal_gpio.o)
                0x08006204                RODOS::HAL_GPIO::interruptEnable(bool)
 .text.EXTI0_IRQHandler
                0x0800637c       0x24 C:\Users\pinker\Desktop\Floatsat\Eclipse Luna SR1 121\Workspace\rodos\Debug_STM32F4\librodos.a(hal_gpio.o)
                0x0800637c                EXTI0_IRQHandler
 .text.EXTI1_IRQHandler
                0x080063a0       0x24 C:\Users\pinker\Desktop\Floatsat\Eclipse Luna SR1 121\Workspace\rodos\Debug_STM32F4\librodos.a(hal_gpio.o)
                0x080063a0                EXTI1_IRQHandler
 .text.EXTI2_IRQHandler
                0x080063c4       0x24 C:\Users\pinker\Desktop\Floatsat\Eclipse Luna SR1 121\Workspace\rodos\Debug_STM32F4\librodos.a(hal_gpio.o)
                0x080063c4                EXTI2_IRQHandler
 .text.EXTI3_IRQHandler
                0x080063e8       0x24 C:\Users\pinker\Desktop\Floatsat\Eclipse Luna SR1 121\Workspace\rodos\Debug_STM32F4\librodos.a(hal_gpio.o)
                0x080063e8                EXTI3_IRQHandler
 .text.EXTI4_IRQHandler
                0x0800640c       0x24 C:\Users\pinker\Desktop\Floatsat\Eclipse Luna SR1 121\Workspace\rodos\Debug_STM32F4\librodos.a(hal_gpio.o)
                0x0800640c                EXTI4_IRQHandler
 .text.EXTI9_5_IRQHandler
                0x08006430       0x5c C:\Users\pinker\Desktop\Floatsat\Eclipse Luna SR1 121\Workspace\rodos\Debug_STM32F4\librodos.a(hal_gpio.o)
                0x08006430                EXTI9_5_IRQHandler
 .text.EXTI15_10_IRQHandler
                0x0800648c       0x5c C:\Users\pinker\Desktop\Floatsat\Eclipse Luna SR1 121\Workspace\rodos\Debug_STM32F4\librodos.a(hal_gpio.o)
                0x0800648c                EXTI15_10_IRQHandler
 .text._ZN5RODOS10HW_HAL_I2CC2ENS_7I2C_IDXE
                0x080064e8       0x20 C:\Users\pinker\Desktop\Floatsat\Eclipse Luna SR1 121\Workspace\rodos\Debug_STM32F4\librodos.a(hal_i2c.o)
                0x080064e8                RODOS::HW_HAL_I2C::HW_HAL_I2C(RODOS::I2C_IDX)
                0x080064e8                RODOS::HW_HAL_I2C::HW_HAL_I2C(RODOS::I2C_IDX)
 .text._ZN5RODOS10HW_HAL_I2CC2Ev
                0x08006508       0x18 C:\Users\pinker\Desktop\Floatsat\Eclipse Luna SR1 121\Workspace\rodos\Debug_STM32F4\librodos.a(hal_i2c.o)
                0x08006508                RODOS::HW_HAL_I2C::HW_HAL_I2C()
                0x08006508                RODOS::HW_HAL_I2C::HW_HAL_I2C()
 .text._ZN5RODOS7HAL_I2CC2ENS_7I2C_IDXE
                0x08006520       0xcc C:\Users\pinker\Desktop\Floatsat\Eclipse Luna SR1 121\Workspace\rodos\Debug_STM32F4\librodos.a(hal_i2c.o)
                0x08006520                RODOS::HAL_I2C::HAL_I2C(RODOS::I2C_IDX)
                0x08006520                RODOS::HAL_I2C::HAL_I2C(RODOS::I2C_IDX)
 .text._ZN5RODOS7HAL_I2C4initEm
                0x080065ec      0x118 C:\Users\pinker\Desktop\Floatsat\Eclipse Luna SR1 121\Workspace\rodos\Debug_STM32F4\librodos.a(hal_i2c.o)
                0x080065ec                RODOS::HAL_I2C::init(unsigned long)
 .text._ZN5RODOS7HAL_I2C5resetEv
                0x08006704      0x158 C:\Users\pinker\Desktop\Floatsat\Eclipse Luna SR1 121\Workspace\rodos\Debug_STM32F4\librodos.a(hal_i2c.o)
                0x08006704                RODOS::HAL_I2C::reset()
 .text._ZN5RODOS7HAL_I2C15isWriteFinishedEv
                0x0800685c       0x18 C:\Users\pinker\Desktop\Floatsat\Eclipse Luna SR1 121\Workspace\rodos\Debug_STM32F4\librodos.a(hal_i2c.o)
                0x0800685c                RODOS::HAL_I2C::isWriteFinished()
 .text._ZN5RODOS7HAL_I2C14isReadFinishedEv
                0x08006874       0x18 C:\Users\pinker\Desktop\Floatsat\Eclipse Luna SR1 121\Workspace\rodos\Debug_STM32F4\librodos.a(hal_i2c.o)
                0x08006874                RODOS::HAL_I2C::isReadFinished()
 .text._ZN5RODOS7HAL_I2C5writeEhPKhm
                0x0800688c       0x68 C:\Users\pinker\Desktop\Floatsat\Eclipse Luna SR1 121\Workspace\rodos\Debug_STM32F4\librodos.a(hal_i2c.o)
                0x0800688c                RODOS::HAL_I2C::write(unsigned char, unsigned char const*, unsigned long)
 .text._ZN5RODOS7HAL_I2C9writeReadEhPKhmPhm
                0x080068f4      0x120 C:\Users\pinker\Desktop\Floatsat\Eclipse Luna SR1 121\Workspace\rodos\Debug_STM32F4\librodos.a(hal_i2c.o)
                0x080068f4                RODOS::HAL_I2C::writeRead(unsigned char, unsigned char const*, unsigned long, unsigned char*, unsigned long)
 .text._ZN5RODOS10HW_HAL_I2C15mstrWriteNoStopEhPKhm
                0x08006a14      0x134 C:\Users\pinker\Desktop\Floatsat\Eclipse Luna SR1 121\Workspace\rodos\Debug_STM32F4\librodos.a(hal_i2c.o)
                0x08006a14                RODOS::HW_HAL_I2C::mstrWriteNoStop(unsigned char, unsigned char const*, unsigned long)
 .text._ZN5RODOS10HW_HAL_I2C9mstrWriteEhPKhm
                0x08006b48       0x50 C:\Users\pinker\Desktop\Floatsat\Eclipse Luna SR1 121\Workspace\rodos\Debug_STM32F4\librodos.a(hal_i2c.o)
                0x08006b48                RODOS::HW_HAL_I2C::mstrWrite(unsigned char, unsigned char const*, unsigned long)
 .text._ZN5RODOS10HW_HAL_I2C5startEv
                0x08006b98       0xd0 C:\Users\pinker\Desktop\Floatsat\Eclipse Luna SR1 121\Workspace\rodos\Debug_STM32F4\librodos.a(hal_i2c.o)
                0x08006b98                RODOS::HW_HAL_I2C::start()
 .text._ZN5RODOS10HW_HAL_I2C4stopEv
                0x08006c68       0x74 C:\Users\pinker\Desktop\Floatsat\Eclipse Luna SR1 121\Workspace\rodos\Debug_STM32F4\librodos.a(hal_i2c.o)
                0x08006c68                RODOS::HW_HAL_I2C::stop()
 .text._ZN5RODOS10HW_HAL_I2C8sendAddrEhh
                0x08006cdc       0xa0 C:\Users\pinker\Desktop\Floatsat\Eclipse Luna SR1 121\Workspace\rodos\Debug_STM32F4\librodos.a(hal_i2c.o)
                0x08006cdc                RODOS::HW_HAL_I2C::sendAddr(unsigned char, unsigned char)
 .text._ZN5RODOS10HW_HAL_I2C15mstrReadNoStartEhPhm
                0x08006d7c      0x54c C:\Users\pinker\Desktop\Floatsat\Eclipse Luna SR1 121\Workspace\rodos\Debug_STM32F4\librodos.a(hal_i2c.o)
                0x08006d7c                RODOS::HW_HAL_I2C::mstrReadNoStart(unsigned char, unsigned char*, unsigned long)
 .text._ZN5RODOS10HW_HAL_I2C11initMembersEPNS_7HAL_I2CENS_7I2C_IDXENS_8GPIO_PINES4_
                0x080072c8      0x10c C:\Users\pinker\Desktop\Floatsat\Eclipse Luna SR1 121\Workspace\rodos\Debug_STM32F4\librodos.a(hal_i2c.o)
                0x080072c8                RODOS::HW_HAL_I2C::initMembers(RODOS::HAL_I2C*, RODOS::I2C_IDX, RODOS::GPIO_PIN, RODOS::GPIO_PIN)
 .text._Z41__static_initialization_and_destruction_0ii
                0x080073d4       0x3c C:\Users\pinker\Desktop\Floatsat\Eclipse Luna SR1 121\Workspace\rodos\Debug_STM32F4\librodos.a(hal_i2c.o)
 .text._GLOBAL__sub_I__ZN5RODOS16I2C_contextArrayE
                0x08007410       0x10 C:\Users\pinker\Desktop\Floatsat\Eclipse Luna SR1 121\Workspace\rodos\Debug_STM32F4\librodos.a(hal_i2c.o)
 .text._ZN5RODOS7HAL_PWM15isWriteFinishedEv
                0x08007420       0x18 C:\Users\pinker\Desktop\Floatsat\Eclipse Luna SR1 121\Workspace\rodos\Debug_STM32F4\librodos.a(hal_pwm.o)
                0x08007420                RODOS::HAL_PWM::isWriteFinished()
 .text._ZN5RODOS7HAL_PWMC2ENS_7PWM_IDXE
                0x08007438       0x54 C:\Users\pinker\Desktop\Floatsat\Eclipse Luna SR1 121\Workspace\rodos\Debug_STM32F4\librodos.a(hal_pwm.o)
                0x08007438                RODOS::HAL_PWM::HAL_PWM(RODOS::PWM_IDX)
                0x08007438                RODOS::HAL_PWM::HAL_PWM(RODOS::PWM_IDX)
 .text._ZN5RODOS7HAL_PWM4initEii
                0x0800748c      0x67c C:\Users\pinker\Desktop\Floatsat\Eclipse Luna SR1 121\Workspace\rodos\Debug_STM32F4\librodos.a(hal_pwm.o)
                0x0800748c                RODOS::HAL_PWM::init(int, int)
 .text._ZN5RODOS7HAL_PWM5resetEv
                0x08007b08      0x250 C:\Users\pinker\Desktop\Floatsat\Eclipse Luna SR1 121\Workspace\rodos\Debug_STM32F4\librodos.a(hal_pwm.o)
                0x08007b08                RODOS::HAL_PWM::reset()
 .text._ZN5RODOS7HAL_PWM5writeEj
                0x08007d58      0x190 C:\Users\pinker\Desktop\Floatsat\Eclipse Luna SR1 121\Workspace\rodos\Debug_STM32F4\librodos.a(hal_pwm.o)
                0x08007d58                RODOS::HAL_PWM::write(unsigned int)
 .text._ZN5RODOS10HW_HAL_PWMC2ENS_7PWM_IDXE
                0x08007ee8       0xe0 C:\Users\pinker\Desktop\Floatsat\Eclipse Luna SR1 121\Workspace\rodos\Debug_STM32F4\librodos.a(hal_pwm.o)
                0x08007ee8                RODOS::HW_HAL_PWM::HW_HAL_PWM(RODOS::PWM_IDX)
                0x08007ee8                RODOS::HW_HAL_PWM::HW_HAL_PWM(RODOS::PWM_IDX)
 .text._ZN5RODOS10HW_HAL_PWM14updateSettingsEv
                0x08007fc8      0x10c C:\Users\pinker\Desktop\Floatsat\Eclipse Luna SR1 121\Workspace\rodos\Debug_STM32F4\librodos.a(hal_pwm.o)
                0x08007fc8                RODOS::HW_HAL_PWM::updateSettings()
 .text._ZN5RODOS6Thread4initEv
                0x080080d4       0x14 C:\Users\pinker\Desktop\Floatsat\Eclipse Luna SR1 121\Workspace\rodos\Debug_STM32F4\librodos.a(hal_uart.o)
                0x080080d4                RODOS::Thread::init()
 .text.NVIC_EnableIRQ
                0x080080e8       0x30 C:\Users\pinker\Desktop\Floatsat\Eclipse Luna SR1 121\Workspace\rodos\Debug_STM32F4\librodos.a(hal_uart.o)
 .text.NVIC_DisableIRQ
                0x08008118       0x34 C:\Users\pinker\Desktop\Floatsat\Eclipse Luna SR1 121\Workspace\rodos\Debug_STM32F4\librodos.a(hal_uart.o)
 .text.NVIC_ClearPendingIRQ
                0x0800814c       0x34 C:\Users\pinker\Desktop\Floatsat\Eclipse Luna SR1 121\Workspace\rodos\Debug_STM32F4\librodos.a(hal_uart.o)
 .text._ZN5RODOS14ReceiveTriggerC2Ev
                0x08008180       0x30 C:\Users\pinker\Desktop\Floatsat\Eclipse Luna SR1 121\Workspace\rodos\Debug_STM32F4\librodos.a(hal_uart.o)
                0x08008180                RODOS::ReceiveTrigger::ReceiveTrigger()
                0x08008180                RODOS::ReceiveTrigger::ReceiveTrigger()
 .text._ZN5RODOS11HW_HAL_UARTC2Ev
                0x080081b0       0x28 C:\Users\pinker\Desktop\Floatsat\Eclipse Luna SR1 121\Workspace\rodos\Debug_STM32F4\librodos.a(hal_uart.o)
                0x080081b0                RODOS::HW_HAL_UART::HW_HAL_UART()
                0x080081b0                RODOS::HW_HAL_UART::HW_HAL_UART()
 .text._ZN5RODOS14ReceiveTrigger3runEv
                0x080081d8       0xc0 C:\Users\pinker\Desktop\Floatsat\Eclipse Luna SR1 121\Workspace\rodos\Debug_STM32F4\librodos.a(hal_uart.o)
                0x080081d8                RODOS::ReceiveTrigger::run()
 .text._ZN5RODOS8HAL_UARTC2ENS_8UART_IDXENS_8GPIO_PINES2_S2_S2_
                0x08008298       0x80 C:\Users\pinker\Desktop\Floatsat\Eclipse Luna SR1 121\Workspace\rodos\Debug_STM32F4\librodos.a(hal_uart.o)
                0x08008298                RODOS::HAL_UART::HAL_UART(RODOS::UART_IDX, RODOS::GPIO_PIN, RODOS::GPIO_PIN, RODOS::GPIO_PIN, RODOS::GPIO_PIN)
                0x08008298                RODOS::HAL_UART::HAL_UART(RODOS::UART_IDX, RODOS::GPIO_PIN, RODOS::GPIO_PIN, RODOS::GPIO_PIN, RODOS::GPIO_PIN)
 .text._ZN5RODOS8HAL_UARTC2ENS_8UART_IDXE
                0x08008318      0x19c C:\Users\pinker\Desktop\Floatsat\Eclipse Luna SR1 121\Workspace\rodos\Debug_STM32F4\librodos.a(hal_uart.o)
                0x08008318                RODOS::HAL_UART::HAL_UART(RODOS::UART_IDX)
                0x08008318                RODOS::HAL_UART::HAL_UART(RODOS::UART_IDX)
 .text.USART1_IRQHandler
                0x080084b4       0x18 C:\Users\pinker\Desktop\Floatsat\Eclipse Luna SR1 121\Workspace\rodos\Debug_STM32F4\librodos.a(hal_uart.o)
                0x080084b4                USART1_IRQHandler
 .text.USART2_IRQHandler
                0x080084cc       0x18 C:\Users\pinker\Desktop\Floatsat\Eclipse Luna SR1 121\Workspace\rodos\Debug_STM32F4\librodos.a(hal_uart.o)
                0x080084cc                USART2_IRQHandler
 .text.USART3_IRQHandler
                0x080084e4       0x18 C:\Users\pinker\Desktop\Floatsat\Eclipse Luna SR1 121\Workspace\rodos\Debug_STM32F4\librodos.a(hal_uart.o)
                0x080084e4                USART3_IRQHandler
 .text.UART4_IRQHandler
                0x080084fc       0x18 C:\Users\pinker\Desktop\Floatsat\Eclipse Luna SR1 121\Workspace\rodos\Debug_STM32F4\librodos.a(hal_uart.o)
                0x080084fc                UART4_IRQHandler
 .text.UART5_IRQHandler
                0x08008514       0x18 C:\Users\pinker\Desktop\Floatsat\Eclipse Luna SR1 121\Workspace\rodos\Debug_STM32F4\librodos.a(hal_uart.o)
                0x08008514                UART5_IRQHandler
 .text.USART6_IRQHandler
                0x0800852c       0x18 C:\Users\pinker\Desktop\Floatsat\Eclipse Luna SR1 121\Workspace\rodos\Debug_STM32F4\librodos.a(hal_uart.o)
                0x0800852c                USART6_IRQHandler
 .text.DMA2_Stream7_IRQHandler
                0x08008544       0x48 C:\Users\pinker\Desktop\Floatsat\Eclipse Luna SR1 121\Workspace\rodos\Debug_STM32F4\librodos.a(hal_uart.o)
                0x08008544                DMA2_Stream7_IRQHandler
 .text.DMA1_Stream6_IRQHandler
                0x0800858c       0x48 C:\Users\pinker\Desktop\Floatsat\Eclipse Luna SR1 121\Workspace\rodos\Debug_STM32F4\librodos.a(hal_uart.o)
                0x0800858c                DMA1_Stream6_IRQHandler
 .text.DMA1_Stream3_IRQHandler
                0x080085d4       0x48 C:\Users\pinker\Desktop\Floatsat\Eclipse Luna SR1 121\Workspace\rodos\Debug_STM32F4\librodos.a(hal_uart.o)
                0x080085d4                DMA1_Stream3_IRQHandler
 .text.DMA2_Stream5_IRQHandler
                0x0800861c       0x48 C:\Users\pinker\Desktop\Floatsat\Eclipse Luna SR1 121\Workspace\rodos\Debug_STM32F4\librodos.a(hal_uart.o)
                0x0800861c                DMA2_Stream5_IRQHandler
 .text.DMA1_Stream5_IRQHandler
                0x08008664       0x48 C:\Users\pinker\Desktop\Floatsat\Eclipse Luna SR1 121\Workspace\rodos\Debug_STM32F4\librodos.a(hal_uart.o)
                0x08008664                DMA1_Stream5_IRQHandler
 .text.DMA1_Stream1_IRQHandler
                0x080086ac       0x48 C:\Users\pinker\Desktop\Floatsat\Eclipse Luna SR1 121\Workspace\rodos\Debug_STM32F4\librodos.a(hal_uart.o)
                0x080086ac                DMA1_Stream1_IRQHandler
 .text._ZN5RODOS8HAL_UART4initEj
                0x080086f4       0x3c C:\Users\pinker\Desktop\Floatsat\Eclipse Luna SR1 121\Workspace\rodos\Debug_STM32F4\librodos.a(hal_uart.o)
                0x080086f4                RODOS::HAL_UART::init(unsigned int)
 .text._ZN5RODOS8HAL_UART6configENS_19UART_PARAMETER_TYPEEi
                0x08008730      0x1d0 C:\Users\pinker\Desktop\Floatsat\Eclipse Luna SR1 121\Workspace\rodos\Debug_STM32F4\librodos.a(hal_uart.o)
                0x08008730                RODOS::HAL_UART::config(RODOS::UART_PARAMETER_TYPE, int)
 .text._ZN5RODOS8HAL_UART5resetEv
                0x08008900       0xc8 C:\Users\pinker\Desktop\Floatsat\Eclipse Luna SR1 121\Workspace\rodos\Debug_STM32F4\librodos.a(hal_uart.o)
                0x08008900                RODOS::HAL_UART::reset()
 .text._ZN5RODOS8HAL_UART4readEPci
                0x080089c8       0xdc C:\Users\pinker\Desktop\Floatsat\Eclipse Luna SR1 121\Workspace\rodos\Debug_STM32F4\librodos.a(hal_uart.o)
                0x080089c8                RODOS::HAL_UART::read(char*, int)
 .text._ZN5RODOS8HAL_UART5writeEPKci
                0x08008aa4       0xf0 C:\Users\pinker\Desktop\Floatsat\Eclipse Luna SR1 121\Workspace\rodos\Debug_STM32F4\librodos.a(hal_uart.o)
                0x08008aa4                RODOS::HAL_UART::write(char const*, int)
 .text._ZN5RODOS8HAL_UART13getcharNoWaitEv
                0x08008b94       0x88 C:\Users\pinker\Desktop\Floatsat\Eclipse Luna SR1 121\Workspace\rodos\Debug_STM32F4\librodos.a(hal_uart.o)
                0x08008b94                RODOS::HAL_UART::getcharNoWait()
 .text._ZN5RODOS8HAL_UART13putcharNoWaitEc
                0x08008c1c       0xa8 C:\Users\pinker\Desktop\Floatsat\Eclipse Luna SR1 121\Workspace\rodos\Debug_STM32F4\librodos.a(hal_uart.o)
                0x08008c1c                RODOS::HAL_UART::putcharNoWait(char)
 .text._ZN5RODOS8HAL_UART6statusENS_16UART_STATUS_TYPEE
                0x08008cc4       0x64 C:\Users\pinker\Desktop\Floatsat\Eclipse Luna SR1 121\Workspace\rodos\Debug_STM32F4\librodos.a(hal_uart.o)
                0x08008cc4                RODOS::HAL_UART::status(RODOS::UART_STATUS_TYPE)
 .text._ZN5RODOS8HAL_UART15isWriteFinishedEv
                0x08008d28       0x58 C:\Users\pinker\Desktop\Floatsat\Eclipse Luna SR1 121\Workspace\rodos\Debug_STM32F4\librodos.a(hal_uart.o)
                0x08008d28                RODOS::HAL_UART::isWriteFinished()
 .text._ZN5RODOS8HAL_UART11isDataReadyEv
                0x08008d80       0x3c C:\Users\pinker\Desktop\Floatsat\Eclipse Luna SR1 121\Workspace\rodos\Debug_STM32F4\librodos.a(hal_uart.o)
                0x08008d80                RODOS::HAL_UART::isDataReady()
 .text._ZN5RODOS11HW_HAL_UART11initMembersEPNS_8HAL_UARTENS_8UART_IDXENS_8GPIO_PINES4_S4_S4_
                0x08008dbc       0x6c C:\Users\pinker\Desktop\Floatsat\Eclipse Luna SR1 121\Workspace\rodos\Debug_STM32F4\librodos.a(hal_uart.o)
                0x08008dbc                RODOS::HW_HAL_UART::initMembers(RODOS::HAL_UART*, RODOS::UART_IDX, RODOS::GPIO_PIN, RODOS::GPIO_PIN, RODOS::GPIO_PIN, RODOS::GPIO_PIN)
 .text._ZN5RODOS11HW_HAL_UART12DMAConfigureEv
                0x08008e28      0x18c C:\Users\pinker\Desktop\Floatsat\Eclipse Luna SR1 121\Workspace\rodos\Debug_STM32F4\librodos.a(hal_uart.o)
                0x08008e28                RODOS::HW_HAL_UART::DMAConfigure()
 .text._ZN5RODOS11HW_HAL_UART16DMAStartTransferEPvi
                0x08008fb4       0x54 C:\Users\pinker\Desktop\Floatsat\Eclipse Luna SR1 121\Workspace\rodos\Debug_STM32F4\librodos.a(hal_uart.o)
                0x08008fb4                RODOS::HW_HAL_UART::DMAStartTransfer(void*, int)
 .text._ZN5RODOS11HW_HAL_UART15DMAStartReceiveEPvi
                0x08009008       0x6c C:\Users\pinker\Desktop\Floatsat\Eclipse Luna SR1 121\Workspace\rodos\Debug_STM32F4\librodos.a(hal_uart.o)
                0x08009008                RODOS::HW_HAL_UART::DMAStartReceive(void*, int)
 .text._ZN5RODOS11HW_HAL_UART26DMATransmitFinishedHandlerEv
                0x08009074       0x88 C:\Users\pinker\Desktop\Floatsat\Eclipse Luna SR1 121\Workspace\rodos\Debug_STM32F4\librodos.a(hal_uart.o)
                0x08009074                RODOS::HW_HAL_UART::DMATransmitFinishedHandler()
 .text._ZN5RODOS11HW_HAL_UART25DMAReceiveFinishedHandlerEv
                0x080090fc       0x6c C:\Users\pinker\Desktop\Floatsat\Eclipse Luna SR1 121\Workspace\rodos\Debug_STM32F4\librodos.a(hal_uart.o)
                0x080090fc                RODOS::HW_HAL_UART::DMAReceiveFinishedHandler()
 .text._ZN5RODOS11HW_HAL_UART16SendTxBufWithDMAEv
                0x08009168       0x44 C:\Users\pinker\Desktop\Floatsat\Eclipse Luna SR1 121\Workspace\rodos\Debug_STM32F4\librodos.a(hal_uart.o)
                0x08009168                RODOS::HW_HAL_UART::SendTxBufWithDMA()
 .text._ZN5RODOS11HW_HAL_UART22RceiveIntoRxBufWithDMAEv
                0x080091ac       0x68 C:\Users\pinker\Desktop\Floatsat\Eclipse Luna SR1 121\Workspace\rodos\Debug_STM32F4\librodos.a(hal_uart.o)
                0x080091ac                RODOS::HW_HAL_UART::RceiveIntoRxBufWithDMA()
 .text._ZN5RODOS14EnableDMAClockEv
                0x08009214       0x34 C:\Users\pinker\Desktop\Floatsat\Eclipse Luna SR1 121\Workspace\rodos\Debug_STM32F4\librodos.a(hal_uart.o)
                0x08009214                RODOS::EnableDMAClock()
 .text._ZN5RODOS11HW_HAL_UART14UARTIRQHandlerEv
                0x08009248      0x194 C:\Users\pinker\Desktop\Floatsat\Eclipse Luna SR1 121\Workspace\rodos\Debug_STM32F4\librodos.a(hal_uart.o)
                0x08009248                RODOS::HW_HAL_UART::UARTIRQHandler()
 .text._ZN5RODOS11HW_HAL_UART23getRCC_APBxPeriph_UARTxEv
                0x080093dc       0x74 C:\Users\pinker\Desktop\Floatsat\Eclipse Luna SR1 121\Workspace\rodos\Debug_STM32F4\librodos.a(hal_uart.o)
                0x080093dc                RODOS::HW_HAL_UART::getRCC_APBxPeriph_UARTx()
 .text._ZN5RODOS11HW_HAL_UART16getGPIO_AF_UARTxEv
                0x08009450       0x68 C:\Users\pinker\Desktop\Floatsat\Eclipse Luna SR1 121\Workspace\rodos\Debug_STM32F4\librodos.a(hal_uart.o)
                0x08009450                RODOS::HW_HAL_UART::getGPIO_AF_UARTx()
 .text._ZN5RODOS11HW_HAL_UART13getUARTx_IRQnEv
                0x080094b8       0x58 C:\Users\pinker\Desktop\Floatsat\Eclipse Luna SR1 121\Workspace\rodos\Debug_STM32F4\librodos.a(hal_uart.o)
                0x080094b8                RODOS::HW_HAL_UART::getUARTx_IRQn()
 .text._ZN5RODOS11HW_HAL_UART8getUARTxEv
                0x08009510       0x88 C:\Users\pinker\Desktop\Floatsat\Eclipse Luna SR1 121\Workspace\rodos\Debug_STM32F4\librodos.a(hal_uart.o)
                0x08009510                RODOS::HW_HAL_UART::getUARTx()
 .text._ZN5RODOS11HW_HAL_UART4initEj
                0x08009598       0xf0 C:\Users\pinker\Desktop\Floatsat\Eclipse Luna SR1 121\Workspace\rodos\Debug_STM32F4\librodos.a(hal_uart.o)
                0x08009598                RODOS::HW_HAL_UART::init(unsigned int)
 .text._ZN5RODOS4FifoIhLi256EED2Ev
                0x08009688       0x30 C:\Users\pinker\Desktop\Floatsat\Eclipse Luna SR1 121\Workspace\rodos\Debug_STM32F4\librodos.a(hal_uart.o)
                0x08009688                RODOS::Fifo<unsigned char, 256>::~Fifo()
                0x08009688                RODOS::Fifo<unsigned char, 256>::~Fifo()
 .text._ZN5RODOS4FifoIhLi256EED0Ev
                0x080096b8       0x20 C:\Users\pinker\Desktop\Floatsat\Eclipse Luna SR1 121\Workspace\rodos\Debug_STM32F4\librodos.a(hal_uart.o)
                0x080096b8                RODOS::Fifo<unsigned char, 256>::~Fifo()
 .text._ZN5RODOS9BlockFifoIhLi256EEC2Ev
                0x080096d8       0x24 C:\Users\pinker\Desktop\Floatsat\Eclipse Luna SR1 121\Workspace\rodos\Debug_STM32F4\librodos.a(hal_uart.o)
                0x080096d8                RODOS::BlockFifo<unsigned char, 256>::BlockFifo()
                0x080096d8                RODOS::BlockFifo<unsigned char, 256>::BlockFifo()
 .text._ZN5RODOS9BlockFifoIhLi256EE15getBufferToReadERi
                0x080096fc       0x60 C:\Users\pinker\Desktop\Floatsat\Eclipse Luna SR1 121\Workspace\rodos\Debug_STM32F4\librodos.a(hal_uart.o)
                0x080096fc                RODOS::BlockFifo<unsigned char, 256>::getBufferToRead(int&)
 .text._ZN5RODOS9BlockFifoIhLi256EE13readConcludedEi
                0x0800975c       0x28 C:\Users\pinker\Desktop\Floatsat\Eclipse Luna SR1 121\Workspace\rodos\Debug_STM32F4\librodos.a(hal_uart.o)
                0x0800975c                RODOS::BlockFifo<unsigned char, 256>::readConcluded(int)
 .text._ZN5RODOS9BlockFifoIhLi256EE16getBufferToWriteERi
                0x08009784       0x80 C:\Users\pinker\Desktop\Floatsat\Eclipse Luna SR1 121\Workspace\rodos\Debug_STM32F4\librodos.a(hal_uart.o)
                0x08009784                RODOS::BlockFifo<unsigned char, 256>::getBufferToWrite(int&)
 .text._ZN5RODOS9BlockFifoIhLi256EE14writeConcludedEi
                0x08009804       0x28 C:\Users\pinker\Desktop\Floatsat\Eclipse Luna SR1 121\Workspace\rodos\Debug_STM32F4\librodos.a(hal_uart.o)
                0x08009804                RODOS::BlockFifo<unsigned char, 256>::writeConcluded(int)
 .text._ZN5RODOS4FifoIhLi256EE3getERh
                0x0800982c       0x58 C:\Users\pinker\Desktop\Floatsat\Eclipse Luna SR1 121\Workspace\rodos\Debug_STM32F4\librodos.a(hal_uart.o)
                0x0800982c                RODOS::Fifo<unsigned char, 256>::get(unsigned char&)
 .text._ZN5RODOS4FifoIhLi256EE3putERKh
                0x08009884       0x58 C:\Users\pinker\Desktop\Floatsat\Eclipse Luna SR1 121\Workspace\rodos\Debug_STM32F4\librodos.a(hal_uart.o)
                0x08009884                RODOS::Fifo<unsigned char, 256>::put(unsigned char const&)
 .text._ZN5RODOS4FifoIhLi256EE15getElementCountEv
                0x080098dc       0x40 C:\Users\pinker\Desktop\Floatsat\Eclipse Luna SR1 121\Workspace\rodos\Debug_STM32F4\librodos.a(hal_uart.o)
                0x080098dc                RODOS::Fifo<unsigned char, 256>::getElementCount()
 .text._ZN5RODOS4FifoIhLi256EE7isEmptyEv
                0x0800991c       0x2c C:\Users\pinker\Desktop\Floatsat\Eclipse Luna SR1 121\Workspace\rodos\Debug_STM32F4\librodos.a(hal_uart.o)
                0x0800991c                RODOS::Fifo<unsigned char, 256>::isEmpty()
 .text._ZN5RODOS4FifoIhLi256EEC2Ev
                0x08009948       0x34 C:\Users\pinker\Desktop\Floatsat\Eclipse Luna SR1 121\Workspace\rodos\Debug_STM32F4\librodos.a(hal_uart.o)
                0x08009948                RODOS::Fifo<unsigned char, 256>::Fifo()
                0x08009948                RODOS::Fifo<unsigned char, 256>::Fifo()
 .text._ZN5RODOS9BlockFifoIhLi256EE14advanceIndexExEii
                0x0800997c       0x34 C:\Users\pinker\Desktop\Floatsat\Eclipse Luna SR1 121\Workspace\rodos\Debug_STM32F4\librodos.a(hal_uart.o)
                0x0800997c                RODOS::BlockFifo<unsigned char, 256>::advanceIndexEx(int, int)
 .text._ZN5RODOS4FifoIhLi256EE12advanceIndexEi
                0x080099b0       0x24 C:\Users\pinker\Desktop\Floatsat\Eclipse Luna SR1 121\Workspace\rodos\Debug_STM32F4\librodos.a(hal_uart.o)
                0x080099b0                RODOS::Fifo<unsigned char, 256>::advanceIndex(int)
 .text._ZN5RODOS9BlockFifoIhLi256EED2Ev
                0x080099d4       0x30 C:\Users\pinker\Desktop\Floatsat\Eclipse Luna SR1 121\Workspace\rodos\Debug_STM32F4\librodos.a(hal_uart.o)
                0x080099d4                RODOS::BlockFifo<unsigned char, 256>::~BlockFifo()
                0x080099d4                RODOS::BlockFifo<unsigned char, 256>::~BlockFifo()
 .text._ZN5RODOS9BlockFifoIhLi256EED0Ev
                0x08009a04       0x20 C:\Users\pinker\Desktop\Floatsat\Eclipse Luna SR1 121\Workspace\rodos\Debug_STM32F4\librodos.a(hal_uart.o)
                0x08009a04                RODOS::BlockFifo<unsigned char, 256>::~BlockFifo()
 .text._ZN5RODOS14ReceiveTriggerD2Ev
                0x08009a24       0x30 C:\Users\pinker\Desktop\Floatsat\Eclipse Luna SR1 121\Workspace\rodos\Debug_STM32F4\librodos.a(hal_uart.o)
                0x08009a24                RODOS::ReceiveTrigger::~ReceiveTrigger()
                0x08009a24                RODOS::ReceiveTrigger::~ReceiveTrigger()
 .text._ZN5RODOS14ReceiveTriggerD0Ev
                0x08009a54       0x20 C:\Users\pinker\Desktop\Floatsat\Eclipse Luna SR1 121\Workspace\rodos\Debug_STM32F4\librodos.a(hal_uart.o)
                0x08009a54                RODOS::ReceiveTrigger::~ReceiveTrigger()
 .text._ZN5RODOS11HW_HAL_UARTD2Ev
                0x08009a74       0x28 C:\Users\pinker\Desktop\Floatsat\Eclipse Luna SR1 121\Workspace\rodos\Debug_STM32F4\librodos.a(hal_uart.o)
                0x08009a74                RODOS::HW_HAL_UART::~HW_HAL_UART()
                0x08009a74                RODOS::HW_HAL_UART::~HW_HAL_UART()
 .text.__tcf_0  0x08009a9c       0x2c C:\Users\pinker\Desktop\Floatsat\Eclipse Luna SR1 121\Workspace\rodos\Debug_STM32F4\librodos.a(hal_uart.o)
 .text._Z41__static_initialization_and_destruction_0ii
                0x08009ac8       0x68 C:\Users\pinker\Desktop\Floatsat\Eclipse Luna SR1 121\Workspace\rodos\Debug_STM32F4\librodos.a(hal_uart.o)
 .text._ZN5RODOS4FifoIhLi256EE10putGenericEljPKvRKNS_10NetMsgInfoE
                0x08009b30       0x34 C:\Users\pinker\Desktop\Floatsat\Eclipse Luna SR1 121\Workspace\rodos\Debug_STM32F4\librodos.a(hal_uart.o)
                0x08009b30                RODOS::Fifo<unsigned char, 256>::putGeneric(long, unsigned int, void const*, RODOS::NetMsgInfo const&)
 .text._GLOBAL__sub_I__ZN5RODOS17UART_contextArrayE
                0x08009b64       0x10 C:\Users\pinker\Desktop\Floatsat\Eclipse Luna SR1 121\Workspace\rodos\Debug_STM32F4\librodos.a(hal_uart.o)
 .text.DMA_Init
                0x08009b74       0xac C:\Users\pinker\Desktop\Floatsat\Eclipse Luna SR1 121\Workspace\rodos\Debug_STM32F4\librodos.a(stm32f4xx_dma.o)
                0x08009b74                DMA_Init
 .text.DMA_StructInit
                0x08009c20       0x6c C:\Users\pinker\Desktop\Floatsat\Eclipse Luna SR1 121\Workspace\rodos\Debug_STM32F4\librodos.a(stm32f4xx_dma.o)
                0x08009c20                DMA_StructInit
 .text.DMA_Cmd  0x08009c8c       0x38 C:\Users\pinker\Desktop\Floatsat\Eclipse Luna SR1 121\Workspace\rodos\Debug_STM32F4\librodos.a(stm32f4xx_dma.o)
                0x08009c8c                DMA_Cmd
 .text.DMA_GetCurrDataCounter
                0x08009cc4       0x1c C:\Users\pinker\Desktop\Floatsat\Eclipse Luna SR1 121\Workspace\rodos\Debug_STM32F4\librodos.a(stm32f4xx_dma.o)
                0x08009cc4                DMA_GetCurrDataCounter
 .text.DMA_GetCmdStatus
                0x08009ce0       0x30 C:\Users\pinker\Desktop\Floatsat\Eclipse Luna SR1 121\Workspace\rodos\Debug_STM32F4\librodos.a(stm32f4xx_dma.o)
                0x08009ce0                DMA_GetCmdStatus
 .text.DMA_ITConfig
                0x08009d10       0x74 C:\Users\pinker\Desktop\Floatsat\Eclipse Luna SR1 121\Workspace\rodos\Debug_STM32F4\librodos.a(stm32f4xx_dma.o)
                0x08009d10                DMA_ITConfig
 .text.DMA_GetITStatus
                0x08009d84       0xb0 C:\Users\pinker\Desktop\Floatsat\Eclipse Luna SR1 121\Workspace\rodos\Debug_STM32F4\librodos.a(stm32f4xx_dma.o)
                0x08009d84                DMA_GetITStatus
 .text.DMA_ClearITPendingBit
                0x08009e34       0x5c C:\Users\pinker\Desktop\Floatsat\Eclipse Luna SR1 121\Workspace\rodos\Debug_STM32F4\librodos.a(stm32f4xx_dma.o)
                0x08009e34                DMA_ClearITPendingBit
 .text.GPIO_Init
                0x08009e90      0x11c C:\Users\pinker\Desktop\Floatsat\Eclipse Luna SR1 121\Workspace\rodos\Debug_STM32F4\librodos.a(stm32f4xx_gpio.o)
                0x08009e90                GPIO_Init
 .text.GPIO_StructInit
                0x08009fac       0x34 C:\Users\pinker\Desktop\Floatsat\Eclipse Luna SR1 121\Workspace\rodos\Debug_STM32F4\librodos.a(stm32f4xx_gpio.o)
                0x08009fac                GPIO_StructInit
 .text.GPIO_ReadInputData
                0x08009fe0       0x1c C:\Users\pinker\Desktop\Floatsat\Eclipse Luna SR1 121\Workspace\rodos\Debug_STM32F4\librodos.a(stm32f4xx_gpio.o)
                0x08009fe0                GPIO_ReadInputData
 .text.GPIO_ReadOutputData
                0x08009ffc       0x1c C:\Users\pinker\Desktop\Floatsat\Eclipse Luna SR1 121\Workspace\rodos\Debug_STM32F4\librodos.a(stm32f4xx_gpio.o)
                0x08009ffc                GPIO_ReadOutputData
 .text.GPIO_SetBits
                0x0800a018       0x1c C:\Users\pinker\Desktop\Floatsat\Eclipse Luna SR1 121\Workspace\rodos\Debug_STM32F4\librodos.a(stm32f4xx_gpio.o)
                0x0800a018                GPIO_SetBits
 .text.GPIO_ResetBits
                0x0800a034       0x1c C:\Users\pinker\Desktop\Floatsat\Eclipse Luna SR1 121\Workspace\rodos\Debug_STM32F4\librodos.a(stm32f4xx_gpio.o)
                0x0800a034                GPIO_ResetBits
 .text.GPIO_Write
                0x0800a050       0x1c C:\Users\pinker\Desktop\Floatsat\Eclipse Luna SR1 121\Workspace\rodos\Debug_STM32F4\librodos.a(stm32f4xx_gpio.o)
                0x0800a050                GPIO_Write
 .text.GPIO_PinAFConfig
                0x0800a06c       0x8c C:\Users\pinker\Desktop\Floatsat\Eclipse Luna SR1 121\Workspace\rodos\Debug_STM32F4\librodos.a(stm32f4xx_gpio.o)
                0x0800a06c                GPIO_PinAFConfig
 .text.I2C_DeInit
                0x0800a0f8       0x74 C:\Users\pinker\Desktop\Floatsat\Eclipse Luna SR1 121\Workspace\rodos\Debug_STM32F4\librodos.a(stm32f4xx_i2c.o)
                0x0800a0f8                I2C_DeInit
 .text.I2C_Init
                0x0800a16c      0x184 C:\Users\pinker\Desktop\Floatsat\Eclipse Luna SR1 121\Workspace\rodos\Debug_STM32F4\librodos.a(stm32f4xx_i2c.o)
                0x0800a16c                I2C_Init
 .text.I2C_Cmd  0x0800a2f0       0x40 C:\Users\pinker\Desktop\Floatsat\Eclipse Luna SR1 121\Workspace\rodos\Debug_STM32F4\librodos.a(stm32f4xx_i2c.o)
                0x0800a2f0                I2C_Cmd
 .text.I2C_GenerateSTART
                0x0800a330       0x40 C:\Users\pinker\Desktop\Floatsat\Eclipse Luna SR1 121\Workspace\rodos\Debug_STM32F4\librodos.a(stm32f4xx_i2c.o)
                0x0800a330                I2C_GenerateSTART
 .text.I2C_GenerateSTOP
                0x0800a370       0x40 C:\Users\pinker\Desktop\Floatsat\Eclipse Luna SR1 121\Workspace\rodos\Debug_STM32F4\librodos.a(stm32f4xx_i2c.o)
                0x0800a370                I2C_GenerateSTOP
 .text.I2C_Send7bitAddress
                0x0800a3b0       0x3c C:\Users\pinker\Desktop\Floatsat\Eclipse Luna SR1 121\Workspace\rodos\Debug_STM32F4\librodos.a(stm32f4xx_i2c.o)
                0x0800a3b0                I2C_Send7bitAddress
 .text.I2C_AcknowledgeConfig
                0x0800a3ec       0x40 C:\Users\pinker\Desktop\Floatsat\Eclipse Luna SR1 121\Workspace\rodos\Debug_STM32F4\librodos.a(stm32f4xx_i2c.o)
                0x0800a3ec                I2C_AcknowledgeConfig
 .text.I2C_SendData
                0x0800a42c       0x20 C:\Users\pinker\Desktop\Floatsat\Eclipse Luna SR1 121\Workspace\rodos\Debug_STM32F4\librodos.a(stm32f4xx_i2c.o)
                0x0800a42c                I2C_SendData
 .text.I2C_ReceiveData
                0x0800a44c       0x1c C:\Users\pinker\Desktop\Floatsat\Eclipse Luna SR1 121\Workspace\rodos\Debug_STM32F4\librodos.a(stm32f4xx_i2c.o)
                0x0800a44c                I2C_ReceiveData
 .text.I2C_CheckEvent
                0x0800a468       0x60 C:\Users\pinker\Desktop\Floatsat\Eclipse Luna SR1 121\Workspace\rodos\Debug_STM32F4\librodos.a(stm32f4xx_i2c.o)
                0x0800a468                I2C_CheckEvent
 .text.I2C_GetFlagStatus
                0x0800a4c8       0x68 C:\Users\pinker\Desktop\Floatsat\Eclipse Luna SR1 121\Workspace\rodos\Debug_STM32F4\librodos.a(stm32f4xx_i2c.o)
                0x0800a4c8                I2C_GetFlagStatus
 .text.I2C_ClearFlag
                0x0800a530       0x2c C:\Users\pinker\Desktop\Floatsat\Eclipse Luna SR1 121\Workspace\rodos\Debug_STM32F4\librodos.a(stm32f4xx_i2c.o)
                0x0800a530                I2C_ClearFlag
 .text.RCC_LSICmd
                0x0800a55c       0x20 C:\Users\pinker\Desktop\Floatsat\Eclipse Luna SR1 121\Workspace\rodos\Debug_STM32F4\librodos.a(stm32f4xx_rcc.o)
                0x0800a55c                RCC_LSICmd
 .text.RCC_GetClocksFreq
                0x0800a57c      0x154 C:\Users\pinker\Desktop\Floatsat\Eclipse Luna SR1 121\Workspace\rodos\Debug_STM32F4\librodos.a(stm32f4xx_rcc.o)
                0x0800a57c                RCC_GetClocksFreq
 .text.RCC_AHB1PeriphClockCmd
                0x0800a6d0       0x3c C:\Users\pinker\Desktop\Floatsat\Eclipse Luna SR1 121\Workspace\rodos\Debug_STM32F4\librodos.a(stm32f4xx_rcc.o)
                0x0800a6d0                RCC_AHB1PeriphClockCmd
 .text.RCC_APB1PeriphClockCmd
                0x0800a70c       0x3c C:\Users\pinker\Desktop\Floatsat\Eclipse Luna SR1 121\Workspace\rodos\Debug_STM32F4\librodos.a(stm32f4xx_rcc.o)
                0x0800a70c                RCC_APB1PeriphClockCmd
 .text.RCC_APB2PeriphClockCmd
                0x0800a748       0x3c C:\Users\pinker\Desktop\Floatsat\Eclipse Luna SR1 121\Workspace\rodos\Debug_STM32F4\librodos.a(stm32f4xx_rcc.o)
                0x0800a748                RCC_APB2PeriphClockCmd
 .text.RCC_AHB1PeriphResetCmd
                0x0800a784       0x3c C:\Users\pinker\Desktop\Floatsat\Eclipse Luna SR1 121\Workspace\rodos\Debug_STM32F4\librodos.a(stm32f4xx_rcc.o)
                0x0800a784                RCC_AHB1PeriphResetCmd